Archive member included to satisfy reference by file (symbol)

.\CortexM3\ARM_GCC_541\Debug\Group2.a(CyDmac.o)
                              .\CortexM3\ARM_GCC_541\Debug\Cm3Start.o (CyDmacConfigure)
.\CortexM3\ARM_GCC_541\Debug\Group2.a(CyLib.o)
                              .\CortexM3\ARM_GCC_541\Debug\DVDAC.o (CyHalt)
.\CortexM3\ARM_GCC_541\Debug\Group2.a(cyPm.o)
                              .\CortexM3\ARM_GCC_541\Debug\Group2.a(CyLib.o) (CyPmReadStatus)
.\CortexM3\ARM_GCC_541\Debug\Group2.a(UART.o)
                              .\CortexM3\ARM_GCC_541\Debug\main.o (UART_Start)
.\CortexM3\ARM_GCC_541\Debug\Group2.a(UART_INT.o)
                              .\CortexM3\ARM_GCC_541\Debug\Group2.a(UART.o) (UART_TXISR)
.\CortexM3\ARM_GCC_541\Debug\Group2.a(UART_IntClock.o)
                              .\CortexM3\ARM_GCC_541\Debug\Group2.a(UART.o) (UART_IntClock_Start)
.\CortexM3\ARM_GCC_541\Debug\Group2.a(Opamp_Aux.o)
                              .\CortexM3\ARM_GCC_541\Debug\Helper_functions.o (Opamp_Aux_Start)
.\CortexM3\ARM_GCC_541\Debug\Group2.a(Opamp_Aux_PM.o)
                              .\CortexM3\ARM_GCC_541\Debug\Helper_functions.o (Opamp_Aux_Sleep)
.\CortexM3\ARM_GCC_541\Debug\Group2.a(IDAC_calibrate.o)
                              .\CortexM3\ARM_GCC_541\Debug\Calibration.o (IDAC_calibrate_Stop)
.\CortexM3\ARM_GCC_541\Debug\Group2.a(TIA.o)
                              .\CortexM3\ARM_GCC_541\Debug\Helper_functions.o (TIA_Start)
.\CortexM3\ARM_GCC_541\Debug\Group2.a(TIA_PM.o)
                              .\CortexM3\ARM_GCC_541\Debug\Calibration.o (TIA_Sleep)
.\CortexM3\ARM_GCC_541\Debug\Group2.a(VDAC_TIA.o)
                              .\CortexM3\ARM_GCC_541\Debug\Helper_functions.o (VDAC_TIA_Start)
.\CortexM3\ARM_GCC_541\Debug\Group2.a(VDAC_TIA_PM.o)
                              .\CortexM3\ARM_GCC_541\Debug\Calibration.o (VDAC_TIA_Sleep)
.\CortexM3\ARM_GCC_541\Debug\Group2.a(DVDAC_PM.o)
                              .\CortexM3\ARM_GCC_541\Debug\Helper_functions.o (DVDAC_Sleep)
.\CortexM3\ARM_GCC_541\Debug\Group2.a(ADC_SigDel.o)
                              .\CortexM3\ARM_GCC_541\Debug\Helper_functions.o (ADC_SigDel_Start)
.\CortexM3\ARM_GCC_541\Debug\Group2.a(ADC_SigDel_PM.o)
                              .\CortexM3\ARM_GCC_541\Debug\Calibration.o (ADC_SigDel_Sleep)
.\CortexM3\ARM_GCC_541\Debug\Group2.a(ADC_SigDel_INT.o)
                              .\CortexM3\ARM_GCC_541\Debug\Group2.a(ADC_SigDel.o) (ADC_SigDel_ISR1)
.\CortexM3\ARM_GCC_541\Debug\Group2.a(AMux_TIA_input.o)
                              .\CortexM3\ARM_GCC_541\Debug\Helper_functions.o (AMux_TIA_input_Start)
.\CortexM3\ARM_GCC_541\Debug\Group2.a(AMux_TIA_resistor_bypass.o)
                              .\CortexM3\ARM_GCC_541\Debug\Helper_functions.o (AMux_TIA_resistor_bypass_Start)
.\CortexM3\ARM_GCC_541\Debug\Group2.a(DVDAC_DMA_dma.o)
                              .\CortexM3\ARM_GCC_541\Debug\DVDAC.o (DVDAC_DMA_DmaInitialize)
.\CortexM3\ARM_GCC_541\Debug\Group2.a(DVDAC_VDAC8.o)
                              .\CortexM3\ARM_GCC_541\Debug\DVDAC.o (DVDAC_VDAC8_Enable)
.\CortexM3\ARM_GCC_541\Debug\Group2.a(DVDAC_VDAC8_PM.o)
                              .\CortexM3\ARM_GCC_541\Debug\Group2.a(DVDAC_PM.o) (DVDAC_VDAC8_SaveConfig)
.\CortexM3\ARM_GCC_541\Debug\Group2.a(DVDAC_IntClock.o)
                              .\CortexM3\ARM_GCC_541\Debug\DVDAC.o (DVDAC_IntClock_Start)
.\CortexM3\ARM_GCC_541\Debug\Group2.a(ADC_SigDel_Ext_CP_Clk.o)
                              .\CortexM3\ARM_GCC_541\Debug\Group2.a(ADC_SigDel.o) (ADC_SigDel_Ext_CP_Clk_SetModeRegister)
.\CortexM3\ARM_GCC_541\Debug\Group2.a(ADC_SigDel_theACLK.o)
                              .\CortexM3\ARM_GCC_541\Debug\Group2.a(ADC_SigDel.o) (ADC_SigDel_theACLK_SetModeRegister)
.\CortexM3\ARM_GCC_541\Debug\Group2.a(PWM_isr.o)
                              .\CortexM3\ARM_GCC_541\Debug\user_selections.o (PWM_isr_WritePeriod)
.\CortexM3\ARM_GCC_541\Debug\Group2.a(PWM_isr_PM.o)
                              .\CortexM3\ARM_GCC_541\Debug\Helper_functions.o (PWM_isr_Sleep)
.\CortexM3\ARM_GCC_541\Debug\Group2.a(isr_dac.o)
                              .\CortexM3\ARM_GCC_541\Debug\user_selections.o (isr_dac_Enable)
.\CortexM3\ARM_GCC_541\Debug\Group2.a(isr_adc.o)
                              .\CortexM3\ARM_GCC_541\Debug\user_selections.o (isr_adc_Enable)
.\CortexM3\ARM_GCC_541\Debug\Group2.a(isr_adcAmp.o)
                              .\CortexM3\ARM_GCC_541\Debug\user_selections.o (isr_adcAmp_Enable)
.\CortexM3\ARM_GCC_541\Debug\Group2.a(CyBootAsmGnu.o)
                              .\CortexM3\ARM_GCC_541\Debug\cyfitter_cfg.o (CyDelayCycles)
.\CortexM3\ARM_GCC_541\Debug\Group2.a(CyFlash.o)
                              .\CortexM3\ARM_GCC_541\Debug\Group2.a(cyPm.o) (CyFlash_SetWaitCycles)
.\CortexM3\ARM_GCC_541\Debug\Group2.a(CySpc.o)
                              .\CortexM3\ARM_GCC_541\Debug\Group2.a(CyFlash.o) (CySpcStart)
[...]
Memory Configuration

Name             Origin             Length             Attributes
rom              0x00000000         0x00040000         xr
ram              0x1fff8000         0x00010000         xrw
*default*        0x00000000         0xffffffff

Linker script and memory map

LOAD c:/program files (x86)/cypress/psoc creator/4.4/psoc creator/import/gnu/arm/5.4.1/bin/../lib/gcc/arm-none-eabi/5.4.1/armv7-m/crti.o
LOAD c:/program files (x86)/cypress/psoc creator/4.4/psoc creator/import/gnu/arm/5.4.1/bin/../lib/gcc/arm-none-eabi/5.4.1/armv7-m/crtbegin.o
LOAD c:/program files (x86)/cypress/psoc creator/4.4/psoc creator/import/gnu/arm/5.4.1/bin/../lib/gcc/arm-none-eabi/5.4.1/../../../../arm-none-eabi/lib/armv7-m/crt0.o
START GROUP
LOAD .\CortexM3\ARM_GCC_541\Debug\main.o
LOAD .\CortexM3\ARM_GCC_541\Debug\InterruptRoutines.o
LOAD .\CortexM3\ARM_GCC_541\Debug\Calibration.o
LOAD .\CortexM3\ARM_GCC_541\Debug\Helper_functions.o
LOAD .\CortexM3\ARM_GCC_541\Debug\DVDAC.o
LOAD .\CortexM3\ARM_GCC_541\Debug\user_selections.o
LOAD .\CortexM3\ARM_GCC_541\Debug\lut_functions.o
LOAD .\CortexM3\ARM_GCC_541\Debug\cyfitter_cfg.o
LOAD .\CortexM3\ARM_GCC_541\Debug\cymetadata.o
LOAD .\CortexM3\ARM_GCC_541\Debug\Cm3Start.o
LOAD .\CortexM3\ARM_GCC_541\Debug\Group2.a
LOAD C:\Program Files (x86)\Cypress\PSoC Creator\4.4\PSoC Creator\psoc\content\cycomponentlibrary\CyComponentLibrary.cylib\CortexM3\ARM_GCC_541\Debug\CyComponentLibrary.a
LOAD c:/program files (x86)/cypress/psoc creator/4.4/psoc creator/import/gnu/arm/5.4.1/bin/../lib/gcc/arm-none-eabi/5.4.1/../../../../arm-none-eabi/lib/armv7-m\libm.a
END GROUP
START GROUP
LOAD c:/program files (x86)/cypress/psoc creator/4.4/psoc creator/import/gnu/arm/5.4.1/bin/../lib/gcc/arm-none-eabi/5.4.1/armv7-m\libgcc.a
LOAD c:/program files (x86)/cypress/psoc creator/4.4/psoc creator/import/gnu/arm/5.4.1/bin/../lib/gcc/arm-none-eabi/5.4.1/../../../../arm-none-eabi/lib/armv7-m\libg_nano.a
LOAD c:/program files (x86)/cypress/psoc creator/4.4/psoc creator/import/gnu/arm/5.4.1/bin/../lib/gcc/arm-none-eabi/5.4.1/../../../../arm-none-eabi/lib/armv7-m\libc_nano.a
END GROUP
START GROUP
LOAD c:/program files (x86)/cypress/psoc creator/4.4/psoc creator/import/gnu/arm/5.4.1/bin/../lib/gcc/arm-none-eabi/5.4.1/armv7-m\libgcc.a
LOAD c:/program files (x86)/cypress/psoc creator/4.4/psoc creator/import/gnu/arm/5.4.1/bin/../lib/gcc/arm-none-eabi/5.4.1/../../../../arm-none-eabi/lib/armv7-m\libc_nano.a
END GROUP
LOAD c:/program files (x86)/cypress/psoc creator/4.4/psoc creator/import/gnu/arm/5.4.1/bin/../lib/gcc/arm-none-eabi/5.4.1/armv7-m/crtend.o
LOAD c:/program files (x86)/cypress/psoc creator/4.4/psoc creator/import/gnu/arm/5.4.1/bin/../lib/gcc/arm-none-eabi/5.4.1/armv7-m/crtn.o
START GROUP
LOAD c:/program files (x86)/cypress/psoc creator/4.4/psoc creator/import/gnu/arm/5.4.1/bin/../lib/gcc/arm-none-eabi/5.4.1/armv7-m\libgcc.a
LOAD c:/program files (x86)/cypress/psoc creator/4.4/psoc creator/import/gnu/arm/5.4.1/bin/../lib/gcc/arm-none-eabi/5.4.1/../../../../arm-none-eabi/lib/armv7-m\libc.a
LOAD c:/program files (x86)/cypress/psoc creator/4.4/psoc creator/import/gnu/arm/5.4.1/bin/../lib/gcc/arm-none-eabi/5.4.1/../../../../arm-none-eabi/lib/armv7-m\libnosys.a
END GROUP
                0x00000000                CY_APPL_ORIGIN = 0x0
                0x00000100                CY_FLASH_ROW_SIZE = 0x100
                0x00000020                CY_ECC_ROW_SIZE = 0x20
                0x00000000                CY_EE_IN_BTLDR = 0x0
                0x00000000                CY_APPL_LOADABLE = 0x0
                0x00000800                CY_EE_SIZE = 0x800
                0x00000001                CY_APPL_NUM = 0x1
                0x00000001                CY_APPL_MAX = 0x1
                0x00000040                CY_METADATA_SIZE = 0x40
                0x00000000                CY_APPL_LOADABLE = 0x0
                0x00000000                CY_CHECKSUM_EXCLUDE_SIZE = ALIGN (0x0, CY_FLASH_ROW_SIZE)
                [!provide]                PROVIDE (__cy_heap_start, _end)
                0x00000001                PROVIDE (__cy_region_num, ((__cy_regions_end - __cy_regions) / 0x10))
                0x20008000                PROVIDE (__cy_stack, (ORIGIN (ram) + LENGTH (ram)))
                [!provide]                PROVIDE (__cy_heap_end, (__cy_stack - 0x800))

.cybootloader   0x00000000        0x0
 *(.cybootloader)
                0x00000000                appl1_start = CY_APPL_ORIGIN?CY_APPL_ORIGIN:ALIGN (CY_FLASH_ROW_SIZE)
                0x0001ff00                appl2_start = (appl1_start + ALIGN ((((LENGTH (rom) - appl1_start) - (0x2 * CY_FLASH_ROW_SIZE)) / 0x2), CY_FLASH_ROW_SIZE))
                0x00000000                appl_start = (CY_APPL_NUM == 0x1)?appl1_start:appl2_start
                0x00000000                ecc_offset = ((appl_start / CY_FLASH_ROW_SIZE) * CY_ECC_ROW_SIZE)
                0x00000000                ee_offset = (CY_APPL_LOADABLE && ! (CY_EE_IN_BTLDR))?((CY_EE_SIZE / CY_APPL_MAX) * (CY_APPL_NUM - 0x1)):0x0
                0x00000800                ee_size = (CY_APPL_LOADABLE && ! (CY_EE_IN_BTLDR))?(CY_EE_SIZE / CY_APPL_MAX):CY_EE_SIZE
                [!provide]                PROVIDE (CY_ECC_OFFSET, ecc_offset)

.text           0x00000000     0x30f2
 CREATE_OBJECT_SYMBOLS
                0x00000000                PROVIDE (__cy_interrupt_vector, RomVectors)
 *(.romvectors)
 .romvectors    0x00000000       0x10 .\CortexM3\ARM_GCC_541\Debug\Cm3Start.o
                0x00000000                RomVectors
                0x00000001                ASSERT ((. != __cy_interrupt_vector), No interrupt vector)
                0x00000001                ASSERT (CY_APPL_ORIGIN?(SIZEOF (.cybootloader) <= CY_APPL_ORIGIN):0x1, Wrong image location)
                0x00000010                PROVIDE (__cy_reset, Reset)
 *(.text.Reset)
 .text.Reset    0x00000010       0x18 .\CortexM3\ARM_GCC_541\Debug\Cm3Start.o
                0x00000010                Reset
                0x00000001                ASSERT ((. != __cy_reset), No reset code)
 *(.dma_init)
                0x00000001                ASSERT ((((appl_start + .) <= 0x10000) || 0x1), DMA Init must be within the first 64k of flash)
 *(.text .text.* .gnu.linkonce.t.*)
 .text          0x00000028       0x5c c:/program files (x86)/cypress/psoc creator/4.4/psoc creator/import/gnu/arm/5.4.1/bin/../lib/gcc/arm-none-eabi/5.4.1/armv7-m/crtbegin.o
 .text.main     0x00000084      0x12c .\CortexM3\ARM_GCC_541\Debug\main.o
                0x00000084                main
 .text.dacInterrupt
                0x000001b0       0x64 .\CortexM3\ARM_GCC_541\Debug\InterruptRoutines.o
                0x000001b0                dacInterrupt
 .text.adcInterrupt
                0x00000214       0x40 .\CortexM3\ARM_GCC_541\Debug\InterruptRoutines.o
                0x00000214                adcInterrupt
 .text.adcAmpInterrupt
                0x00000254       0x68 .\CortexM3\ARM_GCC_541\Debug\InterruptRoutines.o
                0x00000254                adcAmpInterrupt
 .text.Calibrate_Hardware_Wakeup
                0x000002bc       0x18 .\CortexM3\ARM_GCC_541\Debug\Calibration.o
 .text.calibrate_step
                0x000002d4       0x28 .\CortexM3\ARM_GCC_541\Debug\Calibration.o
 .text.Calibrate_Hardware_Sleep
                0x000002fc       0x1c .\CortexM3\ARM_GCC_541\Debug\Calibration.o
 .text.calibrate_TIA
                0x00000318       0xf4 .\CortexM3\ARM_GCC_541\Debug\Calibration.o
                0x00000318                calibrate_TIA
 .text.helper_HardwareStart
                0x0000040c       0x18 .\CortexM3\ARM_GCC_541\Debug\Helper_functions.o
                0x0000040c                helper_HardwareStart
 .text.helper_HardwareWakeup
                0x00000424       0x34 .\CortexM3\ARM_GCC_541\Debug\Helper_functions.o
                0x00000424                helper_HardwareWakeup
 .text.helper_HardwareSleep
                0x00000458       0x1c .\CortexM3\ARM_GCC_541\Debug\Helper_functions.o
                0x00000458                helper_HardwareSleep
 .text.helper_HardwareSetup
                0x00000474       0x24 .\CortexM3\ARM_GCC_541\Debug\Helper_functions.o
                0x00000474                helper_HardwareSetup
 .text.helper_search_max
                0x00000498       0x44 .\CortexM3\ARM_GCC_541\Debug\Helper_functions.o
                0x00000498                helper_search_max
 .text.DVDAC_InitDma
                0x000004dc       0x4c .\CortexM3\ARM_GCC_541\Debug\DVDAC.o
 .text.DVDAC_Init
                0x00000528       0x18 .\CortexM3\ARM_GCC_541\Debug\DVDAC.o
                0x00000528                DVDAC_Init
 .text.DVDAC_Enable
                0x00000540       0x1c .\CortexM3\ARM_GCC_541\Debug\DVDAC.o
                0x00000540                DVDAC_Enable
 .text.DVDAC_Start
                0x0000055c       0x1c .\CortexM3\ARM_GCC_541\Debug\DVDAC.o
                0x0000055c                DVDAC_Start
 .text.DVDAC_Stop
                0x00000578       0x18 .\CortexM3\ARM_GCC_541\Debug\DVDAC.o
                0x00000578                DVDAC_Stop
 .text.DVDAC_SetValue
                0x00000590       0x5c .\CortexM3\ARM_GCC_541\Debug\DVDAC.o
                0x00000590                DVDAC_SetValue
 .text.user_start_cv_run
                0x000005ec       0x50 .\CortexM3\ARM_GCC_541\Debug\user_selections.o
                0x000005ec                user_start_cv_run
 .text.user_set_isr_timer
                0x0000063c       0x40 .\CortexM3\ARM_GCC_541\Debug\user_selections.o
                0x0000063c                user_set_isr_timer
 .text.user_chrono_lut_maker
                0x0000067c       0x34 .\CortexM3\ARM_GCC_541\Debug\user_selections.o
                0x0000067c                user_chrono_lut_maker
 .text.user_lookup_table_maker
                0x000006b0       0x34 .\CortexM3\ARM_GCC_541\Debug\user_selections.o
                0x000006b0                user_lookup_table_maker
 .text.user_run_amperometry
                0x000006e4       0x38 .\CortexM3\ARM_GCC_541\Debug\user_selections.o
                0x000006e4                user_run_amperometry
 .text.LUT_make_line
                0x0000071c       0x38 .\CortexM3\ARM_GCC_541\Debug\lut_functions.o
                0x0000071c                LUT_make_line
 .text.LUT_MakeTriangle_Wave
                0x00000754       0x28 .\CortexM3\ARM_GCC_541\Debug\lut_functions.o
                0x00000754                LUT_MakeTriangle_Wave
 .text.LUT_MakePulse
                0x0000077c       0x28 .\CortexM3\ARM_GCC_541\Debug\lut_functions.o
                0x0000077c                LUT_MakePulse
 .text.CyClockStartupError
                0x000007a4        0x4 .\CortexM3\ARM_GCC_541\Debug\cyfitter_cfg.o
 .text.cfg_write_bytes32
                0x000007a8       0x34 .\CortexM3\ARM_GCC_541\Debug\cyfitter_cfg.o
 .text.AnalogSetDefault
                0x000007dc       0x70 .\CortexM3\ARM_GCC_541\Debug\cyfitter_cfg.o
 .text.CYMEMZERO
                0x0000084c        0xc .\CortexM3\ARM_GCC_541\Debug\cyfitter_cfg.o
 .text.CYCONFIGCPY
                0x00000858        0x8 .\CortexM3\ARM_GCC_541\Debug\cyfitter_cfg.o
 .text.ClockSetup
                0x00000860      0x114 .\CortexM3\ARM_GCC_541\Debug\cyfitter_cfg.o
 .text.AMux_TIA_input_Set
                0x00000974       0x34 .\CortexM3\ARM_GCC_541\Debug\cyfitter_cfg.o
                0x00000974                AMux_TIA_input_Set
 .text.AMux_TIA_input_Unset
                0x000009a8       0x38 .\CortexM3\ARM_GCC_541\Debug\cyfitter_cfg.o
                0x000009a8                AMux_TIA_input_Unset
 .text.AMux_TIA_resistor_bypass_Set
                0x000009e0       0x14 .\CortexM3\ARM_GCC_541\Debug\cyfitter_cfg.o
                0x000009e0                AMux_TIA_resistor_bypass_Set
 .text.AMux_TIA_resistor_bypass_Unset
                0x000009f4       0x14 .\CortexM3\ARM_GCC_541\Debug\cyfitter_cfg.o
                0x000009f4                AMux_TIA_resistor_bypass_Unset
 .text.cyfitter_cfg
                0x00000a08      0x128 .\CortexM3\ARM_GCC_541\Debug\cyfitter_cfg.o
                0x00000a08                cyfitter_cfg
 .text.IntDefaultHandler
                0x00000b30       0x10 .\CortexM3\ARM_GCC_541\Debug\Cm3Start.o
                0x00000b30                IntDefaultHandler
 .text.Start_c  0x00000b40       0x4c .\CortexM3\ARM_GCC_541\Debug\Cm3Start.o
                0x00000b40                Start_c
 .text.initialize_psoc
                0x00000b8c       0x6c .\CortexM3\ARM_GCC_541\Debug\Cm3Start.o
                0x00000b8c                initialize_psoc
 .text.CyDmacConfigure
                0x00000bf8       0x34 .\CortexM3\ARM_GCC_541\Debug\Group2.a(CyDmac.o)
                0x00000bf8                CyDmacConfigure
 .text.CyDmaChEnable
                0x00000c2c       0x38 .\CortexM3\ARM_GCC_541\Debug\Group2.a(CyDmac.o)
                0x00000c2c                CyDmaChEnable
 .text.CyDmaChDisable
                0x00000c64       0x24 .\CortexM3\ARM_GCC_541\Debug\Group2.a(CyDmac.o)
                0x00000c64                CyDmaChDisable
 .text.CyDmaChPriority
                0x00000c88       0x24 .\CortexM3\ARM_GCC_541\Debug\Group2.a(CyDmac.o)
                0x00000c88                CyDmaChPriority
 .text.CyDmaChSetExtendedAddress
                0x00000cac       0x34 .\CortexM3\ARM_GCC_541\Debug\Group2.a(CyDmac.o)
                0x00000cac                CyDmaChSetExtendedAddress
 .text.CyDmaChSetInitialTd
                0x00000ce0       0x18 .\CortexM3\ARM_GCC_541\Debug\Group2.a(CyDmac.o)
                0x00000ce0                CyDmaChSetInitialTd
 .text.CyDmaChSetConfiguration
                0x00000cf8       0x44 .\CortexM3\ARM_GCC_541\Debug\Group2.a(CyDmac.o)
                0x00000cf8                CyDmaChSetConfiguration
 .text.CyDmaTdAllocate
                0x00000d3c       0x34 .\CortexM3\ARM_GCC_541\Debug\Group2.a(CyDmac.o)
                0x00000d3c                CyDmaTdAllocate
 .text.CyDmaTdSetConfiguration
                0x00000d70       0x28 .\CortexM3\ARM_GCC_541\Debug\Group2.a(CyDmac.o)
                0x00000d70                CyDmaTdSetConfiguration
 .text.CyDmaTdSetAddress
                0x00000d98       0x1c .\CortexM3\ARM_GCC_541\Debug\Group2.a(CyDmac.o)
                0x00000d98                CyDmaTdSetAddress
 .text.CyHalt   0x00000db4        0x4 .\CortexM3\ARM_GCC_541\Debug\Group2.a(CyLib.o)
                0x00000db4                CyHalt
 .text.CyDelay  0x00000db8       0x2c .\CortexM3\ARM_GCC_541\Debug\Group2.a(CyLib.o)
                0x00000db8                CyDelay
 .text.CyDelayUs
                0x00000de4       0x14 .\CortexM3\ARM_GCC_541\Debug\Group2.a(CyLib.o)
                0x00000de4                CyDelayUs
 .text.CyWdtStart
                0x00000df8       0x40 .\CortexM3\ARM_GCC_541\Debug\Group2.a(CyLib.o)
                0x00000df8                CyWdtStart
 .text.CyWdtClear
                0x00000e38        0xc .\CortexM3\ARM_GCC_541\Debug\Group2.a(CyLib.o)
                0x00000e38                CyWdtClear
 .text.CyIntSetVector
                0x00000e44       0x28 .\CortexM3\ARM_GCC_541\Debug\Group2.a(CyLib.o)
                0x00000e44                CyIntSetVector
 .text.CyIntSetPriority
                0x00000e6c       0x30 .\CortexM3\ARM_GCC_541\Debug\Group2.a(CyLib.o)
                0x00000e6c                CyIntSetPriority
 .text.UART_Init
                0x00000e9c       0x40 .\CortexM3\ARM_GCC_541\Debug\Group2.a(UART.o)
                0x00000e9c                UART_Init
 .text.UART_Enable
                0x00000edc       0x48 .\CortexM3\ARM_GCC_541\Debug\Group2.a(UART.o)
                0x00000edc                UART_Enable
 .text.UART_Start
                0x00000f24       0x1c .\CortexM3\ARM_GCC_541\Debug\Group2.a(UART.o)
                0x00000f24                UART_Start
 .text.UART_GetChar
                0x00000f40       0x2c .\CortexM3\ARM_GCC_541\Debug\Group2.a(UART.o)
                0x00000f40                UART_GetChar
 .text.UART_GetRxBufferSize
                0x00000f6c       0x18 .\CortexM3\ARM_GCC_541\Debug\Group2.a(UART.o)
                0x00000f6c                UART_GetRxBufferSize
 .text.UART_PutChar
                0x00000f84       0x70 .\CortexM3\ARM_GCC_541\Debug\Group2.a(UART.o)
                0x00000f84                UART_PutChar
 .text.UART_PutString
                0x00000ff4       0x24 .\CortexM3\ARM_GCC_541\Debug\Group2.a(UART.o)
                0x00000ff4                UART_PutString
 .text.UART_TXISR
                0x00001018       0x58 .\CortexM3\ARM_GCC_541\Debug\Group2.a(UART_INT.o)
                0x00001018                UART_TXISR
 .text.UART_IntClock_Start
                0x00001070       0x1c .\CortexM3\ARM_GCC_541\Debug\Group2.a(UART_IntClock.o)
                0x00001070                UART_IntClock_Start
 .text.Opamp_Aux_Enable
                0x0000108c       0x28 .\CortexM3\ARM_GCC_541\Debug\Group2.a(Opamp_Aux.o)
                0x0000108c                Opamp_Aux_Enable
 .text.Opamp_Aux_Stop
                0x000010b4       0x34 .\CortexM3\ARM_GCC_541\Debug\Group2.a(Opamp_Aux.o)
                0x000010b4                Opamp_Aux_Stop
 .text.Opamp_Aux_SetPower
                0x000010e8       0x1c .\CortexM3\ARM_GCC_541\Debug\Group2.a(Opamp_Aux.o)
                0x000010e8                Opamp_Aux_SetPower
 .text.Opamp_Aux_Init
                0x00001104        0xc .\CortexM3\ARM_GCC_541\Debug\Group2.a(Opamp_Aux.o)
                0x00001104                Opamp_Aux_Init
 .text.Opamp_Aux_Start
                0x00001110       0x1c .\CortexM3\ARM_GCC_541\Debug\Group2.a(Opamp_Aux.o)
                0x00001110                Opamp_Aux_Start
 .text.Opamp_Aux_Sleep
                0x0000112c       0x28 .\CortexM3\ARM_GCC_541\Debug\Group2.a(Opamp_Aux_PM.o)
                0x0000112c                Opamp_Aux_Sleep
 .text.Opamp_Aux_Wakeup
                0x00001154       0x14 .\CortexM3\ARM_GCC_541\Debug\Group2.a(Opamp_Aux_PM.o)
                0x00001154                Opamp_Aux_Wakeup
 .text.IDAC_calibrate_Enable
                0x00001168       0x1c .\CortexM3\ARM_GCC_541\Debug\Group2.a(IDAC_calibrate.o)
                0x00001168                IDAC_calibrate_Enable
 .text.IDAC_calibrate_Stop
                0x00001184       0x1c .\CortexM3\ARM_GCC_541\Debug\Group2.a(IDAC_calibrate.o)
                0x00001184                IDAC_calibrate_Stop
 .text.IDAC_calibrate_SetSpeed
                0x000011a0       0x1c .\CortexM3\ARM_GCC_541\Debug\Group2.a(IDAC_calibrate.o)
                0x000011a0                IDAC_calibrate_SetSpeed
 .text.IDAC_calibrate_SetValue
                0x000011bc        0xc .\CortexM3\ARM_GCC_541\Debug\Group2.a(IDAC_calibrate.o)
                0x000011bc                IDAC_calibrate_SetValue
 .text.IDAC_calibrate_DacTrim
                0x000011c8       0x34 .\CortexM3\ARM_GCC_541\Debug\Group2.a(IDAC_calibrate.o)
                0x000011c8                IDAC_calibrate_DacTrim
 .text.IDAC_calibrate_Init
                0x000011fc       0x24 .\CortexM3\ARM_GCC_541\Debug\Group2.a(IDAC_calibrate.o)
                0x000011fc                IDAC_calibrate_Init
 .text.IDAC_calibrate_Start
                0x00001220       0x24 .\CortexM3\ARM_GCC_541\Debug\Group2.a(IDAC_calibrate.o)
                0x00001220                IDAC_calibrate_Start
 .text.IDAC_calibrate_SetPolarity
                0x00001244       0x20 .\CortexM3\ARM_GCC_541\Debug\Group2.a(IDAC_calibrate.o)
                0x00001244                IDAC_calibrate_SetPolarity
 .text.TIA_Enable
                0x00001264       0x28 .\CortexM3\ARM_GCC_541\Debug\Group2.a(TIA.o)
                0x00001264                TIA_Enable
 .text.TIA_Stop
                0x0000128c       0x1c .\CortexM3\ARM_GCC_541\Debug\Group2.a(TIA.o)
                0x0000128c                TIA_Stop
 .text.TIA_SetPower
                0x000012a8       0x18 .\CortexM3\ARM_GCC_541\Debug\Group2.a(TIA.o)
                0x000012a8                TIA_SetPower
 .text.TIA_SetResFB
                0x000012c0       0x20 .\CortexM3\ARM_GCC_541\Debug\Group2.a(TIA.o)
                0x000012c0                TIA_SetResFB
 .text.TIA_SetCapFB
                0x000012e0       0x20 .\CortexM3\ARM_GCC_541\Debug\Group2.a(TIA.o)
                0x000012e0                TIA_SetCapFB
 .text.TIA_Init
                0x00001300       0x2c .\CortexM3\ARM_GCC_541\Debug\Group2.a(TIA.o)
                0x00001300                TIA_Init
 .text.TIA_Start
                0x0000132c       0x1c .\CortexM3\ARM_GCC_541\Debug\Group2.a(TIA.o)
                0x0000132c                TIA_Start
 .text.TIA_Sleep
                0x00001348       0x28 .\CortexM3\ARM_GCC_541\Debug\Group2.a(TIA_PM.o)
                0x00001348                TIA_Sleep
 .text.TIA_Wakeup
                0x00001370       0x14 .\CortexM3\ARM_GCC_541\Debug\Group2.a(TIA_PM.o)
                0x00001370                TIA_Wakeup
 .text.VDAC_TIA_Enable
                0x00001384       0x1c .\CortexM3\ARM_GCC_541\Debug\Group2.a(VDAC_TIA.o)
                0x00001384                VDAC_TIA_Enable
 .text.VDAC_TIA_Stop
                0x000013a0       0x1c .\CortexM3\ARM_GCC_541\Debug\Group2.a(VDAC_TIA.o)
                0x000013a0                VDAC_TIA_Stop
 .text.VDAC_TIA_SetSpeed
                0x000013bc       0x1c .\CortexM3\ARM_GCC_541\Debug\Group2.a(VDAC_TIA.o)
                0x000013bc                VDAC_TIA_SetSpeed
 .text.VDAC_TIA_SetValue
                0x000013d8        0xc .\CortexM3\ARM_GCC_541\Debug\Group2.a(VDAC_TIA.o)
                0x000013d8                VDAC_TIA_SetValue
 .text.VDAC_TIA_DacTrim
                0x000013e4       0x24 .\CortexM3\ARM_GCC_541\Debug\Group2.a(VDAC_TIA.o)
                0x000013e4                VDAC_TIA_DacTrim
 .text.VDAC_TIA_SetRange
                0x00001408       0x20 .\CortexM3\ARM_GCC_541\Debug\Group2.a(VDAC_TIA.o)
                0x00001408                VDAC_TIA_SetRange
 .text.VDAC_TIA_Init
                0x00001428       0x20 .\CortexM3\ARM_GCC_541\Debug\Group2.a(VDAC_TIA.o)
                0x00001428                VDAC_TIA_Init
 .text.VDAC_TIA_Start
                0x00001448       0x24 .\CortexM3\ARM_GCC_541\Debug\Group2.a(VDAC_TIA.o)
                0x00001448                VDAC_TIA_Start
 .text.VDAC_TIA_SaveConfig
                0x0000146c       0x20 .\CortexM3\ARM_GCC_541\Debug\Group2.a(VDAC_TIA_PM.o)
                0x0000146c                VDAC_TIA_SaveConfig
 .text.VDAC_TIA_RestoreConfig
                0x0000148c       0x4c .\CortexM3\ARM_GCC_541\Debug\Group2.a(VDAC_TIA_PM.o)
                0x0000148c                VDAC_TIA_RestoreConfig
 .text.VDAC_TIA_Sleep
                0x000014d8       0x2c .\CortexM3\ARM_GCC_541\Debug\Group2.a(VDAC_TIA_PM.o)
                0x000014d8                VDAC_TIA_Sleep
 .text.VDAC_TIA_Wakeup
                0x00001504       0x24 .\CortexM3\ARM_GCC_541\Debug\Group2.a(VDAC_TIA_PM.o)
                0x00001504                VDAC_TIA_Wakeup
 .text.DVDAC_SaveConfig
                0x00001528        0x8 .\CortexM3\ARM_GCC_541\Debug\Group2.a(DVDAC_PM.o)
                0x00001528                DVDAC_SaveConfig
 .text.DVDAC_Sleep
                0x00001530       0x2c .\CortexM3\ARM_GCC_541\Debug\Group2.a(DVDAC_PM.o)
                0x00001530                DVDAC_Sleep
 .text.DVDAC_RestoreConfig
                0x0000155c        0x8 .\CortexM3\ARM_GCC_541\Debug\Group2.a(DVDAC_PM.o)
                0x0000155c                DVDAC_RestoreConfig
 .text.DVDAC_Wakeup
                0x00001564       0x18 .\CortexM3\ARM_GCC_541\Debug\Group2.a(DVDAC_PM.o)
                0x00001564                DVDAC_Wakeup
 .text.ADC_SigDel_GainCompensation
                0x0000157c       0xe0 .\CortexM3\ARM_GCC_541\Debug\Group2.a(ADC_SigDel.o)
 .text.ADC_SigDel_SetDSMRef0Reg
                0x0000165c       0x4c .\CortexM3\ARM_GCC_541\Debug\Group2.a(ADC_SigDel.o)
 .text.ADC_SigDel_InitConfig
                0x000016a8      0x1a4 .\CortexM3\ARM_GCC_541\Debug\Group2.a(ADC_SigDel.o)
 .text.ADC_SigDel_Init
                0x0000184c       0xe4 .\CortexM3\ARM_GCC_541\Debug\Group2.a(ADC_SigDel.o)
                0x0000184c                ADC_SigDel_Init
 .text.ADC_SigDel_Enable
                0x00001930       0xd8 .\CortexM3\ARM_GCC_541\Debug\Group2.a(ADC_SigDel.o)
                0x00001930                ADC_SigDel_Enable
 .text.ADC_SigDel_Start
                0x00001a08       0x28 .\CortexM3\ARM_GCC_541\Debug\Group2.a(ADC_SigDel.o)
                0x00001a08                ADC_SigDel_Start
 .text.ADC_SigDel_Stop
                0x00001a30       0xe4 .\CortexM3\ARM_GCC_541\Debug\Group2.a(ADC_SigDel.o)
                0x00001a30                ADC_SigDel_Stop
 .text.ADC_SigDel_StartConvert
                0x00001b14       0x10 .\CortexM3\ARM_GCC_541\Debug\Group2.a(ADC_SigDel.o)
                0x00001b14                ADC_SigDel_StartConvert
 .text.ADC_SigDel_GetResult16
                0x00001b24       0x50 .\CortexM3\ARM_GCC_541\Debug\Group2.a(ADC_SigDel.o)
                0x00001b24                ADC_SigDel_GetResult16
 .text.ADC_SigDel_SelectConfiguration
                0x00001b74       0x64 .\CortexM3\ARM_GCC_541\Debug\Group2.a(ADC_SigDel.o)
                0x00001b74                ADC_SigDel_SelectConfiguration
 .text.ADC_SigDel_SaveConfig
                0x00001bd8       0x14 .\CortexM3\ARM_GCC_541\Debug\Group2.a(ADC_SigDel_PM.o)
                0x00001bd8                ADC_SigDel_SaveConfig
 .text.ADC_SigDel_RestoreConfig
                0x00001bec       0x14 .\CortexM3\ARM_GCC_541\Debug\Group2.a(ADC_SigDel_PM.o)
                0x00001bec                ADC_SigDel_RestoreConfig
 .text.ADC_SigDel_Sleep
                0x00001c00       0x4c .\CortexM3\ARM_GCC_541\Debug\Group2.a(ADC_SigDel_PM.o)
                0x00001c00                ADC_SigDel_Sleep
 .text.ADC_SigDel_Wakeup
                0x00001c4c       0x24 .\CortexM3\ARM_GCC_541\Debug\Group2.a(ADC_SigDel_PM.o)
                0x00001c4c                ADC_SigDel_Wakeup
 .text.ADC_SigDel_ISR1
                0x00001c70        0x4 .\CortexM3\ARM_GCC_541\Debug\Group2.a(ADC_SigDel_INT.o)
                0x00001c70                ADC_SigDel_ISR1
 .text.ADC_SigDel_ISR2
                0x00001c74        0x4 .\CortexM3\ARM_GCC_541\Debug\Group2.a(ADC_SigDel_INT.o)
                0x00001c74                ADC_SigDel_ISR2
 .text.AMux_TIA_input_Start
                0x00001c78       0x20 .\CortexM3\ARM_GCC_541\Debug\Group2.a(AMux_TIA_input.o)
                0x00001c78                AMux_TIA_input_Start
 .text.AMux_TIA_input_Select
                0x00001c98       0x18 .\CortexM3\ARM_GCC_541\Debug\Group2.a(AMux_TIA_input.o)
                0x00001c98                AMux_TIA_input_Select
 .text.AMux_TIA_resistor_bypass_Start
                0x00001cb0       0x20 .\CortexM3\ARM_GCC_541\Debug\Group2.a(AMux_TIA_resistor_bypass.o)
                0x00001cb0                AMux_TIA_resistor_bypass_Start
 .text.AMux_TIA_resistor_bypass_Select
                0x00001cd0       0x18 .\CortexM3\ARM_GCC_541\Debug\Group2.a(AMux_TIA_resistor_bypass.o)
                0x00001cd0                AMux_TIA_resistor_bypass_Select
 .text.DVDAC_DMA_DmaInitialize
                0x00001ce8       0x3c .\CortexM3\ARM_GCC_541\Debug\Group2.a(DVDAC_DMA_dma.o)
                0x00001ce8                DVDAC_DMA_DmaInitialize
 .text.DVDAC_VDAC8_Enable
                0x00001d24       0x1c .\CortexM3\ARM_GCC_541\Debug\Group2.a(DVDAC_VDAC8.o)
                0x00001d24                DVDAC_VDAC8_Enable
 .text.DVDAC_VDAC8_Stop
                0x00001d40       0x1c .\CortexM3\ARM_GCC_541\Debug\Group2.a(DVDAC_VDAC8.o)
                0x00001d40                DVDAC_VDAC8_Stop
 .text.DVDAC_VDAC8_SetSpeed
                0x00001d5c       0x1c .\CortexM3\ARM_GCC_541\Debug\Group2.a(DVDAC_VDAC8.o)
                0x00001d5c                DVDAC_VDAC8_SetSpeed
 .text.DVDAC_VDAC8_DacTrim
                0x00001d78       0x24 .\CortexM3\ARM_GCC_541\Debug\Group2.a(DVDAC_VDAC8.o)
                0x00001d78                DVDAC_VDAC8_DacTrim
 .text.DVDAC_VDAC8_SetRange
                0x00001d9c       0x20 .\CortexM3\ARM_GCC_541\Debug\Group2.a(DVDAC_VDAC8.o)
                0x00001d9c                DVDAC_VDAC8_SetRange
 .text.DVDAC_VDAC8_Init
                0x00001dbc       0x2c .\CortexM3\ARM_GCC_541\Debug\Group2.a(DVDAC_VDAC8.o)
                0x00001dbc                DVDAC_VDAC8_Init
 .text.DVDAC_VDAC8_SaveConfig
                0x00001de8       0x20 .\CortexM3\ARM_GCC_541\Debug\Group2.a(DVDAC_VDAC8_PM.o)
                0x00001de8                DVDAC_VDAC8_SaveConfig
 .text.DVDAC_VDAC8_RestoreConfig
                0x00001e08       0x4c .\CortexM3\ARM_GCC_541\Debug\Group2.a(DVDAC_VDAC8_PM.o)
                0x00001e08                DVDAC_VDAC8_RestoreConfig
 .text.DVDAC_IntClock_Start
                0x00001e54       0x1c .\CortexM3\ARM_GCC_541\Debug\Group2.a(DVDAC_IntClock.o)
                0x00001e54                DVDAC_IntClock_Start
 .text.DVDAC_IntClock_Stop
                0x00001e70       0x1c .\CortexM3\ARM_GCC_541\Debug\Group2.a(DVDAC_IntClock.o)
                0x00001e70                DVDAC_IntClock_Stop
 .text.ADC_SigDel_Ext_CP_Clk_GetDividerRegister
                0x00001e8c        0xc .\CortexM3\ARM_GCC_541\Debug\Group2.a(ADC_SigDel_Ext_CP_Clk.o)
                0x00001e8c                ADC_SigDel_Ext_CP_Clk_GetDividerRegister
 .text.ADC_SigDel_Ext_CP_Clk_SetModeRegister
                0x00001e98       0x14 .\CortexM3\ARM_GCC_541\Debug\Group2.a(ADC_SigDel_Ext_CP_Clk.o)
                0x00001e98                ADC_SigDel_Ext_CP_Clk_SetModeRegister
 .text.ADC_SigDel_Ext_CP_Clk_GetSourceRegister
                0x00001eac       0x10 .\CortexM3\ARM_GCC_541\Debug\Group2.a(ADC_SigDel_Ext_CP_Clk.o)
                0x00001eac                ADC_SigDel_Ext_CP_Clk_GetSourceRegister
 .text.ADC_SigDel_Ext_CP_Clk_SetDividerRegister
                0x00001ebc       0xd8 .\CortexM3\ARM_GCC_541\Debug\Group2.a(ADC_SigDel_Ext_CP_Clk.o)
                0x00001ebc                ADC_SigDel_Ext_CP_Clk_SetDividerRegister
 .text.ADC_SigDel_theACLK_GetDividerRegister
                0x00001f94        0xc .\CortexM3\ARM_GCC_541\Debug\Group2.a(ADC_SigDel_theACLK.o)
                0x00001f94                ADC_SigDel_theACLK_GetDividerRegister
 .text.ADC_SigDel_theACLK_SetModeRegister
                0x00001fa0       0x14 .\CortexM3\ARM_GCC_541\Debug\Group2.a(ADC_SigDel_theACLK.o)
                0x00001fa0                ADC_SigDel_theACLK_SetModeRegister
 .text.ADC_SigDel_theACLK_GetSourceRegister
                0x00001fb4       0x10 .\CortexM3\ARM_GCC_541\Debug\Group2.a(ADC_SigDel_theACLK.o)
                0x00001fb4                ADC_SigDel_theACLK_GetSourceRegister
 .text.ADC_SigDel_theACLK_SetDividerRegister
                0x00001fc4       0xd8 .\CortexM3\ARM_GCC_541\Debug\Group2.a(ADC_SigDel_theACLK.o)
                0x00001fc4                ADC_SigDel_theACLK_SetDividerRegister
 .text.PWM_isr_Enable
                0x0000209c       0x10 .\CortexM3\ARM_GCC_541\Debug\Group2.a(PWM_isr.o)
                0x0000209c                PWM_isr_Enable
 .text.PWM_isr_Stop
                0x000020ac       0x10 .\CortexM3\ARM_GCC_541\Debug\Group2.a(PWM_isr.o)
                0x000020ac                PWM_isr_Stop
 .text.PWM_isr_WriteCounter
                0x000020bc        0xc .\CortexM3\ARM_GCC_541\Debug\Group2.a(PWM_isr.o)
                0x000020bc                PWM_isr_WriteCounter
 .text.PWM_isr_ReadCounter
                0x000020c8       0x14 .\CortexM3\ARM_GCC_541\Debug\Group2.a(PWM_isr.o)
                0x000020c8                PWM_isr_ReadCounter
 .text.PWM_isr_WritePeriod
                0x000020dc        0xc .\CortexM3\ARM_GCC_541\Debug\Group2.a(PWM_isr.o)
                0x000020dc                PWM_isr_WritePeriod
 .text.PWM_isr_WriteCompare
                0x000020e8        0xc .\CortexM3\ARM_GCC_541\Debug\Group2.a(PWM_isr.o)
                0x000020e8                PWM_isr_WriteCompare
 .text.PWM_isr_Init
                0x000020f4       0x44 .\CortexM3\ARM_GCC_541\Debug\Group2.a(PWM_isr.o)
                0x000020f4                PWM_isr_Init
 .text.PWM_isr_Start
                0x00002138       0x1c .\CortexM3\ARM_GCC_541\Debug\Group2.a(PWM_isr.o)
                0x00002138                PWM_isr_Start
 .text.PWM_isr_ReadControlRegister
                0x00002154        0xc .\CortexM3\ARM_GCC_541\Debug\Group2.a(PWM_isr.o)
                0x00002154                PWM_isr_ReadControlRegister
 .text.PWM_isr_WriteControlRegister
                0x00002160        0xc .\CortexM3\ARM_GCC_541\Debug\Group2.a(PWM_isr.o)
                0x00002160                PWM_isr_WriteControlRegister
 .text.PWM_isr_ReadPeriod
                0x0000216c        0xc .\CortexM3\ARM_GCC_541\Debug\Group2.a(PWM_isr.o)
                0x0000216c                PWM_isr_ReadPeriod
 .text.PWM_isr_SaveConfig
                0x00002178       0x1c .\CortexM3\ARM_GCC_541\Debug\Group2.a(PWM_isr_PM.o)
                0x00002178                PWM_isr_SaveConfig
 .text.PWM_isr_RestoreConfig
                0x00002194       0x1c .\CortexM3\ARM_GCC_541\Debug\Group2.a(PWM_isr_PM.o)
                0x00002194                PWM_isr_RestoreConfig
 .text.PWM_isr_Sleep
                0x000021b0       0x2c .\CortexM3\ARM_GCC_541\Debug\Group2.a(PWM_isr_PM.o)
                0x000021b0                PWM_isr_Sleep
 .text.PWM_isr_Wakeup
                0x000021dc       0x18 .\CortexM3\ARM_GCC_541\Debug\Group2.a(PWM_isr_PM.o)
                0x000021dc                PWM_isr_Wakeup
 .text.isr_dac_SetVector
                0x000021f4        0xc .\CortexM3\ARM_GCC_541\Debug\Group2.a(isr_dac.o)
                0x000021f4                isr_dac_SetVector
 .text.isr_dac_SetPriority
                0x00002200       0x10 .\CortexM3\ARM_GCC_541\Debug\Group2.a(isr_dac.o)
                0x00002200                isr_dac_SetPriority
 .text.isr_dac_Enable
                0x00002210        0xc .\CortexM3\ARM_GCC_541\Debug\Group2.a(isr_dac.o)
                0x00002210                isr_dac_Enable
 .text.isr_dac_GetState
                0x0000221c       0x18 .\CortexM3\ARM_GCC_541\Debug\Group2.a(isr_dac.o)
                0x0000221c                isr_dac_GetState
 .text.isr_dac_Disable
                0x00002234        0xc .\CortexM3\ARM_GCC_541\Debug\Group2.a(isr_dac.o)
                0x00002234                isr_dac_Disable
 .text.isr_dac_StartEx
                0x00002240       0x1c .\CortexM3\ARM_GCC_541\Debug\Group2.a(isr_dac.o)
                0x00002240                isr_dac_StartEx
 .text.isr_adc_SetVector
                0x0000225c        0xc .\CortexM3\ARM_GCC_541\Debug\Group2.a(isr_adc.o)
                0x0000225c                isr_adc_SetVector
 .text.isr_adc_SetPriority
                0x00002268       0x10 .\CortexM3\ARM_GCC_541\Debug\Group2.a(isr_adc.o)
                0x00002268                isr_adc_SetPriority
 .text.isr_adc_Enable
                0x00002278        0xc .\CortexM3\ARM_GCC_541\Debug\Group2.a(isr_adc.o)
                0x00002278                isr_adc_Enable
 .text.isr_adc_Disable
                0x00002284        0xc .\CortexM3\ARM_GCC_541\Debug\Group2.a(isr_adc.o)
                0x00002284                isr_adc_Disable
 .text.isr_adc_StartEx
                0x00002290       0x1c .\CortexM3\ARM_GCC_541\Debug\Group2.a(isr_adc.o)
                0x00002290                isr_adc_StartEx
 .text.isr_adcAmp_SetVector
                0x000022ac        0xc .\CortexM3\ARM_GCC_541\Debug\Group2.a(isr_adcAmp.o)
                0x000022ac                isr_adcAmp_SetVector
 .text.isr_adcAmp_SetPriority
                0x000022b8       0x10 .\CortexM3\ARM_GCC_541\Debug\Group2.a(isr_adcAmp.o)
                0x000022b8                isr_adcAmp_SetPriority
 .text.isr_adcAmp_Enable
                0x000022c8        0xc .\CortexM3\ARM_GCC_541\Debug\Group2.a(isr_adcAmp.o)
                0x000022c8                isr_adcAmp_Enable
 .text.isr_adcAmp_GetState
                0x000022d4       0x18 .\CortexM3\ARM_GCC_541\Debug\Group2.a(isr_adcAmp.o)
                0x000022d4                isr_adcAmp_GetState
 .text.isr_adcAmp_Disable
                0x000022ec        0xc .\CortexM3\ARM_GCC_541\Debug\Group2.a(isr_adcAmp.o)
                0x000022ec                isr_adcAmp_Disable
 .text.isr_adcAmp_StartEx
                0x000022f8       0x1c .\CortexM3\ARM_GCC_541\Debug\Group2.a(isr_adcAmp.o)
                0x000022f8                isr_adcAmp_StartEx
 *fill*         0x00002314        0x4 
 .text          0x00002318       0x20 .\CortexM3\ARM_GCC_541\Debug\Group2.a(CyBootAsmGnu.o)
                0x00002318                CyDelayCycles
                0x00002328                CyEnterCriticalSection
                0x00002330                CyExitCriticalSection
 .text          0x00002338      0x370 c:/program files (x86)/cypress/psoc creator/4.4/psoc creator/import/gnu/arm/5.4.1/bin/../lib/gcc/arm-none-eabi/5.4.1/armv7-m\libgcc.a(_arm_addsubdf3.o)
                0x00002338                __aeabi_drsub
                0x00002340                __aeabi_dsub
                0x00002340                __subdf3
                0x00002344                __aeabi_dadd
                0x00002344                __adddf3
                0x000025bc                __floatunsidf
                0x000025bc                __aeabi_ui2d
                0x000025dc                __floatsidf
                0x000025dc                __aeabi_i2d
                0x00002600                __aeabi_f2d
                0x00002600                __extendsfdf2
                0x0000263c                __floatundidf
                0x0000263c                __aeabi_ul2d
                0x0000264c                __floatdidf
                0x0000264c                __aeabi_l2d
 .text          0x000026a8      0x424 c:/program files (x86)/cypress/psoc creator/4.4/psoc creator/import/gnu/arm/5.4.1/bin/../lib/gcc/arm-none-eabi/5.4.1/armv7-m\libgcc.a(_arm_muldivdf3.o)
                0x000026a8                __aeabi_dmul
                0x000026a8                __muldf3
                0x000028fc                __divdf3
                0x000028fc                __aeabi_ddiv
 .text          0x00002acc       0xa0 c:/program files (x86)/cypress/psoc creator/4.4/psoc creator/import/gnu/arm/5.4.1/bin/../lib/gcc/arm-none-eabi/5.4.1/armv7-m\libgcc.a(_arm_truncdfsf2.o)
                0x00002acc                __truncdfsf2
                0x00002acc                __aeabi_d2f
 .text          0x00002b6c      0x21c c:/program files (x86)/cypress/psoc creator/4.4/psoc creator/import/gnu/arm/5.4.1/bin/../lib/gcc/arm-none-eabi/5.4.1/armv7-m\libgcc.a(_arm_addsubsf3.o)
                0x00002b6c                __aeabi_frsub
                0x00002b74                __subsf3
                0x00002b74                __aeabi_fsub
                0x00002b78                __aeabi_fadd
                0x00002b78                __addsf3
                0x00002cd8                __aeabi_ui2f
                0x00002cd8                __floatunsisf
                0x00002ce0                __aeabi_i2f
                0x00002ce0                __floatsisf
                0x00002cfc                __aeabi_ul2f
                0x00002cfc                __floatundisf
                0x00002d0c                __aeabi_l2f
                0x00002d0c                __floatdisf
 .text          0x00002d88      0x2a0 c:/program files (x86)/cypress/psoc creator/4.4/psoc creator/import/gnu/arm/5.4.1/bin/../lib/gcc/arm-none-eabi/5.4.1/armv7-m\libgcc.a(_arm_muldivsf3.o)
                0x00002d88                __mulsf3
                0x00002d88                __aeabi_fmul
                0x00002ef0                __aeabi_fdiv
                0x00002ef0                __divsf3
 .text          0x00003028       0x4c c:/program files (x86)/cypress/psoc creator/4.4/psoc creator/import/gnu/arm/5.4.1/bin/../lib/gcc/arm-none-eabi/5.4.1/armv7-m\libgcc.a(_arm_fixsfsi.o)
                0x00003028                __aeabi_f2iz
                0x00003028                __fixsfsi
 .text.__errno  0x00003074        0xc c:/program files (x86)/cypress/psoc creator/4.4/psoc creator/import/gnu/arm/5.4.1/bin/../lib/gcc/arm-none-eabi/5.4.1/../../../../arm-none-eabi/lib/armv7-m\libg_nano.a(lib_a-errno.o)
                0x00003074                __errno
 .text.__libc_init_array
                0x00003080       0x4c c:/program files (x86)/cypress/psoc creator/4.4/psoc creator/import/gnu/arm/5.4.1/bin/../lib/gcc/arm-none-eabi/5.4.1/../../../../arm-none-eabi/lib/armv7-m\libg_nano.a(lib_a-init.o)
                0x00003080                __libc_init_array
 .text.memcpy   0x000030cc       0x16 c:/program files (x86)/cypress/psoc creator/4.4/psoc creator/import/gnu/arm/5.4.1/bin/../lib/gcc/arm-none-eabi/5.4.1/../../../../arm-none-eabi/lib/armv7-m\libg_nano.a(lib_a-memcpy-stub.o)
                0x000030cc                memcpy
 .text.memset   0x000030e2       0x10 c:/program files (x86)/cypress/psoc creator/4.4/psoc creator/import/gnu/arm/5.4.1/bin/../lib/gcc/arm-none-eabi/5.4.1/../../../../arm-none-eabi/lib/armv7-m\libg_nano.a(lib_a-memset.o)
                0x000030e2                memset
 *(.plt)
 *(.gnu.warning)
 *(.glue_7t)
 .glue_7t       0x000030f2        0x0 linker stubs
 *(.glue_7)
 .glue_7        0x000030f2        0x0 linker stubs
 *(.vfp11_veneer)
 .vfp11_veneer  0x000030f2        0x0 linker stubs
 *(.bootloader)
 *(.ARM.extab* .gnu.linkonce.armextab.*)
 *(.gcc_except_table)

.v4_bx          0x000030f4        0x0
 .v4_bx         0x000030f4        0x0 linker stubs

.iplt           0x000030f4        0x0
 .iplt          0x000030f4        0x0 c:/program files (x86)/cypress/psoc creator/4.4/psoc creator/import/gnu/arm/5.4.1/bin/../lib/gcc/arm-none-eabi/5.4.1/armv7-m/crtbegin.o

.eh_frame_hdr
 *(.eh_frame_hdr)

.eh_frame       0x000030f4        0x4
 *(.eh_frame)
 .eh_frame      0x000030f4        0x0 c:/program files (x86)/cypress/psoc creator/4.4/psoc creator/import/gnu/arm/5.4.1/bin/../lib/gcc/arm-none-eabi/5.4.1/armv7-m/crtbegin.o
 .eh_frame      0x000030f4        0x4 c:/program files (x86)/cypress/psoc creator/4.4/psoc creator/import/gnu/arm/5.4.1/bin/../lib/gcc/arm-none-eabi/5.4.1/armv7-m/crtend.o
                [!provide]                PROVIDE (__exidx_start, .)

.ARM.exidx
 *(.ARM.exidx* .gnu.linkonce.armexidx.*)
                0x000030f8                __exidx_end = .

.rodata         0x000030f8       0xa0
 *(.rodata .rodata.* .gnu.linkonce.r.*)
 .rodata.str1.4
                0x000030f8        0xc .\CortexM3\ARM_GCC_541\Debug\main.o
 .rodata        0x00003104       0x10 .\CortexM3\ARM_GCC_541\Debug\Calibration.o
                0x00003104                calibrate_TIA_resistor_list
 .rodata        0x00003114       0x48 .\CortexM3\ARM_GCC_541\Debug\cyfitter_cfg.o
                0x00003114                AMux_TIA_input__addrTable
                0x00003124                AMux_TIA_input__maskTable
                0x00003154                AMux_TIA_resistor_bypass__maskTable
                0x00003158                AMux_TIA_resistor_bypass__addrTable
 .rodata.str1.1
                0x0000315c        0x2 c:/program files (x86)/cypress/psoc creator/4.4/psoc creator/import/gnu/arm/5.4.1/bin/../lib/gcc/arm-none-eabi/5.4.1/../../../../arm-none-eabi/lib/armv7-m\libg_nano.a(lib_a-impure.o)
                0x00003160                . = ALIGN (0x4)
 *fill*         0x0000315e        0x2 
 *(.init)
 .init          0x00003160        0x4 c:/program files (x86)/cypress/psoc creator/4.4/psoc creator/import/gnu/arm/5.4.1/bin/../lib/gcc/arm-none-eabi/5.4.1/armv7-m/crti.o
                0x00003160                _init
 .init          0x00003164        0x8 c:/program files (x86)/cypress/psoc creator/4.4/psoc creator/import/gnu/arm/5.4.1/bin/../lib/gcc/arm-none-eabi/5.4.1/armv7-m/crtn.o
                0x0000316c                . = ALIGN (0x4)
                0x0000316c                __preinit_array_start = .
 *(.preinit_array)
                0x0000316c                __preinit_array_end = .
                0x0000316c                . = ALIGN (0x4)
                0x0000316c                __init_array_start = .
 *(SORT(.init_array.*))
 *(.init_array)
 .init_array    0x0000316c        0x4 c:/program files (x86)/cypress/psoc creator/4.4/psoc creator/import/gnu/arm/5.4.1/bin/../lib/gcc/arm-none-eabi/5.4.1/armv7-m/crtbegin.o
 .init_array    0x00003170        0x4 .\CortexM3\ARM_GCC_541\Debug\Cm3Start.o
                0x00003174                __init_array_end = .
                0x00003174                . = ALIGN (0x4)
 *(.fini)
 .fini          0x00003174        0x4 c:/program files (x86)/cypress/psoc creator/4.4/psoc creator/import/gnu/arm/5.4.1/bin/../lib/gcc/arm-none-eabi/5.4.1/armv7-m/crti.o
                0x00003174                _fini
 .fini          0x00003178        0x8 c:/program files (x86)/cypress/psoc creator/4.4/psoc creator/import/gnu/arm/5.4.1/bin/../lib/gcc/arm-none-eabi/5.4.1/armv7-m/crtn.o
                0x00003180                . = ALIGN (0x4)
                0x00003180                __fini_array_start = .
 *(.fini_array)
 .fini_array    0x00003180        0x4 c:/program files (x86)/cypress/psoc creator/4.4/psoc creator/import/gnu/arm/5.4.1/bin/../lib/gcc/arm-none-eabi/5.4.1/armv7-m/crtbegin.o
 *(SORT(.fini_array.*))
                0x00003184                __fini_array_end = .
                0x00003184                . = ALIGN (0x4)
 *crtbegin.o(.ctors)
 *(EXCLUDE_FILE(*crtend.o) .ctors)
 *(SORT(.ctors.*))
 *crtend.o(.ctors)
                0x00003184                . = ALIGN (0x4)
 *crtbegin.o(.dtors)
 *(EXCLUDE_FILE(*crtend.o) .dtors)
 *(SORT(.dtors.*))
 *crtend.o(.dtors)
                0x00003184                . = ALIGN (0x4)
                0x00003184                __cy_regions = .
                0x00003184        0x4 LONG 0x3198 __cy_region_init_ram
                0x00003188        0x4 LONG 0x1fff80c8 __cy_region_start_data
                0x0000318c        0x4 LONG 0xa0 __cy_region_init_size_ram
                0x00003190        0x4 LONG 0x95f0 __cy_region_zero_size_ram
                0x00003194                __cy_regions_end = .
                0x00003198                . = ALIGN (0x8)
 *fill*         0x00003194        0x4 
                0x00003198                _etext = .

.cy_checksum_exclude
                0x00003198        0x0
 *(.cy_checksum_exclude)

.ramvectors     0x1fff8000       0xc0
                0x1fff8000                __cy_region_start_ram = .
 *(.ramvectors)
 .ramvectors    0x1fff8000       0xc0 .\CortexM3\ARM_GCC_541\Debug\Cm3Start.o
                0x1fff8000                CyRamVectors

.noinit         0x1fff80c0        0x1
 *(.noinit)
 .noinit        0x1fff80c0        0x1 .\CortexM3\ARM_GCC_541\Debug\Group2.a(CyLib.o)
                0x1fff80c0                CyResetStatus

.data           0x1fff80c8       0xa0 load address 0x00003198
                0x1fff80c8                __cy_region_start_data = .
 *(.jcr)
 .jcr           0x1fff80c8        0x0 c:/program files (x86)/cypress/psoc creator/4.4/psoc creator/import/gnu/arm/5.4.1/bin/../lib/gcc/arm-none-eabi/5.4.1/armv7-m/crtbegin.o
 .jcr           0x1fff80c8        0x4 c:/program files (x86)/cypress/psoc creator/4.4/psoc creator/import/gnu/arm/5.4.1/bin/../lib/gcc/arm-none-eabi/5.4.1/armv7-m/crtend.o
 *(.got.plt)
 *(.got)
 *(.shdata)
 *(.data .data.* .gnu.linkonce.d.*)
 .data          0x1fff80cc       0x14 .\CortexM3\ARM_GCC_541\Debug\DVDAC.o
 .data          0x1fff80e0        0x8 .\CortexM3\ARM_GCC_541\Debug\Group2.a(CyDmac.o)
 .data          0x1fff80e8       0x10 .\CortexM3\ARM_GCC_541\Debug\Group2.a(CyLib.o)
                0x1fff80e8                cydelay_32k_ms
                0x1fff80ec                cydelay_freq_khz
                0x1fff80f0                cydelay_freq_mhz
                0x1fff80f4                cydelay_freq_hz
 .data          0x1fff80f8        0x1 .\CortexM3\ARM_GCC_541\Debug\Group2.a(ADC_SigDel.o)
                0x1fff80f8                ADC_SigDel_Config
 *fill*         0x1fff80f9        0x3 
 .data          0x1fff80fc        0x2 .\CortexM3\ARM_GCC_541\Debug\Group2.a(ADC_SigDel_PM.o)
 .data          0x1fff80fe        0x1 .\CortexM3\ARM_GCC_541\Debug\Group2.a(AMux_TIA_input.o)
 .data          0x1fff80ff        0x1 .\CortexM3\ARM_GCC_541\Debug\Group2.a(AMux_TIA_resistor_bypass.o)
 .data          0x1fff8100        0x1 .\CortexM3\ARM_GCC_541\Debug\Group2.a(DVDAC_DMA_dma.o)
                0x1fff8100                DVDAC_DMA_DmaHandle
 *fill*         0x1fff8101        0x3 
 .data.impure_data
                0x1fff8104       0x60 c:/program files (x86)/cypress/psoc creator/4.4/psoc creator/import/gnu/arm/5.4.1/bin/../lib/gcc/arm-none-eabi/5.4.1/../../../../arm-none-eabi/lib/armv7-m\libg_nano.a(lib_a-impure.o)
 .data._impure_ptr
                0x1fff8164        0x4 c:/program files (x86)/cypress/psoc creator/4.4/psoc creator/import/gnu/arm/5.4.1/bin/../lib/gcc/arm-none-eabi/5.4.1/../../../../arm-none-eabi/lib/armv7-m\libg_nano.a(lib_a-impure.o)
                0x1fff8164                _impure_ptr
                0x1fff8168                . = ALIGN (0x8)
 *(.ram)
                0x1fff8168                _edata = .

.igot.plt       0x1fff8168        0x0 load address 0x00003238
 .igot.plt      0x1fff8168        0x0 c:/program files (x86)/cypress/psoc creator/4.4/psoc creator/import/gnu/arm/5.4.1/bin/../lib/gcc/arm-none-eabi/5.4.1/armv7-m/crtbegin.o

.bss            0x1fff8168     0x95f0 load address 0x00003238
                0x1fff8168                PROVIDE (__bss_start__, .)
 *(.shbss)
 *(.bss .bss.* .gnu.linkonce.b.*)
 .bss           0x1fff8168       0x1c c:/program files (x86)/cypress/psoc creator/4.4/psoc creator/import/gnu/arm/5.4.1/bin/../lib/gcc/arm-none-eabi/5.4.1/armv7-m/crtbegin.o
 .bss           0x1fff8184        0xa .\CortexM3\ARM_GCC_541\Debug\InterruptRoutines.o
                0x1fff8184                potential_max_current
                0x1fff8188                R_analog_route
                0x1fff818c                adc_recording_channel
                0x1fff818d                AMux_channel_select
 .bss           0x1fff818e        0x2 .\CortexM3\ARM_GCC_541\Debug\DVDAC.o
                0x1fff818f                DVDAC_initVar
 .bss           0x1fff8190        0x4 .\CortexM3\ARM_GCC_541\Debug\Group2.a(UART.o)
                0x1fff8190                UART_initVar
                0x1fff8191                UART_txBufferRead
                0x1fff8192                UART_txBufferWrite
 .bss           0x1fff8194        0x1 .\CortexM3\ARM_GCC_541\Debug\Group2.a(Opamp_Aux.o)
                0x1fff8194                Opamp_Aux_initVar
 *fill*         0x1fff8195        0x3 
 .bss           0x1fff8198        0x1 .\CortexM3\ARM_GCC_541\Debug\Group2.a(Opamp_Aux_PM.o)
 .bss           0x1fff8199        0x1 .\CortexM3\ARM_GCC_541\Debug\Group2.a(IDAC_calibrate.o)
                0x1fff8199                IDAC_calibrate_initVar
 .bss           0x1fff819a        0x1 .\CortexM3\ARM_GCC_541\Debug\Group2.a(TIA.o)
                0x1fff819a                TIA_initVar
 *fill*         0x1fff819b        0x1 
 .bss           0x1fff819c        0x4 .\CortexM3\ARM_GCC_541\Debug\Group2.a(TIA_PM.o)
 .bss           0x1fff81a0        0x1 .\CortexM3\ARM_GCC_541\Debug\Group2.a(VDAC_TIA.o)
                0x1fff81a0                VDAC_TIA_initVar
 *fill*         0x1fff81a1        0x3 
 .bss           0x1fff81a4        0x2 .\CortexM3\ARM_GCC_541\Debug\Group2.a(VDAC_TIA_PM.o)
 *fill*         0x1fff81a6        0x2 
 .bss           0x1fff81a8        0x1 .\CortexM3\ARM_GCC_541\Debug\Group2.a(DVDAC_PM.o)
 *fill*         0x1fff81a9        0x3 
 .bss           0x1fff81ac        0xc .\CortexM3\ARM_GCC_541\Debug\Group2.a(ADC_SigDel.o)
                0x1fff81b4                ADC_SigDel_stopConversion
                0x1fff81b5                ADC_SigDel_convDone
                0x1fff81b6                ADC_SigDel_initVar
                0x1fff81b7                ADC_SigDel_started
 .bss           0x1fff81b8        0x2 .\CortexM3\ARM_GCC_541\Debug\Group2.a(DVDAC_VDAC8_PM.o)
 .bss           0x1fff81ba        0x1 .\CortexM3\ARM_GCC_541\Debug\Group2.a(PWM_isr.o)
                0x1fff81ba                PWM_isr_initVar
 *fill*         0x1fff81bb        0x1 
 .bss           0x1fff81bc        0x8 .\CortexM3\ARM_GCC_541\Debug\Group2.a(PWM_isr_PM.o)
 *(COMMON)
 COMMON         0x1fff81c4     0x5e28 .\CortexM3\ARM_GCC_541\Debug\main.o
                0x1fff81c4                Input_Flag
                0x1fff81c5                ADC_buffer_index
                0x1fff81c6                lut_value
                0x1fff81c8                ADC_CV_array
                0x1fffa8d8                CalibrationBuffer
                0x1fffa8ec                waveform_amp_lut
                0x1fffb88c                command
                0x1fffb8b4                command_lenght
                0x1fffb8b5                TIA_resistor_value_index
                0x1fffb8b6                dac_ground_value
                0x1fffb8b8                start_dac_value
                0x1fffb8bc                uA_per_adc_count
                0x1fffb8c0                DataBuffer
                0x1fffb8d0                end_dac_value
                0x1fffb8d2                lut_length
                0x1fffb8d4                selected_voltage_source
                0x1fffb8d6                lut_index
                0x1fffb8d8                ch_received
                0x1fffb8dc                waveform_CV_lut
 COMMON         0x1fffdfec     0x36f1 .\CortexM3\ARM_GCC_541\Debug\InterruptRoutines.o
                0x1fffdfec                uA_CV_scan
                0x200006fc                UART_str
                0x2000073c                uA_amp
                0x200016dc                adc_hold
 *fill*         0x200016dd        0x1 
 COMMON         0x200016de        0x8 .\CortexM3\ARM_GCC_541\Debug\Calibration.o
                0x200016de                max_adc_value
                0x200016e0                min_idac_value
                0x200016e2                max_idac_value
                0x200016e4                min_adc_value
 *fill*         0x200016e6        0x2 
 COMMON         0x200016e8       0x64 .\CortexM3\ARM_GCC_541\Debug\Group2.a(UART.o)
                0x200016e8                UART_txBuffer
 COMMON         0x2000174c        0x8 .\CortexM3\ARM_GCC_541\Debug\Group2.a(ADC_SigDel.o)
                0x2000174c                ADC_SigDel_Offset
                0x20001750                ADC_SigDel_CountsPerVolt
                0x20001758                . = ALIGN (0x8)
 *fill*         0x20001754        0x4 
 *(.ram.b)
                0x20001758                _end = .
                0x20001758                __end = .
                0x20001758                PROVIDE (end, .)
                0x20001758                PROVIDE (__bss_end__, .)
                0x00003198                __cy_region_init_ram = LOADADDR (.data)
                0x000000a0                __cy_region_init_size_ram = (_edata - ADDR (.data))
                0x000095f0                __cy_region_zero_size_ram = (_end - _edata)

.heap           0x20001758       0x80 load address 0x00003238
                0x20001758                . = _end
                0x200017d8                . = (. + 0x80)
 *fill*         0x20001758       0x80 
                0x200017d8                __cy_heap_limit = .

.stack          0x20007800      0x800
                0x20007800                __cy_stack_limit = .
                0x20008000                . = (. + 0x800)
 *fill*         0x20007800      0x800 
                0x00000001                ASSERT ((__cy_stack_limit >= __cy_heap_limit), region RAM overflowed with stack)
                0x00000000                cy_checksum_exclude_size = (CY_APPL_LOADABLE == 0x1)?SIZEOF (.cy_checksum_exclude):0x0
                0x00000001                ASSERT ((cy_checksum_exclude_size <= CY_CHECKSUM_EXCLUDE_SIZE), CY_BOOT: Section .cy_checksum_exclude size exceedes specified limit.)

.cyloadermeta
 *(.cyloadermeta)

.cyloadablemeta
 *(.cyloadablemeta)

.cyconfigecc    0x80000000      0x580
 *(.cyconfigecc)
 .cyconfigecc   0x80000000      0x580 .\CortexM3\ARM_GCC_541\Debug\cymetadata.o
                0x80000000                cy_meta_configecc

.cycustnvl      0x90000000        0x4
 *(.cycustnvl)
 .cycustnvl     0x90000000        0x4 .\CortexM3\ARM_GCC_541\Debug\cymetadata.o
                0x90000000                cy_meta_custnvl

.cywolatch      0x90100000        0x4
 *(.cywolatch)
 .cywolatch     0x90100000        0x4 .\CortexM3\ARM_GCC_541\Debug\cymetadata.o
                0x90100000                cy_meta_wonvl

.cyeeprom       0x90200000        0x0
 *(.cyeeprom)
                0x00000001                ASSERT ((. <= ((0x90200000 + ee_offset) + ee_size)), .cyeeprom data will not fit in EEPROM)

.cyflashprotect
                0x90400000      0x100
 *(.cyflashprotect)
 .cyflashprotect
                0x90400000      0x100 .\CortexM3\ARM_GCC_541\Debug\cymetadata.o
                0x90400000                cy_meta_flashprotect

.cymeta         0x90500000        0xc
 *(.cymeta)
 .cymeta        0x90500000        0xc .\CortexM3\ARM_GCC_541\Debug\cymetadata.o
                0x90500000                cy_metadata

.rel.dyn        0x00003238        0x0 load address 0x9050000c
 .rel.iplt      0x00003238        0x0 c:/program files (x86)/cypress/psoc creator/4.4/psoc creator/import/gnu/arm/5.4.1/bin/../lib/gcc/arm-none-eabi/5.4.1/armv7-m/crtbegin.o

.stab
 *(.stab)

.stabstr
 *(.stabstr)

.debug
 *(.debug)

.line
 *(.line)

.debug_srcinfo
 *(.debug_srcinfo)

.debug_sfnames
 *(.debug_sfnames)

.debug_aranges  0x00000000     0x1150
 *(.debug_aranges)
 .debug_aranges
                0x00000000       0x20 .\CortexM3\ARM_GCC_541\Debug\main.o
 .debug_aranges
                0x00000020       0x30 .\CortexM3\ARM_GCC_541\Debug\InterruptRoutines.o
 .debug_aranges
                0x00000050       0x38 .\CortexM3\ARM_GCC_541\Debug\Calibration.o
 .debug_aranges
                0x00000088       0x48 .\CortexM3\ARM_GCC_541\Debug\Helper_functions.o
 .debug_aranges
                0x000000d0       0x48 .\CortexM3\ARM_GCC_541\Debug\DVDAC.o
 .debug_aranges
                0x00000118       0x48 .\CortexM3\ARM_GCC_541\Debug\user_selections.o
 .debug_aranges
                0x00000160       0x30 .\CortexM3\ARM_GCC_541\Debug\lut_functions.o
 .debug_aranges
                0x00000190       0x78 .\CortexM3\ARM_GCC_541\Debug\cyfitter_cfg.o
 .debug_aranges
                0x00000208       0x18 .\CortexM3\ARM_GCC_541\Debug\cymetadata.o
 .debug_aranges
                0x00000220       0x48 .\CortexM3\ARM_GCC_541\Debug\Cm3Start.o
 .debug_aranges
                0x00000268       0xd8 .\CortexM3\ARM_GCC_541\Debug\Group2.a(CyDmac.o)
 .debug_aranges
                0x00000340      0x2a0 .\CortexM3\ARM_GCC_541\Debug\Group2.a(CyLib.o)
 .debug_aranges
                0x000005e0       0x98 .\CortexM3\ARM_GCC_541\Debug\Group2.a(cyPm.o)
 .debug_aranges
                0x00000678       0xf0 .\CortexM3\ARM_GCC_541\Debug\Group2.a(UART.o)
 .debug_aranges
                0x00000768       0x20 .\CortexM3\ARM_GCC_541\Debug\Group2.a(UART_INT.o)
 .debug_aranges
                0x00000788       0x70 .\CortexM3\ARM_GCC_541\Debug\Group2.a(UART_IntClock.o)
 .debug_aranges
                0x000007f8       0x40 .\CortexM3\ARM_GCC_541\Debug\Group2.a(Opamp_Aux.o)
 .debug_aranges
                0x00000838       0x38 .\CortexM3\ARM_GCC_541\Debug\Group2.a(Opamp_Aux_PM.o)
 .debug_aranges
                0x00000870       0x60 .\CortexM3\ARM_GCC_541\Debug\Group2.a(IDAC_calibrate.o)
 .debug_aranges
                0x000008d0       0x50 .\CortexM3\ARM_GCC_541\Debug\Group2.a(TIA.o)
 .debug_aranges
                0x00000920       0x38 .\CortexM3\ARM_GCC_541\Debug\Group2.a(TIA_PM.o)
 .debug_aranges
                0x00000958       0x58 .\CortexM3\ARM_GCC_541\Debug\Group2.a(VDAC_TIA.o)
 .debug_aranges
                0x000009b0       0x38 .\CortexM3\ARM_GCC_541\Debug\Group2.a(VDAC_TIA_PM.o)
 .debug_aranges
                0x000009e8       0x38 .\CortexM3\ARM_GCC_541\Debug\Group2.a(DVDAC_PM.o)
 .debug_aranges
                0x00000a20       0xe8 .\CortexM3\ARM_GCC_541\Debug\Group2.a(ADC_SigDel.o)
 .debug_aranges
                0x00000b08       0x38 .\CortexM3\ARM_GCC_541\Debug\Group2.a(ADC_SigDel_PM.o)
 .debug_aranges
                0x00000b40       0x38 .\CortexM3\ARM_GCC_541\Debug\Group2.a(ADC_SigDel_INT.o)
 .debug_aranges
                0x00000b78       0x30 .\CortexM3\ARM_GCC_541\Debug\Group2.a(AMux_TIA_input.o)
 .debug_aranges
                0x00000ba8       0x30 .\CortexM3\ARM_GCC_541\Debug\Group2.a(AMux_TIA_resistor_bypass.o)
 .debug_aranges
                0x00000bd8       0x28 .\CortexM3\ARM_GCC_541\Debug\Group2.a(DVDAC_DMA_dma.o)
 .debug_aranges
                0x00000c00       0x58 .\CortexM3\ARM_GCC_541\Debug\Group2.a(DVDAC_VDAC8.o)
 .debug_aranges
                0x00000c58       0x38 .\CortexM3\ARM_GCC_541\Debug\Group2.a(DVDAC_VDAC8_PM.o)
 .debug_aranges
                0x00000c90       0x70 .\CortexM3\ARM_GCC_541\Debug\Group2.a(DVDAC_IntClock.o)
 .debug_aranges
                0x00000d00       0x70 .\CortexM3\ARM_GCC_541\Debug\Group2.a(ADC_SigDel_Ext_CP_Clk.o)
 .debug_aranges
                0x00000d70       0x80 .\CortexM3\ARM_GCC_541\Debug\Group2.a(ADC_SigDel_theACLK.o)
 .debug_aranges
                0x00000df0       0x80 .\CortexM3\ARM_GCC_541\Debug\Group2.a(PWM_isr.o)
 .debug_aranges
                0x00000e70       0x38 .\CortexM3\ARM_GCC_541\Debug\Group2.a(PWM_isr_PM.o)
 .debug_aranges
                0x00000ea8       0x80 .\CortexM3\ARM_GCC_541\Debug\Group2.a(isr_dac.o)
 .debug_aranges
                0x00000f28       0x80 .\CortexM3\ARM_GCC_541\Debug\Group2.a(isr_adc.o)
 .debug_aranges
                0x00000fa8       0x80 .\CortexM3\ARM_GCC_541\Debug\Group2.a(isr_adcAmp.o)
 .debug_aranges
                0x00001028       0x20 .\CortexM3\ARM_GCC_541\Debug\Group2.a(CyBootAsmGnu.o)
 .debug_aranges
                0x00001048       0x88 .\CortexM3\ARM_GCC_541\Debug\Group2.a(CyFlash.o)
 .debug_aranges
                0x000010d0       0x80 .\CortexM3\ARM_GCC_541\Debug\Group2.a(CySpc.o)

.debug_pubnames
 *(.debug_pubnames)

.debug_info     0x00000000     0xa018
 *(.debug_info .gnu.linkonce.wi.*)
 .debug_info    0x00000000      0x4d3 .\CortexM3\ARM_GCC_541\Debug\main.o
 .debug_info    0x000004d3      0x422 .\CortexM3\ARM_GCC_541\Debug\InterruptRoutines.o
 .debug_info    0x000008f5      0x5de .\CortexM3\ARM_GCC_541\Debug\Calibration.o
 .debug_info    0x00000ed3      0x585 .\CortexM3\ARM_GCC_541\Debug\Helper_functions.o
 .debug_info    0x00001458      0x343 .\CortexM3\ARM_GCC_541\Debug\DVDAC.o
 .debug_info    0x0000179b      0x596 .\CortexM3\ARM_GCC_541\Debug\user_selections.o
 .debug_info    0x00001d31      0x368 .\CortexM3\ARM_GCC_541\Debug\lut_functions.o
 .debug_info    0x00002099      0x69a .\CortexM3\ARM_GCC_541\Debug\cyfitter_cfg.o
 .debug_info    0x00002733      0x136 .\CortexM3\ARM_GCC_541\Debug\cymetadata.o
 .debug_info    0x00002869      0x3cf .\CortexM3\ARM_GCC_541\Debug\Cm3Start.o
 .debug_info    0x00002c38      0x94e .\CortexM3\ARM_GCC_541\Debug\Group2.a(CyDmac.o)
 .debug_info    0x00003586     0x1374 .\CortexM3\ARM_GCC_541\Debug\Group2.a(CyLib.o)
 .debug_info    0x000048fa      0xa2a .\CortexM3\ARM_GCC_541\Debug\Group2.a(cyPm.o)
 .debug_info    0x00005324      0x6d1 .\CortexM3\ARM_GCC_541\Debug\Group2.a(UART.o)
 .debug_info    0x000059f5       0xf6 .\CortexM3\ARM_GCC_541\Debug\Group2.a(UART_INT.o)
 .debug_info    0x00005aeb      0x283 .\CortexM3\ARM_GCC_541\Debug\Group2.a(UART_IntClock.o)
 .debug_info    0x00005d6e      0x151 .\CortexM3\ARM_GCC_541\Debug\Group2.a(Opamp_Aux.o)
 .debug_info    0x00005ebf      0x153 .\CortexM3\ARM_GCC_541\Debug\Group2.a(Opamp_Aux_PM.o)
 .debug_info    0x00006012      0x20a .\CortexM3\ARM_GCC_541\Debug\Group2.a(IDAC_calibrate.o)
 .debug_info    0x0000621c      0x1d5 .\CortexM3\ARM_GCC_541\Debug\Group2.a(TIA.o)
 .debug_info    0x000063f1      0x177 .\CortexM3\ARM_GCC_541\Debug\Group2.a(TIA_PM.o)
 .debug_info    0x00006568      0x1df .\CortexM3\ARM_GCC_541\Debug\Group2.a(VDAC_TIA.o)
 .debug_info    0x00006747      0x177 .\CortexM3\ARM_GCC_541\Debug\Group2.a(VDAC_TIA_PM.o)
 .debug_info    0x000068be      0x189 .\CortexM3\ARM_GCC_541\Debug\Group2.a(DVDAC_PM.o)
 .debug_info    0x00006a47      0xa83 .\CortexM3\ARM_GCC_541\Debug\Group2.a(ADC_SigDel.o)
 .debug_info    0x000074ca      0x185 .\CortexM3\ARM_GCC_541\Debug\Group2.a(ADC_SigDel_PM.o)
 .debug_info    0x0000764f       0xd3 .\CortexM3\ARM_GCC_541\Debug\Group2.a(ADC_SigDel_INT.o)
 .debug_info    0x00007722      0x165 .\CortexM3\ARM_GCC_541\Debug\Group2.a(AMux_TIA_input.o)
 .debug_info    0x00007887      0x165 .\CortexM3\ARM_GCC_541\Debug\Group2.a(AMux_TIA_resistor_bypass.o)
 .debug_info    0x000079ec      0x1aa .\CortexM3\ARM_GCC_541\Debug\Group2.a(DVDAC_DMA_dma.o)
 .debug_info    0x00007b96      0x1dd .\CortexM3\ARM_GCC_541\Debug\Group2.a(DVDAC_VDAC8.o)
 .debug_info    0x00007d73      0x177 .\CortexM3\ARM_GCC_541\Debug\Group2.a(DVDAC_VDAC8_PM.o)
 .debug_info    0x00007eea      0x283 .\CortexM3\ARM_GCC_541\Debug\Group2.a(DVDAC_IntClock.o)
 .debug_info    0x0000816d      0x283 .\CortexM3\ARM_GCC_541\Debug\Group2.a(ADC_SigDel_Ext_CP_Clk.o)
 .debug_info    0x000083f0      0x2c4 .\CortexM3\ARM_GCC_541\Debug\Group2.a(ADC_SigDel_theACLK.o)
 .debug_info    0x000086b4      0x299 .\CortexM3\ARM_GCC_541\Debug\Group2.a(PWM_isr.o)
 .debug_info    0x0000894d      0x217 .\CortexM3\ARM_GCC_541\Debug\Group2.a(PWM_isr_PM.o)
 .debug_info    0x00008b64      0x2d2 .\CortexM3\ARM_GCC_541\Debug\Group2.a(isr_dac.o)
 .debug_info    0x00008e36      0x2d2 .\CortexM3\ARM_GCC_541\Debug\Group2.a(isr_adc.o)
 .debug_info    0x00009108      0x2d2 .\CortexM3\ARM_GCC_541\Debug\Group2.a(isr_adcAmp.o)
 .debug_info    0x000093da       0xa1 .\CortexM3\ARM_GCC_541\Debug\Group2.a(CyBootAsmGnu.o)
 .debug_info    0x0000947b      0x64d .\CortexM3\ARM_GCC_541\Debug\Group2.a(CyFlash.o)
 .debug_info    0x00009ac8      0x550 .\CortexM3\ARM_GCC_541\Debug\Group2.a(CySpc.o)

.debug_abbrev   0x00000000     0x2fcc
 *(.debug_abbrev)
 .debug_abbrev  0x00000000      0x105 .\CortexM3\ARM_GCC_541\Debug\main.o
 .debug_abbrev  0x00000105       0xef .\CortexM3\ARM_GCC_541\Debug\InterruptRoutines.o
 .debug_abbrev  0x000001f4      0x13f .\CortexM3\ARM_GCC_541\Debug\Calibration.o
 .debug_abbrev  0x00000333      0x159 .\CortexM3\ARM_GCC_541\Debug\Helper_functions.o
 .debug_abbrev  0x0000048c      0x10f .\CortexM3\ARM_GCC_541\Debug\DVDAC.o
 .debug_abbrev  0x0000059b      0x141 .\CortexM3\ARM_GCC_541\Debug\user_selections.o
 .debug_abbrev  0x000006dc      0x132 .\CortexM3\ARM_GCC_541\Debug\lut_functions.o
 .debug_abbrev  0x0000080e      0x21e .\CortexM3\ARM_GCC_541\Debug\cyfitter_cfg.o
 .debug_abbrev  0x00000a2c       0x77 .\CortexM3\ARM_GCC_541\Debug\cymetadata.o
 .debug_abbrev  0x00000aa3      0x1e8 .\CortexM3\ARM_GCC_541\Debug\Cm3Start.o
 .debug_abbrev  0x00000c8b      0x1b2 .\CortexM3\ARM_GCC_541\Debug\Group2.a(CyDmac.o)
 .debug_abbrev  0x00000e3d      0x254 .\CortexM3\ARM_GCC_541\Debug\Group2.a(CyLib.o)
 .debug_abbrev  0x00001091      0x1ab .\CortexM3\ARM_GCC_541\Debug\Group2.a(cyPm.o)
 .debug_abbrev  0x0000123c      0x16f .\CortexM3\ARM_GCC_541\Debug\Group2.a(UART.o)
 .debug_abbrev  0x000013ab       0x79 .\CortexM3\ARM_GCC_541\Debug\Group2.a(UART_INT.o)
 .debug_abbrev  0x00001424      0x139 .\CortexM3\ARM_GCC_541\Debug\Group2.a(UART_IntClock.o)
 .debug_abbrev  0x0000155d       0xb2 .\CortexM3\ARM_GCC_541\Debug\Group2.a(Opamp_Aux.o)
 .debug_abbrev  0x0000160f       0xc4 .\CortexM3\ARM_GCC_541\Debug\Group2.a(Opamp_Aux_PM.o)
 .debug_abbrev  0x000016d3      0x106 .\CortexM3\ARM_GCC_541\Debug\Group2.a(IDAC_calibrate.o)
 .debug_abbrev  0x000017d9       0xf7 .\CortexM3\ARM_GCC_541\Debug\Group2.a(TIA.o)
 .debug_abbrev  0x000018d0       0xc4 .\CortexM3\ARM_GCC_541\Debug\Group2.a(TIA_PM.o)
 .debug_abbrev  0x00001994       0xf7 .\CortexM3\ARM_GCC_541\Debug\Group2.a(VDAC_TIA.o)
 .debug_abbrev  0x00001a8b       0xc4 .\CortexM3\ARM_GCC_541\Debug\Group2.a(VDAC_TIA_PM.o)
 .debug_abbrev  0x00001b4f       0xac .\CortexM3\ARM_GCC_541\Debug\Group2.a(DVDAC_PM.o)
 .debug_abbrev  0x00001bfb      0x1cd .\CortexM3\ARM_GCC_541\Debug\Group2.a(ADC_SigDel.o)
 .debug_abbrev  0x00001dc8       0xc4 .\CortexM3\ARM_GCC_541\Debug\Group2.a(ADC_SigDel_PM.o)
 .debug_abbrev  0x00001e8c       0x42 .\CortexM3\ARM_GCC_541\Debug\Group2.a(ADC_SigDel_INT.o)
 .debug_abbrev  0x00001ece       0xb1 .\CortexM3\ARM_GCC_541\Debug\Group2.a(AMux_TIA_input.o)
 .debug_abbrev  0x00001f7f       0xb1 .\CortexM3\ARM_GCC_541\Debug\Group2.a(AMux_TIA_resistor_bypass.o)
 .debug_abbrev  0x00002030       0xcd .\CortexM3\ARM_GCC_541\Debug\Group2.a(DVDAC_DMA_dma.o)
 .debug_abbrev  0x000020fd       0xf7 .\CortexM3\ARM_GCC_541\Debug\Group2.a(DVDAC_VDAC8.o)
 .debug_abbrev  0x000021f4       0xc4 .\CortexM3\ARM_GCC_541\Debug\Group2.a(DVDAC_VDAC8_PM.o)
 .debug_abbrev  0x000022b8      0x139 .\CortexM3\ARM_GCC_541\Debug\Group2.a(DVDAC_IntClock.o)
 .debug_abbrev  0x000023f1      0x139 .\CortexM3\ARM_GCC_541\Debug\Group2.a(ADC_SigDel_Ext_CP_Clk.o)
 .debug_abbrev  0x0000252a      0x121 .\CortexM3\ARM_GCC_541\Debug\Group2.a(ADC_SigDel_theACLK.o)
 .debug_abbrev  0x0000264b      0x12d .\CortexM3\ARM_GCC_541\Debug\Group2.a(PWM_isr.o)
 .debug_abbrev  0x00002778       0xac .\CortexM3\ARM_GCC_541\Debug\Group2.a(PWM_isr_PM.o)
 .debug_abbrev  0x00002824      0x173 .\CortexM3\ARM_GCC_541\Debug\Group2.a(isr_dac.o)
 .debug_abbrev  0x00002997      0x173 .\CortexM3\ARM_GCC_541\Debug\Group2.a(isr_adc.o)
 .debug_abbrev  0x00002b0a      0x173 .\CortexM3\ARM_GCC_541\Debug\Group2.a(isr_adcAmp.o)
 .debug_abbrev  0x00002c7d       0x14 .\CortexM3\ARM_GCC_541\Debug\Group2.a(CyBootAsmGnu.o)
 .debug_abbrev  0x00002c91      0x1a7 .\CortexM3\ARM_GCC_541\Debug\Group2.a(CyFlash.o)
 .debug_abbrev  0x00002e38      0x194 .\CortexM3\ARM_GCC_541\Debug\Group2.a(CySpc.o)

.debug_line     0x00000000     0x45b1
 *(.debug_line)
 .debug_line    0x00000000      0x24c .\CortexM3\ARM_GCC_541\Debug\main.o
 .debug_line    0x0000024c      0x226 .\CortexM3\ARM_GCC_541\Debug\InterruptRoutines.o
 .debug_line    0x00000472      0x244 .\CortexM3\ARM_GCC_541\Debug\Calibration.o
 .debug_line    0x000006b6      0x2c5 .\CortexM3\ARM_GCC_541\Debug\Helper_functions.o
 .debug_line    0x0000097b      0x13a .\CortexM3\ARM_GCC_541\Debug\DVDAC.o
 .debug_line    0x00000ab5      0x287 .\CortexM3\ARM_GCC_541\Debug\user_selections.o
 .debug_line    0x00000d3c      0x1e0 .\CortexM3\ARM_GCC_541\Debug\lut_functions.o
 .debug_line    0x00000f1c      0x243 .\CortexM3\ARM_GCC_541\Debug\cyfitter_cfg.o
 .debug_line    0x0000115f      0x141 .\CortexM3\ARM_GCC_541\Debug\cymetadata.o
 .debug_line    0x000012a0      0x241 .\CortexM3\ARM_GCC_541\Debug\Cm3Start.o
 .debug_line    0x000014e1      0x2e4 .\CortexM3\ARM_GCC_541\Debug\Group2.a(CyDmac.o)
 .debug_line    0x000017c5      0x816 .\CortexM3\ARM_GCC_541\Debug\Group2.a(CyLib.o)
 .debug_line    0x00001fdb      0x367 .\CortexM3\ARM_GCC_541\Debug\Group2.a(cyPm.o)
 .debug_line    0x00002342      0x2f5 .\CortexM3\ARM_GCC_541\Debug\Group2.a(UART.o)
 .debug_line    0x00002637       0x7d .\CortexM3\ARM_GCC_541\Debug\Group2.a(UART_INT.o)
 .debug_line    0x000026b4      0x17c .\CortexM3\ARM_GCC_541\Debug\Group2.a(UART_IntClock.o)
 .debug_line    0x00002830       0xac .\CortexM3\ARM_GCC_541\Debug\Group2.a(Opamp_Aux.o)
 .debug_line    0x000028dc       0xa7 .\CortexM3\ARM_GCC_541\Debug\Group2.a(Opamp_Aux_PM.o)
 .debug_line    0x00002983      0x101 .\CortexM3\ARM_GCC_541\Debug\Group2.a(IDAC_calibrate.o)
 .debug_line    0x00002a84       0xd5 .\CortexM3\ARM_GCC_541\Debug\Group2.a(TIA.o)
 .debug_line    0x00002b59       0x9b .\CortexM3\ARM_GCC_541\Debug\Group2.a(TIA_PM.o)
 .debug_line    0x00002bf4       0xe5 .\CortexM3\ARM_GCC_541\Debug\Group2.a(VDAC_TIA.o)
 .debug_line    0x00002cd9       0xaf .\CortexM3\ARM_GCC_541\Debug\Group2.a(VDAC_TIA_PM.o)
 .debug_line    0x00002d88       0xb4 .\CortexM3\ARM_GCC_541\Debug\Group2.a(DVDAC_PM.o)
 .debug_line    0x00002e3c      0x391 .\CortexM3\ARM_GCC_541\Debug\Group2.a(ADC_SigDel.o)
 .debug_line    0x000031cd       0xbb .\CortexM3\ARM_GCC_541\Debug\Group2.a(ADC_SigDel_PM.o)
 .debug_line    0x00003288       0x87 .\CortexM3\ARM_GCC_541\Debug\Group2.a(ADC_SigDel_INT.o)
 .debug_line    0x0000330f       0xb2 .\CortexM3\ARM_GCC_541\Debug\Group2.a(AMux_TIA_input.o)
 .debug_line    0x000033c1       0xbc .\CortexM3\ARM_GCC_541\Debug\Group2.a(AMux_TIA_resistor_bypass.o)
 .debug_line    0x0000347d       0x86 .\CortexM3\ARM_GCC_541\Debug\Group2.a(DVDAC_DMA_dma.o)
 .debug_line    0x00003503       0xe7 .\CortexM3\ARM_GCC_541\Debug\Group2.a(DVDAC_VDAC8.o)
 .debug_line    0x000035ea       0xb5 .\CortexM3\ARM_GCC_541\Debug\Group2.a(DVDAC_VDAC8_PM.o)
 .debug_line    0x0000369f      0x17d .\CortexM3\ARM_GCC_541\Debug\Group2.a(DVDAC_IntClock.o)
 .debug_line    0x0000381c      0x184 .\CortexM3\ARM_GCC_541\Debug\Group2.a(ADC_SigDel_Ext_CP_Clk.o)
 .debug_line    0x000039a0      0x1a4 .\CortexM3\ARM_GCC_541\Debug\Group2.a(ADC_SigDel_theACLK.o)
 .debug_line    0x00003b44      0x13f .\CortexM3\ARM_GCC_541\Debug\Group2.a(PWM_isr.o)
 .debug_line    0x00003c83       0xaf .\CortexM3\ARM_GCC_541\Debug\Group2.a(PWM_isr_PM.o)
 .debug_line    0x00003d32      0x134 .\CortexM3\ARM_GCC_541\Debug\Group2.a(isr_dac.o)
 .debug_line    0x00003e66      0x134 .\CortexM3\ARM_GCC_541\Debug\Group2.a(isr_adc.o)
 .debug_line    0x00003f9a      0x137 .\CortexM3\ARM_GCC_541\Debug\Group2.a(isr_adcAmp.o)
 .debug_line    0x000040d1       0x66 .\CortexM3\ARM_GCC_541\Debug\Group2.a(CyBootAsmGnu.o)
 .debug_line    0x00004137      0x21a .\CortexM3\ARM_GCC_541\Debug\Group2.a(CyFlash.o)
 .debug_line    0x00004351      0x260 .\CortexM3\ARM_GCC_541\Debug\Group2.a(CySpc.o)

.debug_frame    0x00000000     0x2900
 *(.debug_frame)
 .debug_frame   0x00000000       0x2c .\CortexM3\ARM_GCC_541\Debug\main.o
 .debug_frame   0x0000002c       0x6c .\CortexM3\ARM_GCC_541\Debug\InterruptRoutines.o
 .debug_frame   0x00000098       0x88 .\CortexM3\ARM_GCC_541\Debug\Calibration.o
 .debug_frame   0x00000120       0xc8 .\CortexM3\ARM_GCC_541\Debug\Helper_functions.o
 .debug_frame   0x000001e8       0xc0 .\CortexM3\ARM_GCC_541\Debug\DVDAC.o
 .debug_frame   0x000002a8       0xb8 .\CortexM3\ARM_GCC_541\Debug\user_selections.o
 .debug_frame   0x00000360       0x50 .\CortexM3\ARM_GCC_541\Debug\lut_functions.o
 .debug_frame   0x000003b0      0x13c .\CortexM3\ARM_GCC_541\Debug\cyfitter_cfg.o
 .debug_frame   0x000004ec       0xb8 .\CortexM3\ARM_GCC_541\Debug\Cm3Start.o
 .debug_frame   0x000005a4      0x1f8 .\CortexM3\ARM_GCC_541\Debug\Group2.a(CyDmac.o)
 .debug_frame   0x0000079c      0x738 .\CortexM3\ARM_GCC_541\Debug\Group2.a(CyLib.o)
 .debug_frame   0x00000ed4      0x1f8 .\CortexM3\ARM_GCC_541\Debug\Group2.a(cyPm.o)
 .debug_frame   0x000010cc      0x25c .\CortexM3\ARM_GCC_541\Debug\Group2.a(UART.o)
 .debug_frame   0x00001328       0x20 .\CortexM3\ARM_GCC_541\Debug\Group2.a(UART_INT.o)
 .debug_frame   0x00001348       0xe0 .\CortexM3\ARM_GCC_541\Debug\Group2.a(UART_IntClock.o)
 .debug_frame   0x00001428       0x78 .\CortexM3\ARM_GCC_541\Debug\Group2.a(Opamp_Aux.o)
 .debug_frame   0x000014a0       0x68 .\CortexM3\ARM_GCC_541\Debug\Group2.a(Opamp_Aux_PM.o)
 .debug_frame   0x00001508       0xd0 .\CortexM3\ARM_GCC_541\Debug\Group2.a(IDAC_calibrate.o)
 .debug_frame   0x000015d8       0x98 .\CortexM3\ARM_GCC_541\Debug\Group2.a(TIA.o)
 .debug_frame   0x00001670       0x68 .\CortexM3\ARM_GCC_541\Debug\Group2.a(TIA_PM.o)
 .debug_frame   0x000016d8       0xb4 .\CortexM3\ARM_GCC_541\Debug\Group2.a(VDAC_TIA.o)
 .debug_frame   0x0000178c       0x68 .\CortexM3\ARM_GCC_541\Debug\Group2.a(VDAC_TIA_PM.o)
 .debug_frame   0x000017f4       0x80 .\CortexM3\ARM_GCC_541\Debug\Group2.a(DVDAC_PM.o)
 .debug_frame   0x00001874      0x288 .\CortexM3\ARM_GCC_541\Debug\Group2.a(ADC_SigDel.o)
 .debug_frame   0x00001afc       0x68 .\CortexM3\ARM_GCC_541\Debug\Group2.a(ADC_SigDel_PM.o)
 .debug_frame   0x00001b64       0x50 .\CortexM3\ARM_GCC_541\Debug\Group2.a(ADC_SigDel_INT.o)
 .debug_frame   0x00001bb4       0x64 .\CortexM3\ARM_GCC_541\Debug\Group2.a(AMux_TIA_input.o)
 .debug_frame   0x00001c18       0x64 .\CortexM3\ARM_GCC_541\Debug\Group2.a(AMux_TIA_resistor_bypass.o)
 .debug_frame   0x00001c7c       0x54 .\CortexM3\ARM_GCC_541\Debug\Group2.a(DVDAC_DMA_dma.o)
 .debug_frame   0x00001cd0       0xb4 .\CortexM3\ARM_GCC_541\Debug\Group2.a(DVDAC_VDAC8.o)
 .debug_frame   0x00001d84       0x68 .\CortexM3\ARM_GCC_541\Debug\Group2.a(DVDAC_VDAC8_PM.o)
 .debug_frame   0x00001dec       0xe0 .\CortexM3\ARM_GCC_541\Debug\Group2.a(DVDAC_IntClock.o)
 .debug_frame   0x00001ecc       0xe0 .\CortexM3\ARM_GCC_541\Debug\Group2.a(ADC_SigDel_Ext_CP_Clk.o)
 .debug_frame   0x00001fac      0x100 .\CortexM3\ARM_GCC_541\Debug\Group2.a(ADC_SigDel_theACLK.o)
 .debug_frame   0x000020ac       0xf8 .\CortexM3\ARM_GCC_541\Debug\Group2.a(PWM_isr.o)
 .debug_frame   0x000021a4       0x80 .\CortexM3\ARM_GCC_541\Debug\Group2.a(PWM_isr_PM.o)
 .debug_frame   0x00002224      0x104 .\CortexM3\ARM_GCC_541\Debug\Group2.a(isr_dac.o)
 .debug_frame   0x00002328      0x104 .\CortexM3\ARM_GCC_541\Debug\Group2.a(isr_adc.o)
 .debug_frame   0x0000242c      0x104 .\CortexM3\ARM_GCC_541\Debug\Group2.a(isr_adcAmp.o)
 .debug_frame   0x00002530      0x194 .\CortexM3\ARM_GCC_541\Debug\Group2.a(CyFlash.o)
 .debug_frame   0x000026c4      0x180 .\CortexM3\ARM_GCC_541\Debug\Group2.a(CySpc.o)
 .debug_frame   0x00002844       0x20 c:/program files (x86)/cypress/psoc creator/4.4/psoc creator/import/gnu/arm/5.4.1/bin/../lib/gcc/arm-none-eabi/5.4.1/../../../../arm-none-eabi/lib/armv7-m\libg_nano.a(lib_a-errno.o)
 .debug_frame   0x00002864       0x28 c:/program files (x86)/cypress/psoc creator/4.4/psoc creator/import/gnu/arm/5.4.1/bin/../lib/gcc/arm-none-eabi/5.4.1/../../../../arm-none-eabi/lib/armv7-m\libg_nano.a(lib_a-exit.o)
 .debug_frame   0x0000288c       0x2c c:/program files (x86)/cypress/psoc creator/4.4/psoc creator/import/gnu/arm/5.4.1/bin/../lib/gcc/arm-none-eabi/5.4.1/../../../../arm-none-eabi/lib/armv7-m\libg_nano.a(lib_a-init.o)
 .debug_frame   0x000028b8       0x28 c:/program files (x86)/cypress/psoc creator/4.4/psoc creator/import/gnu/arm/5.4.1/bin/../lib/gcc/arm-none-eabi/5.4.1/../../../../arm-none-eabi/lib/armv7-m\libg_nano.a(lib_a-memcpy-stub.o)
 .debug_frame   0x000028e0       0x20 c:/program files (x86)/cypress/psoc creator/4.4/psoc creator/import/gnu/arm/5.4.1/bin/../lib/gcc/arm-none-eabi/5.4.1/../../../../arm-none-eabi/lib/armv7-m\libg_nano.a(lib_a-memset.o)

.debug_str      0x00000000     0x3854
 *(.debug_str)
 .debug_str     0x00000000      0x42f .\CortexM3\ARM_GCC_541\Debug\main.o
                                0x498 (size before relaxing)
 .debug_str     0x0000042f       0xe8 .\CortexM3\ARM_GCC_541\Debug\InterruptRoutines.o
                                0x420 (size before relaxing)
 .debug_str     0x00000517      0x1cc .\CortexM3\ARM_GCC_541\Debug\Calibration.o
                                0x4f3 (size before relaxing)
 .debug_str     0x000006e3      0x16d .\CortexM3\ARM_GCC_541\Debug\Helper_functions.o
                                0x506 (size before relaxing)
 .debug_str     0x00000850      0x194 .\CortexM3\ARM_GCC_541\Debug\DVDAC.o
                                0x34e (size before relaxing)
 .debug_str     0x000009e4       0xdb .\CortexM3\ARM_GCC_541\Debug\user_selections.o
                                0x4c0 (size before relaxing)
 .debug_str     0x00000abf       0x4a .\CortexM3\ARM_GCC_541\Debug\lut_functions.o
                                0x331 (size before relaxing)
 .debug_str     0x00000b09      0x242 .\CortexM3\ARM_GCC_541\Debug\cyfitter_cfg.o
                                0x408 (size before relaxing)
 .debug_str     0x00000d4b       0x75 .\CortexM3\ARM_GCC_541\Debug\cymetadata.o
                                0x1f5 (size before relaxing)
 .debug_str     0x00000dc0      0x14d .\CortexM3\ARM_GCC_541\Debug\Cm3Start.o
                                0x32b (size before relaxing)
 .debug_str     0x00000f0d      0x318 .\CortexM3\ARM_GCC_541\Debug\Group2.a(CyDmac.o)
                                0x55b (size before relaxing)
 .debug_str     0x00001225      0x7cb .\CortexM3\ARM_GCC_541\Debug\Group2.a(CyLib.o)
                                0xa58 (size before relaxing)
 .debug_str     0x000019f0      0x365 .\CortexM3\ARM_GCC_541\Debug\Group2.a(cyPm.o)
                                0x744 (size before relaxing)
 .debug_str     0x00001d55      0x2bf .\CortexM3\ARM_GCC_541\Debug\Group2.a(UART.o)
                                0x507 (size before relaxing)
 .debug_str     0x00002014       0x2d .\CortexM3\ARM_GCC_541\Debug\Group2.a(UART_INT.o)
                                0x1f7 (size before relaxing)
 .debug_str     0x00002041      0x183 .\CortexM3\ARM_GCC_541\Debug\Group2.a(UART_IntClock.o)
                                0x347 (size before relaxing)
 .debug_str     0x000021c4       0x7d .\CortexM3\ARM_GCC_541\Debug\Group2.a(Opamp_Aux.o)
                                0x224 (size before relaxing)
 .debug_str     0x00002241       0x88 .\CortexM3\ARM_GCC_541\Debug\Group2.a(Opamp_Aux_PM.o)
                                0x260 (size before relaxing)
 .debug_str     0x000022c9       0xc5 .\CortexM3\ARM_GCC_541\Debug\Group2.a(IDAC_calibrate.o)
                                0x2ae (size before relaxing)
 .debug_str     0x0000238e       0x64 .\CortexM3\ARM_GCC_541\Debug\Group2.a(TIA.o)
                                0x234 (size before relaxing)
 .debug_str     0x000023f2       0x4d .\CortexM3\ARM_GCC_541\Debug\Group2.a(TIA_PM.o)
                                0x245 (size before relaxing)
 .debug_str     0x0000243f       0xa6 .\CortexM3\ARM_GCC_541\Debug\Group2.a(VDAC_TIA.o)
                                0x24e (size before relaxing)
 .debug_str     0x000024e5       0x81 .\CortexM3\ARM_GCC_541\Debug\Group2.a(VDAC_TIA_PM.o)
                                0x25e (size before relaxing)
 .debug_str     0x00002566       0x99 .\CortexM3\ARM_GCC_541\Debug\Group2.a(DVDAC_PM.o)
                                0x258 (size before relaxing)
 .debug_str     0x000025ff      0x406 .\CortexM3\ARM_GCC_541\Debug\Group2.a(ADC_SigDel.o)
                                0x6e2 (size before relaxing)
 .debug_str     0x00002a05       0x87 .\CortexM3\ARM_GCC_541\Debug\Group2.a(ADC_SigDel_PM.o)
                                0x287 (size before relaxing)
 .debug_str     0x00002a8c       0x68 .\CortexM3\ARM_GCC_541\Debug\Group2.a(ADC_SigDel_INT.o)
                                0x1f4 (size before relaxing)
 .debug_str     0x00002af4       0x62 .\CortexM3\ARM_GCC_541\Debug\Group2.a(AMux_TIA_input.o)
                                0x23a (size before relaxing)
 .debug_str     0x00002b56       0x7b .\CortexM3\ARM_GCC_541\Debug\Group2.a(AMux_TIA_resistor_bypass.o)
                                0x280 (size before relaxing)
 .debug_str     0x00002bd1       0x8b .\CortexM3\ARM_GCC_541\Debug\Group2.a(DVDAC_DMA_dma.o)
                                0x28d (size before relaxing)
 .debug_str     0x00002c5c       0x9e .\CortexM3\ARM_GCC_541\Debug\Group2.a(DVDAC_VDAC8.o)
                                0x26c (size before relaxing)
 .debug_str     0x00002cfa       0x79 .\CortexM3\ARM_GCC_541\Debug\Group2.a(DVDAC_VDAC8_PM.o)
                                0x27c (size before relaxing)
 .debug_str     0x00002d73      0x142 .\CortexM3\ARM_GCC_541\Debug\Group2.a(DVDAC_IntClock.o)
                                0x353 (size before relaxing)
 .debug_str     0x00002eb5      0x170 .\CortexM3\ARM_GCC_541\Debug\Group2.a(ADC_SigDel_Ext_CP_Clk.o)
                                0x3a7 (size before relaxing)
 .debug_str     0x00003025      0x1a3 .\CortexM3\ARM_GCC_541\Debug\Group2.a(ADC_SigDel_theACLK.o)
                                0x3d4 (size before relaxing)
 .debug_str     0x000031c8      0x10c .\CortexM3\ARM_GCC_541\Debug\Group2.a(PWM_isr.o)
                                0x2fd (size before relaxing)
 .debug_str     0x000032d4       0xa4 .\CortexM3\ARM_GCC_541\Debug\Group2.a(PWM_isr_PM.o)
                                0x304 (size before relaxing)
 .debug_str     0x00003378       0xc2 .\CortexM3\ARM_GCC_541\Debug\Group2.a(isr_dac.o)
                                0x2d3 (size before relaxing)
 .debug_str     0x0000343a       0xd3 .\CortexM3\ARM_GCC_541\Debug\Group2.a(isr_adc.o)
                                0x2d3 (size before relaxing)
 .debug_str     0x0000350d       0xe0 .\CortexM3\ARM_GCC_541\Debug\Group2.a(isr_adcAmp.o)
                                0x2fd (size before relaxing)
 .debug_str     0x000035ed      0x1bb .\CortexM3\ARM_GCC_541\Debug\Group2.a(CyFlash.o)
                                0x3d1 (size before relaxing)
 .debug_str     0x000037a8       0xac .\CortexM3\ARM_GCC_541\Debug\Group2.a(CySpc.o)
                                0x349 (size before relaxing)

.debug_loc      0x00000000     0x3c5d
 *(.debug_loc)
 .debug_loc     0x00000000       0x3d .\CortexM3\ARM_GCC_541\Debug\main.o
 .debug_loc     0x0000003d       0xa4 .\CortexM3\ARM_GCC_541\Debug\Calibration.o
 .debug_loc     0x000000e1       0xfe .\CortexM3\ARM_GCC_541\Debug\Helper_functions.o
 .debug_loc     0x000001df       0x7b .\CortexM3\ARM_GCC_541\Debug\DVDAC.o
 .debug_loc     0x0000025a       0x7f .\CortexM3\ARM_GCC_541\Debug\user_selections.o
 .debug_loc     0x000002d9      0x111 .\CortexM3\ARM_GCC_541\Debug\lut_functions.o
 .debug_loc     0x000003ea      0x285 .\CortexM3\ARM_GCC_541\Debug\cyfitter_cfg.o
 .debug_loc     0x0000066f      0x144 .\CortexM3\ARM_GCC_541\Debug\Cm3Start.o
 .debug_loc     0x000007b3      0xb8e .\CortexM3\ARM_GCC_541\Debug\Group2.a(CyDmac.o)
 .debug_loc     0x00001341      0xa11 .\CortexM3\ARM_GCC_541\Debug\Group2.a(CyLib.o)
 .debug_loc     0x00001d52      0x1e4 .\CortexM3\ARM_GCC_541\Debug\Group2.a(cyPm.o)
 .debug_loc     0x00001f36      0x276 .\CortexM3\ARM_GCC_541\Debug\Group2.a(UART.o)
 .debug_loc     0x000021ac      0x128 .\CortexM3\ARM_GCC_541\Debug\Group2.a(UART_IntClock.o)
 .debug_loc     0x000022d4       0x21 .\CortexM3\ARM_GCC_541\Debug\Group2.a(Opamp_Aux.o)
 .debug_loc     0x000022f5       0x76 .\CortexM3\ARM_GCC_541\Debug\Group2.a(IDAC_calibrate.o)
 .debug_loc     0x0000236b       0x81 .\CortexM3\ARM_GCC_541\Debug\Group2.a(TIA.o)
 .debug_loc     0x000023ec       0x79 .\CortexM3\ARM_GCC_541\Debug\Group2.a(VDAC_TIA.o)
 .debug_loc     0x00002465      0x6b6 .\CortexM3\ARM_GCC_541\Debug\Group2.a(ADC_SigDel.o)
 .debug_loc     0x00002b1b       0x6c .\CortexM3\ARM_GCC_541\Debug\Group2.a(AMux_TIA_input.o)
 .debug_loc     0x00002b87       0x6c .\CortexM3\ARM_GCC_541\Debug\Group2.a(AMux_TIA_resistor_bypass.o)
 .debug_loc     0x00002bf3       0x84 .\CortexM3\ARM_GCC_541\Debug\Group2.a(DVDAC_DMA_dma.o)
 .debug_loc     0x00002c77       0x79 .\CortexM3\ARM_GCC_541\Debug\Group2.a(DVDAC_VDAC8.o)
 .debug_loc     0x00002cf0      0x128 .\CortexM3\ARM_GCC_541\Debug\Group2.a(DVDAC_IntClock.o)
 .debug_loc     0x00002e18      0x12c .\CortexM3\ARM_GCC_541\Debug\Group2.a(ADC_SigDel_Ext_CP_Clk.o)
 .debug_loc     0x00002f44      0x14d .\CortexM3\ARM_GCC_541\Debug\Group2.a(ADC_SigDel_theACLK.o)
 .debug_loc     0x00003091       0x13 .\CortexM3\ARM_GCC_541\Debug\Group2.a(PWM_isr.o)
 .debug_loc     0x000030a4       0x56 .\CortexM3\ARM_GCC_541\Debug\Group2.a(isr_dac.o)
 .debug_loc     0x000030fa       0x56 .\CortexM3\ARM_GCC_541\Debug\Group2.a(isr_adc.o)
 .debug_loc     0x00003150       0x56 .\CortexM3\ARM_GCC_541\Debug\Group2.a(isr_adcAmp.o)
 .debug_loc     0x000031a6      0x3b2 .\CortexM3\ARM_GCC_541\Debug\Group2.a(CyFlash.o)
 .debug_loc     0x00003558      0x705 .\CortexM3\ARM_GCC_541\Debug\Group2.a(CySpc.o)

.debug_macinfo
 *(.debug_macinfo)

.debug_ranges   0x00000000      0xeb8
 *(.debug_ranges)
 .debug_ranges  0x00000000       0x10 .\CortexM3\ARM_GCC_541\Debug\main.o
 .debug_ranges  0x00000010       0x20 .\CortexM3\ARM_GCC_541\Debug\InterruptRoutines.o
 .debug_ranges  0x00000030       0x28 .\CortexM3\ARM_GCC_541\Debug\Calibration.o
 .debug_ranges  0x00000058       0x68 .\CortexM3\ARM_GCC_541\Debug\Helper_functions.o
 .debug_ranges  0x000000c0       0x38 .\CortexM3\ARM_GCC_541\Debug\DVDAC.o
 .debug_ranges  0x000000f8       0x38 .\CortexM3\ARM_GCC_541\Debug\user_selections.o
 .debug_ranges  0x00000130       0x20 .\CortexM3\ARM_GCC_541\Debug\lut_functions.o
 .debug_ranges  0x00000150       0x68 .\CortexM3\ARM_GCC_541\Debug\cyfitter_cfg.o
 .debug_ranges  0x000001b8       0x38 .\CortexM3\ARM_GCC_541\Debug\Cm3Start.o
 .debug_ranges  0x000001f0       0xc8 .\CortexM3\ARM_GCC_541\Debug\Group2.a(CyDmac.o)
 .debug_ranges  0x000002b8      0x290 .\CortexM3\ARM_GCC_541\Debug\Group2.a(CyLib.o)
 .debug_ranges  0x00000548       0x88 .\CortexM3\ARM_GCC_541\Debug\Group2.a(cyPm.o)
 .debug_ranges  0x000005d0       0xe0 .\CortexM3\ARM_GCC_541\Debug\Group2.a(UART.o)
 .debug_ranges  0x000006b0       0x10 .\CortexM3\ARM_GCC_541\Debug\Group2.a(UART_INT.o)
 .debug_ranges  0x000006c0       0x60 .\CortexM3\ARM_GCC_541\Debug\Group2.a(UART_IntClock.o)
 .debug_ranges  0x00000720       0x30 .\CortexM3\ARM_GCC_541\Debug\Group2.a(Opamp_Aux.o)
 .debug_ranges  0x00000750       0x28 .\CortexM3\ARM_GCC_541\Debug\Group2.a(Opamp_Aux_PM.o)
 .debug_ranges  0x00000778       0x50 .\CortexM3\ARM_GCC_541\Debug\Group2.a(IDAC_calibrate.o)
 .debug_ranges  0x000007c8       0x40 .\CortexM3\ARM_GCC_541\Debug\Group2.a(TIA.o)
 .debug_ranges  0x00000808       0x28 .\CortexM3\ARM_GCC_541\Debug\Group2.a(TIA_PM.o)
 .debug_ranges  0x00000830       0x48 .\CortexM3\ARM_GCC_541\Debug\Group2.a(VDAC_TIA.o)
 .debug_ranges  0x00000878       0x28 .\CortexM3\ARM_GCC_541\Debug\Group2.a(VDAC_TIA_PM.o)
 .debug_ranges  0x000008a0       0x28 .\CortexM3\ARM_GCC_541\Debug\Group2.a(DVDAC_PM.o)
 .debug_ranges  0x000008c8       0xd8 .\CortexM3\ARM_GCC_541\Debug\Group2.a(ADC_SigDel.o)
 .debug_ranges  0x000009a0       0x28 .\CortexM3\ARM_GCC_541\Debug\Group2.a(ADC_SigDel_PM.o)
 .debug_ranges  0x000009c8       0x28 .\CortexM3\ARM_GCC_541\Debug\Group2.a(ADC_SigDel_INT.o)
 .debug_ranges  0x000009f0       0x20 .\CortexM3\ARM_GCC_541\Debug\Group2.a(AMux_TIA_input.o)
 .debug_ranges  0x00000a10       0x20 .\CortexM3\ARM_GCC_541\Debug\Group2.a(AMux_TIA_resistor_bypass.o)
 .debug_ranges  0x00000a30       0x18 .\CortexM3\ARM_GCC_541\Debug\Group2.a(DVDAC_DMA_dma.o)
 .debug_ranges  0x00000a48       0x48 .\CortexM3\ARM_GCC_541\Debug\Group2.a(DVDAC_VDAC8.o)
 .debug_ranges  0x00000a90       0x28 .\CortexM3\ARM_GCC_541\Debug\Group2.a(DVDAC_VDAC8_PM.o)
 .debug_ranges  0x00000ab8       0x60 .\CortexM3\ARM_GCC_541\Debug\Group2.a(DVDAC_IntClock.o)
 .debug_ranges  0x00000b18       0x60 .\CortexM3\ARM_GCC_541\Debug\Group2.a(ADC_SigDel_Ext_CP_Clk.o)
 .debug_ranges  0x00000b78       0x70 .\CortexM3\ARM_GCC_541\Debug\Group2.a(ADC_SigDel_theACLK.o)
 .debug_ranges  0x00000be8       0x70 .\CortexM3\ARM_GCC_541\Debug\Group2.a(PWM_isr.o)
 .debug_ranges  0x00000c58       0x28 .\CortexM3\ARM_GCC_541\Debug\Group2.a(PWM_isr_PM.o)
 .debug_ranges  0x00000c80       0x70 .\CortexM3\ARM_GCC_541\Debug\Group2.a(isr_dac.o)
 .debug_ranges  0x00000cf0       0x70 .\CortexM3\ARM_GCC_541\Debug\Group2.a(isr_adc.o)
 .debug_ranges  0x00000d60       0x70 .\CortexM3\ARM_GCC_541\Debug\Group2.a(isr_adcAmp.o)
 .debug_ranges  0x00000dd0       0x78 .\CortexM3\ARM_GCC_541\Debug\Group2.a(CyFlash.o)
 .debug_ranges  0x00000e48       0x70 .\CortexM3\ARM_GCC_541\Debug\Group2.a(CySpc.o)

.comment        0x00000000       0x6e
 .comment       0x00000000       0x6e .\CortexM3\ARM_GCC_541\Debug\main.o
                                 0x6f (size before relaxing)
 .comment       0x0000006e       0x6f .\CortexM3\ARM_GCC_541\Debug\InterruptRoutines.o
 .comment       0x0000006e       0x6f .\CortexM3\ARM_GCC_541\Debug\Calibration.o
 .comment       0x0000006e       0x6f .\CortexM3\ARM_GCC_541\Debug\Helper_functions.o
 .comment       0x0000006e       0x6f .\CortexM3\ARM_GCC_541\Debug\DVDAC.o
 .comment       0x0000006e       0x6f .\CortexM3\ARM_GCC_541\Debug\user_selections.o
 .comment       0x0000006e       0x6f .\CortexM3\ARM_GCC_541\Debug\lut_functions.o
 .comment       0x0000006e       0x6f .\CortexM3\ARM_GCC_541\Debug\cyfitter_cfg.o
 .comment       0x0000006e       0x6f .\CortexM3\ARM_GCC_541\Debug\cymetadata.o
 .comment       0x0000006e       0x6f .\CortexM3\ARM_GCC_541\Debug\Cm3Start.o
 .comment       0x0000006e       0x6f .\CortexM3\ARM_GCC_541\Debug\Group2.a(CyDmac.o)
 .comment       0x0000006e       0x6f .\CortexM3\ARM_GCC_541\Debug\Group2.a(CyLib.o)
 .comment       0x0000006e       0x6f .\CortexM3\ARM_GCC_541\Debug\Group2.a(cyPm.o)
 .comment       0x0000006e       0x6f .\CortexM3\ARM_GCC_541\Debug\Group2.a(UART.o)
 .comment       0x0000006e       0x6f .\CortexM3\ARM_GCC_541\Debug\Group2.a(UART_INT.o)
 .comment       0x0000006e       0x6f .\CortexM3\ARM_GCC_541\Debug\Group2.a(UART_IntClock.o)
 .comment       0x0000006e       0x6f .\CortexM3\ARM_GCC_541\Debug\Group2.a(Opamp_Aux.o)
 .comment       0x0000006e       0x6f .\CortexM3\ARM_GCC_541\Debug\Group2.a(Opamp_Aux_PM.o)
 .comment       0x0000006e       0x6f .\CortexM3\ARM_GCC_541\Debug\Group2.a(IDAC_calibrate.o)
 .comment       0x0000006e       0x6f .\CortexM3\ARM_GCC_541\Debug\Group2.a(TIA.o)
 .comment       0x0000006e       0x6f .\CortexM3\ARM_GCC_541\Debug\Group2.a(TIA_PM.o)
 .comment       0x0000006e       0x6f .\CortexM3\ARM_GCC_541\Debug\Group2.a(VDAC_TIA.o)
 .comment       0x0000006e       0x6f .\CortexM3\ARM_GCC_541\Debug\Group2.a(VDAC_TIA_PM.o)
 .comment       0x0000006e       0x6f .\CortexM3\ARM_GCC_541\Debug\Group2.a(DVDAC_PM.o)
 .comment       0x0000006e       0x6f .\CortexM3\ARM_GCC_541\Debug\Group2.a(ADC_SigDel.o)
 .comment       0x0000006e       0x6f .\CortexM3\ARM_GCC_541\Debug\Group2.a(ADC_SigDel_PM.o)
 .comment       0x0000006e       0x6f .\CortexM3\ARM_GCC_541\Debug\Group2.a(ADC_SigDel_INT.o)
 .comment       0x0000006e       0x6f .\CortexM3\ARM_GCC_541\Debug\Group2.a(AMux_TIA_input.o)
 .comment       0x0000006e       0x6f .\CortexM3\ARM_GCC_541\Debug\Group2.a(AMux_TIA_resistor_bypass.o)
 .comment       0x0000006e       0x6f .\CortexM3\ARM_GCC_541\Debug\Group2.a(DVDAC_DMA_dma.o)
 .comment       0x0000006e       0x6f .\CortexM3\ARM_GCC_541\Debug\Group2.a(DVDAC_VDAC8.o)
 .comment       0x0000006e       0x6f .\CortexM3\ARM_GCC_541\Debug\Group2.a(DVDAC_VDAC8_PM.o)
 .comment       0x0000006e       0x6f .\CortexM3\ARM_GCC_541\Debug\Group2.a(DVDAC_IntClock.o)
 .comment       0x0000006e       0x6f .\CortexM3\ARM_GCC_541\Debug\Group2.a(ADC_SigDel_Ext_CP_Clk.o)
 .comment       0x0000006e       0x6f .\CortexM3\ARM_GCC_541\Debug\Group2.a(ADC_SigDel_theACLK.o)
 .comment       0x0000006e       0x6f .\CortexM3\ARM_GCC_541\Debug\Group2.a(PWM_isr.o)
 .comment       0x0000006e       0x6f .\CortexM3\ARM_GCC_541\Debug\Group2.a(PWM_isr_PM.o)
 .comment       0x0000006e       0x6f .\CortexM3\ARM_GCC_541\Debug\Group2.a(isr_dac.o)