Archive member included to satisfy reference by file (symbol)

.\CortexM3\ARM_GCC_541\Debug\Group2.a(CyDmac.o)
                              .\CortexM3\ARM_GCC_541\Debug\Cm3Start.o (CyDmacConfigure)
.\CortexM3\ARM_GCC_541\Debug\Group2.a(CyLib.o)
                              .\CortexM3\ARM_GCC_541\Debug\DVDAC.o (CyHalt)
.\CortexM3\ARM_GCC_541\Debug\Group2.a(cyPm.o)
                              .\CortexM3\ARM_GCC_541\Debug\Group2.a(CyLib.o) (CyPmReadStatus)
.\CortexM3\ARM_GCC_541\Debug\Group2.a(UART.o)
                              .\CortexM3\ARM_GCC_541\Debug\main.o (UART_Start)
.\CortexM3\ARM_GCC_541\Debug\Group2.a(UART_INT.o)
                              .\CortexM3\ARM_GCC_541\Debug\Group2.a(UART.o) (UART_TXISR)
.\CortexM3\ARM_GCC_541\Debug\Group2.a(UART_IntClock.o)
                              .\CortexM3\ARM_GCC_541\Debug\Group2.a(UART.o) (UART_IntClock_Start)
.\CortexM3\ARM_GCC_541\Debug\Group2.a(Opamp_Aux.o)
                              .\CortexM3\ARM_GCC_541\Debug\Helper_functions.o (Opamp_Aux_Start)
.\CortexM3\ARM_GCC_541\Debug\Group2.a(Opamp_Aux_PM.o)
                              .\CortexM3\ARM_GCC_541\Debug\Helper_functions.o (Opamp_Aux_Sleep)
.\CortexM3\ARM_GCC_541\Debug\Group2.a(IDAC_calibrate.o)
                              .\CortexM3\ARM_GCC_541\Debug\Calibration.o (IDAC_calibrate_Stop)
.\CortexM3\ARM_GCC_541\Debug\Group2.a(TIA.o)
                              .\CortexM3\ARM_GCC_541\Debug\Helper_functions.o (TIA_Start)
.\CortexM3\ARM_GCC_541\Debug\Group2.a(TIA_PM.o)
                              .\CortexM3\ARM_GCC_541\Debug\Calibration.o (TIA_Sleep)
.\CortexM3\ARM_GCC_541\Debug\Group2.a(VDAC_TIA.o)
                              .\CortexM3\ARM_GCC_541\Debug\Helper_functions.o (VDAC_TIA_Start)
.\CortexM3\ARM_GCC_541\Debug\Group2.a(VDAC_TIA_PM.o)
                              .\CortexM3\ARM_GCC_541\Debug\Calibration.o (VDAC_TIA_Sleep)
.\CortexM3\ARM_GCC_541\Debug\Group2.a(DVDAC_PM.o)
                              .\CortexM3\ARM_GCC_541\Debug\Helper_functions.o (DVDAC_Sleep)
.\CortexM3\ARM_GCC_541\Debug\Group2.a(ADC_SigDel.o)
                              .\CortexM3\ARM_GCC_541\Debug\Helper_functions.o (ADC_SigDel_Start)
.\CortexM3\ARM_GCC_541\Debug\Group2.a(ADC_SigDel_PM.o)
                              .\CortexM3\ARM_GCC_541\Debug\Calibration.o (ADC_SigDel_Sleep)
.\CortexM3\ARM_GCC_541\Debug\Group2.a(ADC_SigDel_INT.o)
                              .\CortexM3\ARM_GCC_541\Debug\Group2.a(ADC_SigDel.o) (ADC_SigDel_ISR1)
.\CortexM3\ARM_GCC_541\Debug\Group2.a(AMux_TIA_input.o)
                              .\CortexM3\ARM_GCC_541\Debug\Helper_functions.o (AMux_TIA_input_Start)
.\CortexM3\ARM_GCC_541\Debug\Group2.a(AMux_TIA_resistor_bypass.o)
                              .\CortexM3\ARM_GCC_541\Debug\Helper_functions.o (AMux_TIA_resistor_bypass_Start)
.\CortexM3\ARM_GCC_541\Debug\Group2.a(DVDAC_DMA_dma.o)
                              .\CortexM3\ARM_GCC_541\Debug\DVDAC.o (DVDAC_DMA_DmaInitialize)
.\CortexM3\ARM_GCC_541\Debug\Group2.a(DVDAC_VDAC8.o)
                              .\CortexM3\ARM_GCC_541\Debug\DVDAC.o (DVDAC_VDAC8_Enable)
.\CortexM3\ARM_GCC_541\Debug\Group2.a(DVDAC_VDAC8_PM.o)
                              .\CortexM3\ARM_GCC_541\Debug\Group2.a(DVDAC_PM.o) (DVDAC_VDAC8_SaveConfig)
.\CortexM3\ARM_GCC_541\Debug\Group2.a(DVDAC_IntClock.o)
                              .\CortexM3\ARM_GCC_541\Debug\DVDAC.o (DVDAC_IntClock_Start)
.\CortexM3\ARM_GCC_541\Debug\Group2.a(ADC_SigDel_Ext_CP_Clk.o)
                              .\CortexM3\ARM_GCC_541\Debug\Group2.a(ADC_SigDel.o) (ADC_SigDel_Ext_CP_Clk_SetModeRegister)
.\CortexM3\ARM_GCC_541\Debug\Group2.a(ADC_SigDel_theACLK.o)
                              .\CortexM3\ARM_GCC_541\Debug\Group2.a(ADC_SigDel.o) (ADC_SigDel_theACLK_SetModeRegister)
.\CortexM3\ARM_GCC_541\Debug\Group2.a(PWM_isr.o)
                              .\CortexM3\ARM_GCC_541\Debug\user_selections.o (PWM_isr_WritePeriod)
.\CortexM3\ARM_GCC_541\Debug\Group2.a(PWM_isr_PM.o)
                              .\CortexM3\ARM_GCC_541\Debug\Helper_functions.o (PWM_isr_Sleep)
.\CortexM3\ARM_GCC_541\Debug\Group2.a(isr_dac.o)
                              .\CortexM3\ARM_GCC_541\Debug\user_selections.o (isr_dac_Enable)
.\CortexM3\ARM_GCC_541\Debug\Group2.a(isr_adc.o)
                              .\CortexM3\ARM_GCC_541\Debug\user_selections.o (isr_adc_Enable)
.\CortexM3\ARM_GCC_541\Debug\Group2.a(isr_adcAmp.o)
                              .\CortexM3\ARM_GCC_541\Debug\user_selections.o (isr_adcAmp_Enable)
.\CortexM3\ARM_GCC_541\Debug\Group2.a(CyBootAsmGnu.o)
                              .\CortexM3\ARM_GCC_541\Debug\cyfitter_cfg.o (CyDelayCycles)
.\CortexM3\ARM_GCC_541\Debug\Group2.a(CyFlash.o)
                              .\CortexM3\ARM_GCC_541\Debug\Group2.a(cyPm.o) (CyFlash_SetWaitCycles)
.\CortexM3\ARM_GCC_541\Debug\Group2.a(CySpc.o)
                              .\CortexM3\ARM_GCC_541\Debug\Group2.a(CyFlash.o) (CySpcStart)
[...]
Memory Configuration

Name             Origin             Length             Attributes
rom              0x00000000         0x00040000         xr
ram              0x1fff8000         0x00010000         xrw
*default*        0x00000000         0xffffffff

Linker script and memory map

LOAD c:/program files (x86)/cypress/psoc creator/4.4/psoc creator/import/gnu/arm/5.4.1/bin/../lib/gcc/arm-none-eabi/5.4.1/armv7-m/crti.o
LOAD c:/program files (x86)/cypress/psoc creator/4.4/psoc creator/import/gnu/arm/5.4.1/bin/../lib/gcc/arm-none-eabi/5.4.1/armv7-m/crtbegin.o
LOAD c:/program files (x86)/cypress/psoc creator/4.4/psoc creator/import/gnu/arm/5.4.1/bin/../lib/gcc/arm-none-eabi/5.4.1/../../../../arm-none-eabi/lib/armv7-m/crt0.o
START GROUP
LOAD .\CortexM3\ARM_GCC_541\Debug\main.o
LOAD .\CortexM3\ARM_GCC_541\Debug\InterruptRoutines.o
LOAD .\CortexM3\ARM_GCC_541\Debug\Calibration.o
LOAD .\CortexM3\ARM_GCC_541\Debug\Helper_functions.o
LOAD .\CortexM3\ARM_GCC_541\Debug\DVDAC.o
LOAD .\CortexM3\ARM_GCC_541\Debug\user_selections.o
LOAD .\CortexM3\ARM_GCC_541\Debug\lut_functions.o
LOAD .\CortexM3\ARM_GCC_541\Debug\cyfitter_cfg.o
LOAD .\CortexM3\ARM_GCC_541\Debug\cymetadata.o
LOAD .\CortexM3\ARM_GCC_541\Debug\Cm3Start.o
LOAD .\CortexM3\ARM_GCC_541\Debug\Group2.a
LOAD C:\Program Files (x86)\Cypress\PSoC Creator\4.4\PSoC Creator\psoc\content\cycomponentlibrary\CyComponentLibrary.cylib\CortexM3\ARM_GCC_541\Debug\CyComponentLibrary.a
LOAD c:/program files (x86)/cypress/psoc creator/4.4/psoc creator/import/gnu/arm/5.4.1/bin/../lib/gcc/arm-none-eabi/5.4.1/../../../../arm-none-eabi/lib/armv7-m\libm.a
END GROUP
START GROUP
LOAD c:/program files (x86)/cypress/psoc creator/4.4/psoc creator/import/gnu/arm/5.4.1/bin/../lib/gcc/arm-none-eabi/5.4.1/armv7-m\libgcc.a
LOAD c:/program files (x86)/cypress/psoc creator/4.4/psoc creator/import/gnu/arm/5.4.1/bin/../lib/gcc/arm-none-eabi/5.4.1/../../../../arm-none-eabi/lib/armv7-m\libg_nano.a
LOAD c:/program files (x86)/cypress/psoc creator/4.4/psoc creator/import/gnu/arm/5.4.1/bin/../lib/gcc/arm-none-eabi/5.4.1/../../../../arm-none-eabi/lib/armv7-m\libc_nano.a
END GROUP
START GROUP
LOAD c:/program files (x86)/cypress/psoc creator/4.4/psoc creator/import/gnu/arm/5.4.1/bin/../lib/gcc/arm-none-eabi/5.4.1/armv7-m\libgcc.a
LOAD c:/program files (x86)/cypress/psoc creator/4.4/psoc creator/import/gnu/arm/5.4.1/bin/../lib/gcc/arm-none-eabi/5.4.1/../../../../arm-none-eabi/lib/armv7-m\libc_nano.a
END GROUP
LOAD c:/program files (x86)/cypress/psoc creator/4.4/psoc creator/import/gnu/arm/5.4.1/bin/../lib/gcc/arm-none-eabi/5.4.1/armv7-m/crtend.o
LOAD c:/program files (x86)/cypress/psoc creator/4.4/psoc creator/import/gnu/arm/5.4.1/bin/../lib/gcc/arm-none-eabi/5.4.1/armv7-m/crtn.o
START GROUP
LOAD c:/program files (x86)/cypress/psoc creator/4.4/psoc creator/import/gnu/arm/5.4.1/bin/../lib/gcc/arm-none-eabi/5.4.1/armv7-m\libgcc.a
LOAD c:/program files (x86)/cypress/psoc creator/4.4/psoc creator/import/gnu/arm/5.4.1/bin/../lib/gcc/arm-none-eabi/5.4.1/../../../../arm-none-eabi/lib/armv7-m\libc.a
LOAD c:/program files (x86)/cypress/psoc creator/4.4/psoc creator/import/gnu/arm/5.4.1/bin/../lib/gcc/arm-none-eabi/5.4.1/../../../../arm-none-eabi/lib/armv7-m\libnosys.a
END GROUP
                0x00000000                CY_APPL_ORIGIN = 0x0
                0x00000100                CY_FLASH_ROW_SIZE = 0x100
                0x00000020                CY_ECC_ROW_SIZE = 0x20
                0x00000000                CY_EE_IN_BTLDR = 0x0
                0x00000000                CY_APPL_LOADABLE = 0x0
                0x00000800                CY_EE_SIZE = 0x800
                0x00000001                CY_APPL_NUM = 0x1
                0x00000001                CY_APPL_MAX = 0x1
                0x00000040                CY_METADATA_SIZE = 0x40
                0x00000000                CY_APPL_LOADABLE = 0x0
                0x00000000                CY_CHECKSUM_EXCLUDE_SIZE = ALIGN (0x0, CY_FLASH_ROW_SIZE)
                [!provide]                PROVIDE (__cy_heap_start, _end)
                0x00000001                PROVIDE (__cy_region_num, ((__cy_regions_end - __cy_regions) / 0x10))
                0x20008000                PROVIDE (__cy_stack, (ORIGIN (ram) + LENGTH (ram)))
                [!provide]                PROVIDE (__cy_heap_end, (__cy_stack - 0x800))

.cybootloader   0x00000000        0x0
 *(.cybootloader)
                0x00000000                appl1_start = CY_APPL_ORIGIN?CY_APPL_ORIGIN:ALIGN (CY_FLASH_ROW_SIZE)
                0x0001ff00                appl2_start = (appl1_start + ALIGN ((((LENGTH (rom) - appl1_start) - (0x2 * CY_FLASH_ROW_SIZE)) / 0x2), CY_FLASH_ROW_SIZE))
                0x00000000                appl_start = (CY_APPL_NUM == 0x1)?appl1_start:appl2_start
                0x00000000                ecc_offset = ((appl_start / CY_FLASH_ROW_SIZE) * CY_ECC_ROW_SIZE)
                0x00000000                ee_offset = (CY_APPL_LOADABLE && ! (CY_EE_IN_BTLDR))?((CY_EE_SIZE / CY_APPL_MAX) * (CY_APPL_NUM - 0x1)):0x0
                0x00000800                ee_size = (CY_APPL_LOADABLE && ! (CY_EE_IN_BTLDR))?(CY_EE_SIZE / CY_APPL_MAX):CY_EE_SIZE
                [!provide]                PROVIDE (CY_ECC_OFFSET, ecc_offset)

.text           0x00000000     0x3282
 CREATE_OBJECT_SYMBOLS
                0x00000000                PROVIDE (__cy_interrupt_vector, RomVectors)
 *(.romvectors)
 .romvectors    0x00000000       0x10 .\CortexM3\ARM_GCC_541\Debug\Cm3Start.o
                0x00000000                RomVectors
                0x00000001                ASSERT ((. != __cy_interrupt_vector), No interrupt vector)
                0x00000001                ASSERT (CY_APPL_ORIGIN?(SIZEOF (.cybootloader) <= CY_APPL_ORIGIN):0x1, Wrong image location)
                0x00000010                PROVIDE (__cy_reset, Reset)
 *(.text.Reset)
 .text.Reset    0x00000010       0x18 .\CortexM3\ARM_GCC_541\Debug\Cm3Start.o
                0x00000010                Reset
                0x00000001                ASSERT ((. != __cy_reset), No reset code)
 *(.dma_init)
                0x00000001                ASSERT ((((appl_start + .) <= 0x10000) || 0x1), DMA Init must be within the first 64k of flash)
 *(.text .text.* .gnu.linkonce.t.*)
 .text          0x00000028       0x5c c:/program files (x86)/cypress/psoc creator/4.4/psoc creator/import/gnu/arm/5.4.1/bin/../lib/gcc/arm-none-eabi/5.4.1/armv7-m/crtbegin.o
 .text.main     0x00000084      0x2b4 .\CortexM3\ARM_GCC_541\Debug\main.o
                0x00000084                main
 .text.dacInterrupt
                0x00000338       0x70 .\CortexM3\ARM_GCC_541\Debug\InterruptRoutines.o
                0x00000338                dacInterrupt
 .text.adcInterrupt
                0x000003a8       0x40 .\CortexM3\ARM_GCC_541\Debug\InterruptRoutines.o
                0x000003a8                adcInterrupt
 .text.adcAmpInterrupt
                0x000003e8       0x68 .\CortexM3\ARM_GCC_541\Debug\InterruptRoutines.o
                0x000003e8                adcAmpInterrupt
 .text.Calibrate_Hardware_Wakeup
                0x00000450       0x18 .\CortexM3\ARM_GCC_541\Debug\Calibration.o
 .text.calibrate_step
                0x00000468       0x28 .\CortexM3\ARM_GCC_541\Debug\Calibration.o
 .text.Calibrate_Hardware_Sleep
                0x00000490       0x1c .\CortexM3\ARM_GCC_541\Debug\Calibration.o
 .text.calibrate_TIA
                0x000004ac      0x100 .\CortexM3\ARM_GCC_541\Debug\Calibration.o
                0x000004ac                calibrate_TIA
 .text.helper_HardwareStart
                0x000005ac       0x18 .\CortexM3\ARM_GCC_541\Debug\Helper_functions.o
                0x000005ac                helper_HardwareStart
 .text.helper_HardwareWakeup
                0x000005c4       0x34 .\CortexM3\ARM_GCC_541\Debug\Helper_functions.o
                0x000005c4                helper_HardwareWakeup
 .text.helper_HardwareSleep
                0x000005f8       0x1c .\CortexM3\ARM_GCC_541\Debug\Helper_functions.o
                0x000005f8                helper_HardwareSleep
 .text.helper_HardwareSetup
                0x00000614       0x24 .\CortexM3\ARM_GCC_541\Debug\Helper_functions.o
                0x00000614                helper_HardwareSetup
 .text.helper_search_max
                0x00000638       0x44 .\CortexM3\ARM_GCC_541\Debug\Helper_functions.o
                0x00000638                helper_search_max
 .text.DVDAC_InitDma
                0x0000067c       0x4c .\CortexM3\ARM_GCC_541\Debug\DVDAC.o
 .text.DVDAC_Init
                0x000006c8       0x18 .\CortexM3\ARM_GCC_541\Debug\DVDAC.o
                0x000006c8                DVDAC_Init
 .text.DVDAC_Enable
                0x000006e0       0x1c .\CortexM3\ARM_GCC_541\Debug\DVDAC.o
                0x000006e0                DVDAC_Enable
 .text.DVDAC_Start
                0x000006fc       0x1c .\CortexM3\ARM_GCC_541\Debug\DVDAC.o
                0x000006fc                DVDAC_Start
 .text.DVDAC_Stop
                0x00000718       0x18 .\CortexM3\ARM_GCC_541\Debug\DVDAC.o
                0x00000718                DVDAC_Stop
 .text.DVDAC_SetValue
                0x00000730       0x5c .\CortexM3\ARM_GCC_541\Debug\DVDAC.o
                0x00000730                DVDAC_SetValue
 .text.user_start_cv_run
                0x0000078c       0x50 .\CortexM3\ARM_GCC_541\Debug\user_selections.o
                0x0000078c                user_start_cv_run
 .text.user_set_isr_timer
                0x000007dc       0x40 .\CortexM3\ARM_GCC_541\Debug\user_selections.o
                0x000007dc                user_set_isr_timer
 .text.user_chrono_lut_maker
                0x0000081c       0x34 .\CortexM3\ARM_GCC_541\Debug\user_selections.o
                0x0000081c                user_chrono_lut_maker
 .text.user_lookup_table_maker
                0x00000850       0x34 .\CortexM3\ARM_GCC_541\Debug\user_selections.o
                0x00000850                user_lookup_table_maker
 .text.user_run_amperometry
                0x00000884       0x38 .\CortexM3\ARM_GCC_541\Debug\user_selections.o
                0x00000884                user_run_amperometry
 .text.LUT_make_line
                0x000008bc       0x38 .\CortexM3\ARM_GCC_541\Debug\lut_functions.o
                0x000008bc                LUT_make_line
 .text.LUT_MakeTriangle_Wave
                0x000008f4       0x28 .\CortexM3\ARM_GCC_541\Debug\lut_functions.o
                0x000008f4                LUT_MakeTriangle_Wave
 .text.LUT_MakePulse
                0x0000091c       0x28 .\CortexM3\ARM_GCC_541\Debug\lut_functions.o
                0x0000091c                LUT_MakePulse
 .text.CyClockStartupError
                0x00000944        0x4 .\CortexM3\ARM_GCC_541\Debug\cyfitter_cfg.o
 .text.cfg_write_bytes32
                0x00000948       0x34 .\CortexM3\ARM_GCC_541\Debug\cyfitter_cfg.o
 .text.AnalogSetDefault
                0x0000097c       0x70 .\CortexM3\ARM_GCC_541\Debug\cyfitter_cfg.o
 .text.CYMEMZERO
                0x000009ec        0xc .\CortexM3\ARM_GCC_541\Debug\cyfitter_cfg.o
 .text.CYCONFIGCPY
                0x000009f8        0x8 .\CortexM3\ARM_GCC_541\Debug\cyfitter_cfg.o
 .text.ClockSetup
                0x00000a00      0x108 .\CortexM3\ARM_GCC_541\Debug\cyfitter_cfg.o
 .text.AMux_TIA_input_Set
                0x00000b08       0x34 .\CortexM3\ARM_GCC_541\Debug\cyfitter_cfg.o
                0x00000b08                AMux_TIA_input_Set
 .text.AMux_TIA_input_Unset
                0x00000b3c       0x38 .\CortexM3\ARM_GCC_541\Debug\cyfitter_cfg.o
                0x00000b3c                AMux_TIA_input_Unset
 .text.AMux_TIA_resistor_bypass_Set
                0x00000b74       0x14 .\CortexM3\ARM_GCC_541\Debug\cyfitter_cfg.o
                0x00000b74                AMux_TIA_resistor_bypass_Set
 .text.AMux_TIA_resistor_bypass_Unset
                0x00000b88       0x14 .\CortexM3\ARM_GCC_541\Debug\cyfitter_cfg.o
                0x00000b88                AMux_TIA_resistor_bypass_Unset
 .text.cyfitter_cfg
                0x00000b9c      0x128 .\CortexM3\ARM_GCC_541\Debug\cyfitter_cfg.o
                0x00000b9c                cyfitter_cfg
 .text.IntDefaultHandler
                0x00000cc4       0x10 .\CortexM3\ARM_GCC_541\Debug\Cm3Start.o
                0x00000cc4                IntDefaultHandler
 .text.Start_c  0x00000cd4       0x4c .\CortexM3\ARM_GCC_541\Debug\Cm3Start.o
                0x00000cd4                Start_c
 .text.initialize_psoc
                0x00000d20       0x6c .\CortexM3\ARM_GCC_541\Debug\Cm3Start.o
                0x00000d20                initialize_psoc
 .text.CyDmacConfigure
                0x00000d8c       0x34 .\CortexM3\ARM_GCC_541\Debug\Group2.a(CyDmac.o)
                0x00000d8c                CyDmacConfigure
 .text.CyDmaChEnable
                0x00000dc0       0x38 .\CortexM3\ARM_GCC_541\Debug\Group2.a(CyDmac.o)
                0x00000dc0                CyDmaChEnable
 .text.CyDmaChDisable
                0x00000df8       0x24 .\CortexM3\ARM_GCC_541\Debug\Group2.a(CyDmac.o)
                0x00000df8                CyDmaChDisable
 .text.CyDmaChPriority
                0x00000e1c       0x24 .\CortexM3\ARM_GCC_541\Debug\Group2.a(CyDmac.o)
                0x00000e1c                CyDmaChPriority
 .text.CyDmaChSetExtendedAddress
                0x00000e40       0x34 .\CortexM3\ARM_GCC_541\Debug\Group2.a(CyDmac.o)
                0x00000e40                CyDmaChSetExtendedAddress
 .text.CyDmaChSetInitialTd
                0x00000e74       0x18 .\CortexM3\ARM_GCC_541\Debug\Group2.a(CyDmac.o)
                0x00000e74                CyDmaChSetInitialTd
 .text.CyDmaChSetConfiguration
                0x00000e8c       0x44 .\CortexM3\ARM_GCC_541\Debug\Group2.a(CyDmac.o)
                0x00000e8c                CyDmaChSetConfiguration
 .text.CyDmaTdAllocate
                0x00000ed0       0x34 .\CortexM3\ARM_GCC_541\Debug\Group2.a(CyDmac.o)
                0x00000ed0                CyDmaTdAllocate
 .text.CyDmaTdSetConfiguration
                0x00000f04       0x28 .\CortexM3\ARM_GCC_541\Debug\Group2.a(CyDmac.o)
                0x00000f04                CyDmaTdSetConfiguration
 .text.CyDmaTdSetAddress
                0x00000f2c       0x1c .\CortexM3\ARM_GCC_541\Debug\Group2.a(CyDmac.o)
                0x00000f2c                CyDmaTdSetAddress
 .text.CyHalt   0x00000f48        0x4 .\CortexM3\ARM_GCC_541\Debug\Group2.a(CyLib.o)
                0x00000f48                CyHalt
 .text.CyDelay  0x00000f4c       0x2c .\CortexM3\ARM_GCC_541\Debug\Group2.a(CyLib.o)
                0x00000f4c                CyDelay
 .text.CyDelayUs
                0x00000f78       0x14 .\CortexM3\ARM_GCC_541\Debug\Group2.a(CyLib.o)
                0x00000f78                CyDelayUs
 .text.CyWdtStart
                0x00000f8c       0x40 .\CortexM3\ARM_GCC_541\Debug\Group2.a(CyLib.o)
                0x00000f8c                CyWdtStart
 .text.CyWdtClear
                0x00000fcc        0xc .\CortexM3\ARM_GCC_541\Debug\Group2.a(CyLib.o)
                0x00000fcc                CyWdtClear
 .text.CyIntSetVector
                0x00000fd8       0x28 .\CortexM3\ARM_GCC_541\Debug\Group2.a(CyLib.o)
                0x00000fd8                CyIntSetVector
 .text.CyIntSetPriority
                0x00001000       0x30 .\CortexM3\ARM_GCC_541\Debug\Group2.a(CyLib.o)
                0x00001000                CyIntSetPriority
 .text.UART_Init
                0x00001030       0x40 .\CortexM3\ARM_GCC_541\Debug\Group2.a(UART.o)
                0x00001030                UART_Init
 .text.UART_Enable
                0x00001070       0x48 .\CortexM3\ARM_GCC_541\Debug\Group2.a(UART.o)
                0x00001070                UART_Enable
 .text.UART_Start
                0x000010b8       0x1c .\CortexM3\ARM_GCC_541\Debug\Group2.a(UART.o)
                0x000010b8                UART_Start
 .text.UART_GetChar
                0x000010d4       0x2c .\CortexM3\ARM_GCC_541\Debug\Group2.a(UART.o)
                0x000010d4                UART_GetChar
 .text.UART_GetRxBufferSize
                0x00001100       0x18 .\CortexM3\ARM_GCC_541\Debug\Group2.a(UART.o)
                0x00001100                UART_GetRxBufferSize
 .text.UART_PutChar
                0x00001118       0x70 .\CortexM3\ARM_GCC_541\Debug\Group2.a(UART.o)
                0x00001118                UART_PutChar
 .text.UART_PutString
                0x00001188       0x24 .\CortexM3\ARM_GCC_541\Debug\Group2.a(UART.o)
                0x00001188                UART_PutString
 .text.UART_TXISR
                0x000011ac       0x58 .\CortexM3\ARM_GCC_541\Debug\Group2.a(UART_INT.o)
                0x000011ac                UART_TXISR
 .text.UART_IntClock_Start
                0x00001204       0x1c .\CortexM3\ARM_GCC_541\Debug\Group2.a(UART_IntClock.o)
                0x00001204                UART_IntClock_Start
 .text.Opamp_Aux_Enable
                0x00001220       0x28 .\CortexM3\ARM_GCC_541\Debug\Group2.a(Opamp_Aux.o)
                0x00001220                Opamp_Aux_Enable
 .text.Opamp_Aux_Stop
                0x00001248       0x34 .\CortexM3\ARM_GCC_541\Debug\Group2.a(Opamp_Aux.o)
                0x00001248                Opamp_Aux_Stop
 .text.Opamp_Aux_SetPower
                0x0000127c       0x1c .\CortexM3\ARM_GCC_541\Debug\Group2.a(Opamp_Aux.o)
                0x0000127c                Opamp_Aux_SetPower
 .text.Opamp_Aux_Init
                0x00001298        0xc .\CortexM3\ARM_GCC_541\Debug\Group2.a(Opamp_Aux.o)
                0x00001298                Opamp_Aux_Init
 .text.Opamp_Aux_Start
                0x000012a4       0x1c .\CortexM3\ARM_GCC_541\Debug\Group2.a(Opamp_Aux.o)
                0x000012a4                Opamp_Aux_Start
 .text.Opamp_Aux_Sleep
                0x000012c0       0x28 .\CortexM3\ARM_GCC_541\Debug\Group2.a(Opamp_Aux_PM.o)
                0x000012c0                Opamp_Aux_Sleep
 .text.Opamp_Aux_Wakeup
                0x000012e8       0x14 .\CortexM3\ARM_GCC_541\Debug\Group2.a(Opamp_Aux_PM.o)
                0x000012e8                Opamp_Aux_Wakeup
 .text.IDAC_calibrate_Enable
                0x000012fc       0x1c .\CortexM3\ARM_GCC_541\Debug\Group2.a(IDAC_calibrate.o)
                0x000012fc                IDAC_calibrate_Enable
 .text.IDAC_calibrate_Stop
                0x00001318       0x1c .\CortexM3\ARM_GCC_541\Debug\Group2.a(IDAC_calibrate.o)
                0x00001318                IDAC_calibrate_Stop
 .text.IDAC_calibrate_SetSpeed
                0x00001334       0x1c .\CortexM3\ARM_GCC_541\Debug\Group2.a(IDAC_calibrate.o)
                0x00001334                IDAC_calibrate_SetSpeed
 .text.IDAC_calibrate_SetValue
                0x00001350        0xc .\CortexM3\ARM_GCC_541\Debug\Group2.a(IDAC_calibrate.o)
                0x00001350                IDAC_calibrate_SetValue
 .text.IDAC_calibrate_DacTrim
                0x0000135c       0x34 .\CortexM3\ARM_GCC_541\Debug\Group2.a(IDAC_calibrate.o)
                0x0000135c                IDAC_calibrate_DacTrim
 .text.IDAC_calibrate_Init
                0x00001390       0x24 .\CortexM3\ARM_GCC_541\Debug\Group2.a(IDAC_calibrate.o)
                0x00001390                IDAC_calibrate_Init
 .text.IDAC_calibrate_Start
                0x000013b4       0x24 .\CortexM3\ARM_GCC_541\Debug\Group2.a(IDAC_calibrate.o)
                0x000013b4                IDAC_calibrate_Start
 .text.IDAC_calibrate_SetPolarity
                0x000013d8       0x20 .\CortexM3\ARM_GCC_541\Debug\Group2.a(IDAC_calibrate.o)
                0x000013d8                IDAC_calibrate_SetPolarity
 .text.TIA_Enable
                0x000013f8       0x28 .\CortexM3\ARM_GCC_541\Debug\Group2.a(TIA.o)
                0x000013f8                TIA_Enable
 .text.TIA_Stop
                0x00001420       0x1c .\CortexM3\ARM_GCC_541\Debug\Group2.a(TIA.o)
                0x00001420                TIA_Stop
 .text.TIA_SetPower
                0x0000143c       0x18 .\CortexM3\ARM_GCC_541\Debug\Group2.a(TIA.o)
                0x0000143c                TIA_SetPower
 .text.TIA_SetResFB
                0x00001454       0x20 .\CortexM3\ARM_GCC_541\Debug\Group2.a(TIA.o)
                0x00001454                TIA_SetResFB
 .text.TIA_SetCapFB
                0x00001474       0x20 .\CortexM3\ARM_GCC_541\Debug\Group2.a(TIA.o)
                0x00001474                TIA_SetCapFB
 .text.TIA_Init
                0x00001494       0x2c .\CortexM3\ARM_GCC_541\Debug\Group2.a(TIA.o)
                0x00001494                TIA_Init
 .text.TIA_Start
                0x000014c0       0x1c .\CortexM3\ARM_GCC_541\Debug\Group2.a(TIA.o)
                0x000014c0                TIA_Start
 .text.TIA_Sleep
                0x000014dc       0x28 .\CortexM3\ARM_GCC_541\Debug\Group2.a(TIA_PM.o)
                0x000014dc                TIA_Sleep
 .text.TIA_Wakeup
                0x00001504       0x14 .\CortexM3\ARM_GCC_541\Debug\Group2.a(TIA_PM.o)
                0x00001504                TIA_Wakeup
 .text.VDAC_TIA_Enable
                0x00001518       0x1c .\CortexM3\ARM_GCC_541\Debug\Group2.a(VDAC_TIA.o)
                0x00001518                VDAC_TIA_Enable
 .text.VDAC_TIA_Stop
                0x00001534       0x1c .\CortexM3\ARM_GCC_541\Debug\Group2.a(VDAC_TIA.o)
                0x00001534                VDAC_TIA_Stop
 .text.VDAC_TIA_SetSpeed
                0x00001550       0x1c .\CortexM3\ARM_GCC_541\Debug\Group2.a(VDAC_TIA.o)
                0x00001550                VDAC_TIA_SetSpeed
 .text.VDAC_TIA_SetValue
                0x0000156c        0xc .\CortexM3\ARM_GCC_541\Debug\Group2.a(VDAC_TIA.o)
                0x0000156c                VDAC_TIA_SetValue
 .text.VDAC_TIA_DacTrim
                0x00001578       0x24 .\CortexM3\ARM_GCC_541\Debug\Group2.a(VDAC_TIA.o)
                0x00001578                VDAC_TIA_DacTrim
 .text.VDAC_TIA_SetRange
                0x0000159c       0x20 .\CortexM3\ARM_GCC_541\Debug\Group2.a(VDAC_TIA.o)
                0x0000159c                VDAC_TIA_SetRange
 .text.VDAC_TIA_Init
                0x000015bc       0x20 .\CortexM3\ARM_GCC_541\Debug\Group2.a(VDAC_TIA.o)
                0x000015bc                VDAC_TIA_Init
 .text.VDAC_TIA_Start
                0x000015dc       0x24 .\CortexM3\ARM_GCC_541\Debug\Group2.a(VDAC_TIA.o)
                0x000015dc                VDAC_TIA_Start
 .text.VDAC_TIA_SaveConfig
                0x00001600       0x20 .\CortexM3\ARM_GCC_541\Debug\Group2.a(VDAC_TIA_PM.o)
                0x00001600                VDAC_TIA_SaveConfig
 .text.VDAC_TIA_RestoreConfig
                0x00001620       0x4c .\CortexM3\ARM_GCC_541\Debug\Group2.a(VDAC_TIA_PM.o)
                0x00001620                VDAC_TIA_RestoreConfig
 .text.VDAC_TIA_Sleep
                0x0000166c       0x2c .\CortexM3\ARM_GCC_541\Debug\Group2.a(VDAC_TIA_PM.o)
                0x0000166c                VDAC_TIA_Sleep
 .text.VDAC_TIA_Wakeup
                0x00001698       0x24 .\CortexM3\ARM_GCC_541\Debug\Group2.a(VDAC_TIA_PM.o)
                0x00001698                VDAC_TIA_Wakeup
 .text.DVDAC_SaveConfig
                0x000016bc        0x8 .\CortexM3\ARM_GCC_541\Debug\Group2.a(DVDAC_PM.o)
                0x000016bc                DVDAC_SaveConfig
 .text.DVDAC_Sleep
                0x000016c4       0x2c .\CortexM3\ARM_GCC_541\Debug\Group2.a(DVDAC_PM.o)
                0x000016c4                DVDAC_Sleep
 .text.DVDAC_RestoreConfig
                0x000016f0        0x8 .\CortexM3\ARM_GCC_541\Debug\Group2.a(DVDAC_PM.o)
                0x000016f0                DVDAC_RestoreConfig
 .text.DVDAC_Wakeup
                0x000016f8       0x18 .\CortexM3\ARM_GCC_541\Debug\Group2.a(DVDAC_PM.o)
                0x000016f8                DVDAC_Wakeup
 .text.ADC_SigDel_GainCompensation
                0x00001710       0xe0 .\CortexM3\ARM_GCC_541\Debug\Group2.a(ADC_SigDel.o)
 .text.ADC_SigDel_SetDSMRef0Reg
                0x000017f0       0x4c .\CortexM3\ARM_GCC_541\Debug\Group2.a(ADC_SigDel.o)
 .text.ADC_SigDel_InitConfig
                0x0000183c      0x1a4 .\CortexM3\ARM_GCC_541\Debug\Group2.a(ADC_SigDel.o)
 .text.ADC_SigDel_Init
                0x000019e0       0xe4 .\CortexM3\ARM_GCC_541\Debug\Group2.a(ADC_SigDel.o)
                0x000019e0                ADC_SigDel_Init
 .text.ADC_SigDel_Enable
                0x00001ac4       0xd8 .\CortexM3\ARM_GCC_541\Debug\Group2.a(ADC_SigDel.o)
                0x00001ac4                ADC_SigDel_Enable
 .text.ADC_SigDel_Start
                0x00001b9c       0x28 .\CortexM3\ARM_GCC_541\Debug\Group2.a(ADC_SigDel.o)
                0x00001b9c                ADC_SigDel_Start
 .text.ADC_SigDel_Stop
                0x00001bc4       0xe4 .\CortexM3\ARM_GCC_541\Debug\Group2.a(ADC_SigDel.o)
                0x00001bc4                ADC_SigDel_Stop
 .text.ADC_SigDel_StartConvert
                0x00001ca8       0x10 .\CortexM3\ARM_GCC_541\Debug\Group2.a(ADC_SigDel.o)
                0x00001ca8                ADC_SigDel_StartConvert
 .text.ADC_SigDel_GetResult16
                0x00001cb8       0x50 .\CortexM3\ARM_GCC_541\Debug\Group2.a(ADC_SigDel.o)
                0x00001cb8                ADC_SigDel_GetResult16
 .text.ADC_SigDel_SelectConfiguration
                0x00001d08       0x64 .\CortexM3\ARM_GCC_541\Debug\Group2.a(ADC_SigDel.o)
                0x00001d08                ADC_SigDel_SelectConfiguration
 .text.ADC_SigDel_SaveConfig
                0x00001d6c       0x14 .\CortexM3\ARM_GCC_541\Debug\Group2.a(ADC_SigDel_PM.o)
                0x00001d6c                ADC_SigDel_SaveConfig
 .text.ADC_SigDel_RestoreConfig
                0x00001d80       0x14 .\CortexM3\ARM_GCC_541\Debug\Group2.a(ADC_SigDel_PM.o)
                0x00001d80                ADC_SigDel_RestoreConfig
 .text.ADC_SigDel_Sleep
                0x00001d94       0x4c .\CortexM3\ARM_GCC_541\Debug\Group2.a(ADC_SigDel_PM.o)
                0x00001d94                ADC_SigDel_Sleep
 .text.ADC_SigDel_Wakeup
                0x00001de0       0x24 .\CortexM3\ARM_GCC_541\Debug\Group2.a(ADC_SigDel_PM.o)
                0x00001de0                ADC_SigDel_Wakeup
 .text.ADC_SigDel_ISR1
                0x00001e04        0x4 .\CortexM3\ARM_GCC_541\Debug\Group2.a(ADC_SigDel_INT.o)
                0x00001e04                ADC_SigDel_ISR1
 .text.ADC_SigDel_ISR2
                0x00001e08        0x4 .\CortexM3\ARM_GCC_541\Debug\Group2.a(ADC_SigDel_INT.o)
                0x00001e08                ADC_SigDel_ISR2
 .text.AMux_TIA_input_Start
                0x00001e0c       0x20 .\CortexM3\ARM_GCC_541\Debug\Group2.a(AMux_TIA_input.o)
                0x00001e0c                AMux_TIA_input_Start
 .text.AMux_TIA_input_Select
                0x00001e2c       0x18 .\CortexM3\ARM_GCC_541\Debug\Group2.a(AMux_TIA_input.o)
                0x00001e2c                AMux_TIA_input_Select
 .text.AMux_TIA_resistor_bypass_Start
                0x00001e44       0x20 .\CortexM3\ARM_GCC_541\Debug\Group2.a(AMux_TIA_resistor_bypass.o)
                0x00001e44                AMux_TIA_resistor_bypass_Start
 .text.AMux_TIA_resistor_bypass_Select
                0x00001e64       0x18 .\CortexM3\ARM_GCC_541\Debug\Group2.a(AMux_TIA_resistor_bypass.o)
                0x00001e64                AMux_TIA_resistor_bypass_Select
 .text.DVDAC_DMA_DmaInitialize
                0x00001e7c       0x3c .\CortexM3\ARM_GCC_541\Debug\Group2.a(DVDAC_DMA_dma.o)
                0x00001e7c                DVDAC_DMA_DmaInitialize
 .text.DVDAC_VDAC8_Enable
                0x00001eb8       0x1c .\CortexM3\ARM_GCC_541\Debug\Group2.a(DVDAC_VDAC8.o)
                0x00001eb8                DVDAC_VDAC8_Enable
 .text.DVDAC_VDAC8_Stop
                0x00001ed4       0x1c .\CortexM3\ARM_GCC_541\Debug\Group2.a(DVDAC_VDAC8.o)
                0x00001ed4                DVDAC_VDAC8_Stop
 .text.DVDAC_VDAC8_SetSpeed
                0x00001ef0       0x1c .\CortexM3\ARM_GCC_541\Debug\Group2.a(DVDAC_VDAC8.o)
                0x00001ef0                DVDAC_VDAC8_SetSpeed
 .text.DVDAC_VDAC8_DacTrim
                0x00001f0c       0x24 .\CortexM3\ARM_GCC_541\Debug\Group2.a(DVDAC_VDAC8.o)
                0x00001f0c                DVDAC_VDAC8_DacTrim
 .text.DVDAC_VDAC8_SetRange
                0x00001f30       0x20 .\CortexM3\ARM_GCC_541\Debug\Group2.a(DVDAC_VDAC8.o)
                0x00001f30                DVDAC_VDAC8_SetRange
 .text.DVDAC_VDAC8_Init
                0x00001f50       0x2c .\CortexM3\ARM_GCC_541\Debug\Group2.a(DVDAC_VDAC8.o)
                0x00001f50                DVDAC_VDAC8_Init
 .text.DVDAC_VDAC8_SaveConfig
                0x00001f7c       0x20 .\CortexM3\ARM_GCC_541\Debug\Group2.a(DVDAC_VDAC8_PM.o)
                0x00001f7c                DVDAC_VDAC8_SaveConfig
 .text.DVDAC_VDAC8_RestoreConfig
                0x00001f9c       0x4c .\CortexM3\ARM_GCC_541\Debug\Group2.a(DVDAC_VDAC8_PM.o)
                0x00001f9c                DVDAC_VDAC8_RestoreConfig
 .text.DVDAC_IntClock_Start
                0x00001fe8       0x1c .\CortexM3\ARM_GCC_541\Debug\Group2.a(DVDAC_IntClock.o)
                0x00001fe8                DVDAC_IntClock_Start
 .text.DVDAC_IntClock_Stop
                0x00002004       0x1c .\CortexM3\ARM_GCC_541\Debug\Group2.a(DVDAC_IntClock.o)
                0x00002004                DVDAC_IntClock_Stop
 .text.ADC_SigDel_Ext_CP_Clk_GetDividerRegister
                0x00002020        0xc .\CortexM3\ARM_GCC_541\Debug\Group2.a(ADC_SigDel_Ext_CP_Clk.o)
                0x00002020                ADC_SigDel_Ext_CP_Clk_GetDividerRegister
 .text.ADC_SigDel_Ext_CP_Clk_SetModeRegister
                0x0000202c       0x14 .\CortexM3\ARM_GCC_541\Debug\Group2.a(ADC_SigDel_Ext_CP_Clk.o)
                0x0000202c                ADC_SigDel_Ext_CP_Clk_SetModeRegister
 .text.ADC_SigDel_Ext_CP_Clk_GetSourceRegister
                0x00002040       0x10 .\CortexM3\ARM_GCC_541\Debug\Group2.a(ADC_SigDel_Ext_CP_Clk.o)
                0x00002040                ADC_SigDel_Ext_CP_Clk_GetSourceRegister
 .text.ADC_SigDel_Ext_CP_Clk_SetDividerRegister
                0x00002050       0xd8 .\CortexM3\ARM_GCC_541\Debug\Group2.a(ADC_SigDel_Ext_CP_Clk.o)
                0x00002050                ADC_SigDel_Ext_CP_Clk_SetDividerRegister
 .text.ADC_SigDel_theACLK_GetDividerRegister
                0x00002128        0xc .\CortexM3\ARM_GCC_541\Debug\Group2.a(ADC_SigDel_theACLK.o)
                0x00002128                ADC_SigDel_theACLK_GetDividerRegister
 .text.ADC_SigDel_theACLK_SetModeRegister
                0x00002134       0x14 .\CortexM3\ARM_GCC_541\Debug\Group2.a(ADC_SigDel_theACLK.o)
                0x00002134                ADC_SigDel_theACLK_SetModeRegister
 .text.ADC_SigDel_theACLK_GetSourceRegister
                0x00002148       0x10 .\CortexM3\ARM_GCC_541\Debug\Group2.a(ADC_SigDel_theACLK.o)
                0x00002148                ADC_SigDel_theACLK_GetSourceRegister
 .text.ADC_SigDel_theACLK_SetDividerRegister
                0x00002158       0xd8 .\CortexM3\ARM_GCC_541\Debug\Group2.a(ADC_SigDel_theACLK.o)
                0x00002158                ADC_SigDel_theACLK_SetDividerRegister
 .text.PWM_isr_Enable
                0x00002230       0x10 .\CortexM3\ARM_GCC_541\Debug\Group2.a(PWM_isr.o)
                0x00002230                PWM_isr_Enable
 .text.PWM_isr_Stop
                0x00002240       0x10 .\CortexM3\ARM_GCC_541\Debug\Group2.a(PWM_isr.o)
                0x00002240                PWM_isr_Stop
 .text.PWM_isr_WriteCounter
                0x00002250        0xc .\CortexM3\ARM_GCC_541\Debug\Group2.a(PWM_isr.o)
                0x00002250                PWM_isr_WriteCounter
 .text.PWM_isr_ReadCounter
                0x0000225c       0x14 .\CortexM3\ARM_GCC_541\Debug\Group2.a(PWM_isr.o)
                0x0000225c                PWM_isr_ReadCounter
 .text.PWM_isr_WritePeriod
                0x00002270        0xc .\CortexM3\ARM_GCC_541\Debug\Group2.a(PWM_isr.o)
                0x00002270                PWM_isr_WritePeriod
 .text.PWM_isr_WriteCompare
                0x0000227c        0xc .\CortexM3\ARM_GCC_541\Debug\Group2.a(PWM_isr.o)
                0x0000227c                PWM_isr_WriteCompare
 .text.PWM_isr_Init
                0x00002288       0x44 .\CortexM3\ARM_GCC_541\Debug\Group2.a(PWM_isr.o)
                0x00002288                PWM_isr_Init
 .text.PWM_isr_Start
                0x000022cc       0x1c .\CortexM3\ARM_GCC_541\Debug\Group2.a(PWM_isr.o)
                0x000022cc                PWM_isr_Start
 .text.PWM_isr_ReadControlRegister
                0x000022e8        0xc .\CortexM3\ARM_GCC_541\Debug\Group2.a(PWM_isr.o)
                0x000022e8                PWM_isr_ReadControlRegister
 .text.PWM_isr_WriteControlRegister
                0x000022f4        0xc .\CortexM3\ARM_GCC_541\Debug\Group2.a(PWM_isr.o)
                0x000022f4                PWM_isr_WriteControlRegister
 .text.PWM_isr_ReadPeriod
                0x00002300        0xc .\CortexM3\ARM_GCC_541\Debug\Group2.a(PWM_isr.o)
                0x00002300                PWM_isr_ReadPeriod
 .text.PWM_isr_SaveConfig
                0x0000230c       0x1c .\CortexM3\ARM_GCC_541\Debug\Group2.a(PWM_isr_PM.o)
                0x0000230c                PWM_isr_SaveConfig
 .text.PWM_isr_RestoreConfig
                0x00002328       0x1c .\CortexM3\ARM_GCC_541\Debug\Group2.a(PWM_isr_PM.o)
                0x00002328                PWM_isr_RestoreConfig
 .text.PWM_isr_Sleep
                0x00002344       0x2c .\CortexM3\ARM_GCC_541\Debug\Group2.a(PWM_isr_PM.o)
                0x00002344                PWM_isr_Sleep
 .text.PWM_isr_Wakeup
                0x00002370       0x18 .\CortexM3\ARM_GCC_541\Debug\Group2.a(PWM_isr_PM.o)
                0x00002370                PWM_isr_Wakeup
 .text.isr_dac_SetVector
                0x00002388        0xc .\CortexM3\ARM_GCC_541\Debug\Group2.a(isr_dac.o)
                0x00002388                isr_dac_SetVector
 .text.isr_dac_SetPriority
                0x00002394       0x10 .\CortexM3\ARM_GCC_541\Debug\Group2.a(isr_dac.o)
                0x00002394                isr_dac_SetPriority
 .text.isr_dac_Enable
                0x000023a4        0xc .\CortexM3\ARM_GCC_541\Debug\Group2.a(isr_dac.o)
                0x000023a4                isr_dac_Enable
 .text.isr_dac_GetState
                0x000023b0       0x18 .\CortexM3\ARM_GCC_541\Debug\Group2.a(isr_dac.o)
                0x000023b0                isr_dac_GetState
 .text.isr_dac_Disable
                0x000023c8        0xc .\CortexM3\ARM_GCC_541\Debug\Group2.a(isr_dac.o)
                0x000023c8                isr_dac_Disable
 .text.isr_dac_StartEx
                0x000023d4       0x1c .\CortexM3\ARM_GCC_541\Debug\Group2.a(isr_dac.o)
                0x000023d4                isr_dac_StartEx
 .text.isr_adc_SetVector
                0x000023f0        0xc .\CortexM3\ARM_GCC_541\Debug\Group2.a(isr_adc.o)
                0x000023f0                isr_adc_SetVector
 .text.isr_adc_SetPriority
                0x000023fc       0x10 .\CortexM3\ARM_GCC_541\Debug\Group2.a(isr_adc.o)
                0x000023fc                isr_adc_SetPriority
 .text.isr_adc_Enable
                0x0000240c        0xc .\CortexM3\ARM_GCC_541\Debug\Group2.a(isr_adc.o)
                0x0000240c                isr_adc_Enable
 .text.isr_adc_Disable
                0x00002418        0xc .\CortexM3\ARM_GCC_541\Debug\Group2.a(isr_adc.o)
                0x00002418                isr_adc_Disable
 .text.isr_adc_StartEx
                0x00002424       0x1c .\CortexM3\ARM_GCC_541\Debug\Group2.a(isr_adc.o)
                0x00002424                isr_adc_StartEx
 .text.isr_adcAmp_SetVector
                0x00002440        0xc .\CortexM3\ARM_GCC_541\Debug\Group2.a(isr_adcAmp.o)
                0x00002440                isr_adcAmp_SetVector
 .text.isr_adcAmp_SetPriority
                0x0000244c       0x10 .\CortexM3\ARM_GCC_541\Debug\Group2.a(isr_adcAmp.o)
                0x0000244c                isr_adcAmp_SetPriority
 .text.isr_adcAmp_Enable
                0x0000245c        0xc .\CortexM3\ARM_GCC_541\Debug\Group2.a(isr_adcAmp.o)
                0x0000245c                isr_adcAmp_Enable
 .text.isr_adcAmp_GetState
                0x00002468       0x18 .\CortexM3\ARM_GCC_541\Debug\Group2.a(isr_adcAmp.o)
                0x00002468                isr_adcAmp_GetState
 .text.isr_adcAmp_Disable
                0x00002480        0xc .\CortexM3\ARM_GCC_541\Debug\Group2.a(isr_adcAmp.o)
                0x00002480                isr_adcAmp_Disable
 .text.isr_adcAmp_StartEx
                0x0000248c       0x1c .\CortexM3\ARM_GCC_541\Debug\Group2.a(isr_adcAmp.o)
                0x0000248c                isr_adcAmp_StartEx
 .text          0x000024a8       0x20 .\CortexM3\ARM_GCC_541\Debug\Group2.a(CyBootAsmGnu.o)
                0x000024a8                CyDelayCycles
                0x000024b8                CyEnterCriticalSection
                0x000024c0                CyExitCriticalSection
 .text          0x000024c8      0x370 c:/program files (x86)/cypress/psoc creator/4.4/psoc creator/import/gnu/arm/5.4.1/bin/../lib/gcc/arm-none-eabi/5.4.1/armv7-m\libgcc.a(_arm_addsubdf3.o)
                0x000024c8                __aeabi_drsub
                0x000024d0                __aeabi_dsub
                0x000024d0                __subdf3
                0x000024d4                __aeabi_dadd
                0x000024d4                __adddf3
                0x0000274c                __floatunsidf
                0x0000274c                __aeabi_ui2d
                0x0000276c                __floatsidf
                0x0000276c                __aeabi_i2d
                0x00002790                __aeabi_f2d
                0x00002790                __extendsfdf2
                0x000027cc                __floatundidf
                0x000027cc                __aeabi_ul2d
                0x000027dc                __floatdidf
                0x000027dc                __aeabi_l2d
 .text          0x00002838      0x424 c:/program files (x86)/cypress/psoc creator/4.4/psoc creator/import/gnu/arm/5.4.1/bin/../lib/gcc/arm-none-eabi/5.4.1/armv7-m\libgcc.a(_arm_muldivdf3.o)
                0x00002838                __aeabi_dmul
                0x00002838                __muldf3
                0x00002a8c                __divdf3
                0x00002a8c                __aeabi_ddiv
 .text          0x00002c5c       0xa0 c:/program files (x86)/cypress/psoc creator/4.4/psoc creator/import/gnu/arm/5.4.1/bin/../lib/gcc/arm-none-eabi/5.4.1/armv7-m\libgcc.a(_arm_truncdfsf2.o)
                0x00002c5c                __truncdfsf2
                0x00002c5c                __aeabi_d2f
 .text          0x00002cfc      0x21c c:/program files (x86)/cypress/psoc creator/4.4/psoc creator/import/gnu/arm/5.4.1/bin/../lib/gcc/arm-none-eabi/5.4.1/armv7-m\libgcc.a(_arm_addsubsf3.o)
                0x00002cfc                __aeabi_frsub
                0x00002d04                __subsf3
                0x00002d04                __aeabi_fsub
                0x00002d08                __aeabi_fadd
                0x00002d08                __addsf3
                0x00002e68                __aeabi_ui2f
                0x00002e68                __floatunsisf
                0x00002e70                __aeabi_i2f
                0x00002e70                __floatsisf
                0x00002e8c                __aeabi_ul2f
                0x00002e8c                __floatundisf
                0x00002e9c                __aeabi_l2f
                0x00002e9c                __floatdisf
 .text          0x00002f18      0x2a0 c:/program files (x86)/cypress/psoc creator/4.4/psoc creator/import/gnu/arm/5.4.1/bin/../lib/gcc/arm-none-eabi/5.4.1/armv7-m\libgcc.a(_arm_muldivsf3.o)
                0x00002f18                __mulsf3
                0x00002f18                __aeabi_fmul
                0x00003080                __aeabi_fdiv
                0x00003080                __divsf3
 .text          0x000031b8       0x4c c:/program files (x86)/cypress/psoc creator/4.4/psoc creator/import/gnu/arm/5.4.1/bin/../lib/gcc/arm-none-eabi/5.4.1/armv7-m\libgcc.a(_arm_fixsfsi.o)
                0x000031b8                __aeabi_f2iz
                0x000031b8                __fixsfsi
 .text.__errno  0x00003204        0xc c:/program files (x86)/cypress/psoc creator/4.4/psoc creator/import/gnu/arm/5.4.1/bin/../lib/gcc/arm-none-eabi/5.4.1/../../../../arm-none-eabi/lib/armv7-m\libg_nano.a(lib_a-errno.o)
                0x00003204                __errno
 .text.__libc_init_array
                0x00003210       0x4c c:/program files (x86)/cypress/psoc creator/4.4/psoc creator/import/gnu/arm/5.4.1/bin/../lib/gcc/arm-none-eabi/5.4.1/../../../../arm-none-eabi/lib/armv7-m\libg_nano.a(lib_a-init.o)
                0x00003210                __libc_init_array
 .text.memcpy   0x0000325c       0x16 c:/program files (x86)/cypress/psoc creator/4.4/psoc creator/import/gnu/arm/5.4.1/bin/../lib/gcc/arm-none-eabi/5.4.1/../../../../arm-none-eabi/lib/armv7-m\libg_nano.a(lib_a-memcpy-stub.o)
                0x0000325c                memcpy
 .text.memset   0x00003272       0x10 c:/program files (x86)/cypress/psoc creator/4.4/psoc creator/import/gnu/arm/5.4.1/bin/../lib/gcc/arm-none-eabi/5.4.1/../../../../arm-none-eabi/lib/armv7-m\libg_nano.a(lib_a-memset.o)
                0x00003272                memset
 *(.plt)
 *(.gnu.warning)
 *(.glue_7t)
 .glue_7t       0x00003282        0x0 linker stubs
 *(.glue_7)
 .glue_7        0x00003282        0x0 linker stubs
 *(.vfp11_veneer)
 .vfp11_veneer  0x00003282        0x0 linker stubs
 *(.bootloader)
 *(.ARM.extab* .gnu.linkonce.armextab.*)
 *(.gcc_except_table)

.v4_bx          0x00003284        0x0
 .v4_bx         0x00003284        0x0 linker stubs

.iplt           0x00003284        0x0
 .iplt          0x00003284        0x0 c:/program files (x86)/cypress/psoc creator/4.4/psoc creator/import/gnu/arm/5.4.1/bin/../lib/gcc/arm-none-eabi/5.4.1/armv7-m/crtbegin.o

.eh_frame_hdr
 *(.eh_frame_hdr)

.eh_frame       0x00003284        0x4
 *(.eh_frame)
 .eh_frame      0x00003284        0x0 c:/program files (x86)/cypress/psoc creator/4.4/psoc creator/import/gnu/arm/5.4.1/bin/../lib/gcc/arm-none-eabi/5.4.1/armv7-m/crtbegin.o
 .eh_frame      0x00003284        0x4 c:/program files (x86)/cypress/psoc creator/4.4/psoc creator/import/gnu/arm/5.4.1/bin/../lib/gcc/arm-none-eabi/5.4.1/armv7-m/crtend.o
                [!provide]                PROVIDE (__exidx_start, .)

.ARM.exidx
 *(.ARM.exidx* .gnu.linkonce.armexidx.*)
                0x00003288                __exidx_end = .

.rodata         0x00003288       0xa8
 *(.rodata .rodata.* .gnu.linkonce.r.*)
 .rodata.str1.4
                0x00003288       0x18 .\CortexM3\ARM_GCC_541\Debug\main.o
                                 0x15 (size before relaxing)
 .rodata        0x000032a0       0x10 .\CortexM3\ARM_GCC_541\Debug\Calibration.o
                0x000032a0                calibrate_TIA_resistor_list
 .rodata        0x000032b0       0x48 .\CortexM3\ARM_GCC_541\Debug\cyfitter_cfg.o
                0x000032b0                AMux_TIA_input__addrTable
                0x000032c0                AMux_TIA_input__maskTable
                0x000032f0                AMux_TIA_resistor_bypass__maskTable
                0x000032f4                AMux_TIA_resistor_bypass__addrTable
 .rodata.str1.1
                0x000032f8        0x2 c:/program files (x86)/cypress/psoc creator/4.4/psoc creator/import/gnu/arm/5.4.1/bin/../lib/gcc/arm-none-eabi/5.4.1/../../../../arm-none-eabi/lib/armv7-m\libg_nano.a(lib_a-impure.o)
                0x000032fc                . = ALIGN (0x4)
 *fill*         0x000032fa        0x2 
 *(.init)
 .init          0x000032fc        0x4 c:/program files (x86)/cypress/psoc creator/4.4/psoc creator/import/gnu/arm/5.4.1/bin/../lib/gcc/arm-none-eabi/5.4.1/armv7-m/crti.o
                0x000032fc                _init
 .init          0x00003300        0x8 c:/program files (x86)/cypress/psoc creator/4.4/psoc creator/import/gnu/arm/5.4.1/bin/../lib/gcc/arm-none-eabi/5.4.1/armv7-m/crtn.o
                0x00003308                . = ALIGN (0x4)
                0x00003308                __preinit_array_start = .
 *(.preinit_array)
                0x00003308                __preinit_array_end = .
                0x00003308                . = ALIGN (0x4)
                0x00003308                __init_array_start = .
 *(SORT(.init_array.*))
 *(.init_array)
 .init_array    0x00003308        0x4 c:/program files (x86)/cypress/psoc creator/4.4/psoc creator/import/gnu/arm/5.4.1/bin/../lib/gcc/arm-none-eabi/5.4.1/armv7-m/crtbegin.o
 .init_array    0x0000330c        0x4 .\CortexM3\ARM_GCC_541\Debug\Cm3Start.o
                0x00003310                __init_array_end = .
                0x00003310                . = ALIGN (0x4)
 *(.fini)
 .fini          0x00003310        0x4 c:/program files (x86)/cypress/psoc creator/4.4/psoc creator/import/gnu/arm/5.4.1/bin/../lib/gcc/arm-none-eabi/5.4.1/armv7-m/crti.o
                0x00003310                _fini
 .fini          0x00003314        0x8 c:/program files (x86)/cypress/psoc creator/4.4/psoc creator/import/gnu/arm/5.4.1/bin/../lib/gcc/arm-none-eabi/5.4.1/armv7-m/crtn.o
                0x0000331c                . = ALIGN (0x4)
                0x0000331c                __fini_array_start = .
 *(.fini_array)
 .fini_array    0x0000331c        0x4 c:/program files (x86)/cypress/psoc creator/4.4/psoc creator/import/gnu/arm/5.4.1/bin/../lib/gcc/arm-none-eabi/5.4.1/armv7-m/crtbegin.o
 *(SORT(.fini_array.*))
                0x00003320                __fini_array_end = .
                0x00003320                . = ALIGN (0x4)
 *crtbegin.o(.ctors)
 *(EXCLUDE_FILE(*crtend.o) .ctors)
 *(SORT(.ctors.*))
 *crtend.o(.ctors)
                0x00003320                . = ALIGN (0x4)
 *crtbegin.o(.dtors)
 *(EXCLUDE_FILE(*crtend.o) .dtors)
 *(SORT(.dtors.*))
 *crtend.o(.dtors)
                0x00003320                . = ALIGN (0x4)
                0x00003320                __cy_regions = .
                0x00003320        0x4 LONG 0x3330 __cy_region_init_ram
                0x00003324        0x4 LONG 0x1fff80c8 __cy_region_start_data
                0x00003328        0x4 LONG 0xa0 __cy_region_init_size_ram
                0x0000332c        0x4 LONG 0x9640 __cy_region_zero_size_ram
                0x00003330                __cy_regions_end = .
                0x00003330                . = ALIGN (0x8)
                0x00003330                _etext = .

.cy_checksum_exclude
                0x00003330        0x0
 *(.cy_checksum_exclude)

.ramvectors     0x1fff8000       0xc0
                0x1fff8000                __cy_region_start_ram = .
 *(.ramvectors)
 .ramvectors    0x1fff8000       0xc0 .\CortexM3\ARM_GCC_541\Debug\Cm3Start.o
                0x1fff8000                CyRamVectors

.noinit         0x1fff80c0        0x1
 *(.noinit)
 .noinit        0x1fff80c0        0x1 .\CortexM3\ARM_GCC_541\Debug\Group2.a(CyLib.o)
                0x1fff80c0                CyResetStatus

.data           0x1fff80c8       0xa0 load address 0x00003330
                0x1fff80c8                __cy_region_start_data = .
 *(.jcr)
 .jcr           0x1fff80c8        0x0 c:/program files (x86)/cypress/psoc creator/4.4/psoc creator/import/gnu/arm/5.4.1/bin/../lib/gcc/arm-none-eabi/5.4.1/armv7-m/crtbegin.o
 .jcr           0x1fff80c8        0x4 c:/program files (x86)/cypress/psoc creator/4.4/psoc creator/import/gnu/arm/5.4.1/bin/../lib/gcc/arm-none-eabi/5.4.1/armv7-m/crtend.o
 *(.got.plt)
 *(.got)
 *(.shdata)
 *(.data .data.* .gnu.linkonce.d.*)
 .data          0x1fff80cc       0x14 .\CortexM3\ARM_GCC_541\Debug\DVDAC.o
 .data          0x1fff80e0        0x8 .\CortexM3\ARM_GCC_541\Debug\Group2.a(CyDmac.o)
 .data          0x1fff80e8       0x10 .\CortexM3\ARM_GCC_541\Debug\Group2.a(CyLib.o)
                0x1fff80e8                cydelay_32k_ms
                0x1fff80ec                cydelay_freq_khz
                0x1fff80f0                cydelay_freq_mhz
                0x1fff80f4                cydelay_freq_hz
 .data          0x1fff80f8        0x1 .\CortexM3\ARM_GCC_541\Debug\Group2.a(ADC_SigDel.o)
                0x1fff80f8                ADC_SigDel_Config
 *fill*         0x1fff80f9        0x3 
 .data          0x1fff80fc        0x2 .\CortexM3\ARM_GCC_541\Debug\Group2.a(ADC_SigDel_PM.o)
 .data          0x1fff80fe        0x1 .\CortexM3\ARM_GCC_541\Debug\Group2.a(AMux_TIA_input.o)
 .data          0x1fff80ff        0x1 .\CortexM3\ARM_GCC_541\Debug\Group2.a(AMux_TIA_resistor_bypass.o)
 .data          0x1fff8100        0x1 .\CortexM3\ARM_GCC_541\Debug\Group2.a(DVDAC_DMA_dma.o)
                0x1fff8100                DVDAC_DMA_DmaHandle
 *fill*         0x1fff8101        0x3 
 .data.impure_data
                0x1fff8104       0x60 c:/program files (x86)/cypress/psoc creator/4.4/psoc creator/import/gnu/arm/5.4.1/bin/../lib/gcc/arm-none-eabi/5.4.1/../../../../arm-none-eabi/lib/armv7-m\libg_nano.a(lib_a-impure.o)
 .data._impure_ptr
                0x1fff8164        0x4 c:/program files (x86)/cypress/psoc creator/4.4/psoc creator/import/gnu/arm/5.4.1/bin/../lib/gcc/arm-none-eabi/5.4.1/../../../../arm-none-eabi/lib/armv7-m\libg_nano.a(lib_a-impure.o)
                0x1fff8164                _impure_ptr
                0x1fff8168                . = ALIGN (0x8)
 *(.ram)
                0x1fff8168                _edata = .

.igot.plt       0x1fff8168        0x0 load address 0x000033d0
 .igot.plt      0x1fff8168        0x0 c:/program files (x86)/cypress/psoc creator/4.4/psoc creator/import/gnu/arm/5.4.1/bin/../lib/gcc/arm-none-eabi/5.4.1/armv7-m/crtbegin.o

.bss            0x1fff8168     0x9640 load address 0x000033d0
                0x1fff8168                PROVIDE (__bss_start__, .)
 *(.shbss)
 *(.bss .bss.* .gnu.linkonce.b.*)
 .bss           0x1fff8168       0x1c c:/program files (x86)/cypress/psoc creator/4.4/psoc creator/import/gnu/arm/5.4.1/bin/../lib/gcc/arm-none-eabi/5.4.1/armv7-m/crtbegin.o
 .bss           0x1fff8184        0xa .\CortexM3\ARM_GCC_541\Debug\InterruptRoutines.o
                0x1fff8184                potential_max_current
                0x1fff8188                R_analog_route
                0x1fff818c                adc_recording_channel
                0x1fff818d                AMux_channel_select
 .bss           0x1fff818e        0x2 .\CortexM3\ARM_GCC_541\Debug\DVDAC.o
                0x1fff818f                DVDAC_initVar
 .bss           0x1fff8190        0x4 .\CortexM3\ARM_GCC_541\Debug\Group2.a(UART.o)
                0x1fff8190                UART_initVar
                0x1fff8191                UART_txBufferRead
                0x1fff8192                UART_txBufferWrite
 .bss           0x1fff8194        0x1 .\CortexM3\ARM_GCC_541\Debug\Group2.a(Opamp_Aux.o)
                0x1fff8194                Opamp_Aux_initVar
 *fill*         0x1fff8195        0x3 
 .bss           0x1fff8198        0x1 .\CortexM3\ARM_GCC_541\Debug\Group2.a(Opamp_Aux_PM.o)
 .bss           0x1fff8199        0x1 .\CortexM3\ARM_GCC_541\Debug\Group2.a(IDAC_calibrate.o)
                0x1fff8199                IDAC_calibrate_initVar
 .bss           0x1fff819a        0x1 .\CortexM3\ARM_GCC_541\Debug\Group2.a(TIA.o)
                0x1fff819a                TIA_initVar
 *fill*         0x1fff819b        0x1 
 .bss           0x1fff819c        0x4 .\CortexM3\ARM_GCC_541\Debug\Group2.a(TIA_PM.o)
 .bss           0x1fff81a0        0x1 .\CortexM3\ARM_GCC_541\Debug\Group2.a(VDAC_TIA.o)
                0x1fff81a0                VDAC_TIA_initVar
 *fill*         0x1fff81a1        0x3 
 .bss           0x1fff81a4        0x2 .\CortexM3\ARM_GCC_541\Debug\Group2.a(VDAC_TIA_PM.o)
 *fill*         0x1fff81a6        0x2 
 .bss           0x1fff81a8        0x1 .\CortexM3\ARM_GCC_541\Debug\Group2.a(DVDAC_PM.o)
 *fill*         0x1fff81a9        0x3 
 .bss           0x1fff81ac        0xc .\CortexM3\ARM_GCC_541\Debug\Group2.a(ADC_SigDel.o)
                0x1fff81b4                ADC_SigDel_stopConversion
                0x1fff81b5                ADC_SigDel_convDone
                0x1fff81b6                ADC_SigDel_initVar
                0x1fff81b7                ADC_SigDel_started
 .bss           0x1fff81b8        0x2 .\CortexM3\ARM_GCC_541\Debug\Group2.a(DVDAC_VDAC8_PM.o)
 .bss           0x1fff81ba        0x1 .\CortexM3\ARM_GCC_541\Debug\Group2.a(PWM_isr.o)
                0x1fff81ba                PWM_isr_initVar
 *fill*         0x1fff81bb        0x1 
 .bss           0x1fff81bc        0x8 .\CortexM3\ARM_GCC_541\Debug\Group2.a(PWM_isr_PM.o)
 *(COMMON)
 COMMON         0x1fff81c4     0x5e78 .\CortexM3\ARM_GCC_541\Debug\main.o
                0x1fff81c4                Input_Flag
                0x1fff81c5                CV_ready_Flag
                0x1fff81c6                ADC_buffer_index
                0x1fff81c8                lut_value
                0x1fff81cc                ADC_CV_array
                0x1fffa8dc                CalibrationBuffer
                0x1fffa8f0                selected_scan_rate
                0x1fffa8f4                waveform_amp_lut
                0x1fffb894                command
                0x1fffb8bc                command_lenght
                0x1fffb8bd                TIA_resistor_value_index
                0x1fffb8be                dac_ground_value
                0x1fffb8c0                start_dac_value
                0x1fffb8c2                Command_ready_Flag
                0x1fffb8c4                uA_per_adc_count
                0x1fffb8c8                DataBuffer
                0x1fffb8d8                end_dac_value
                0x1fffb8da                Update_startvalue_Flag
                0x1fffb8db                Update_endvalue_Flag
                0x1fffb8dc                Update_scanrate_Flag
                0x1fffb8de                lut_length
                0x1fffb8e0                Update_timevalue_Flag
                0x1fffb8e1                Load_EEPROM_Flag
                0x1fffb8e4                str
                0x1fffb924                selected_voltage_source
                0x1fffb926                lut_index
                0x1fffb928                TIA_Calibration_ended_Flag
                0x1fffb929                ch_received
                0x1fffb92a                AMP_ready_Flag
                0x1fffb92c                waveform_CV_lut
 COMMON         0x1fffe03c     0x36f1 .\CortexM3\ARM_GCC_541\Debug\InterruptRoutines.o
                0x1fffe03c                uA_CV_scan
                0x2000074c                UART_str
                0x2000078c                uA_amp
                0x2000172c                adc_hold
 *fill*         0x2000172d        0x1 
 COMMON         0x2000172e        0x8 .\CortexM3\ARM_GCC_541\Debug\Calibration.o
                0x2000172e                max_adc_value
                0x20001730                min_idac_value
                0x20001732                max_idac_value
                0x20001734                min_adc_value
 *fill*         0x20001736        0x2 
 COMMON         0x20001738       0x64 .\CortexM3\ARM_GCC_541\Debug\Group2.a(UART.o)
                0x20001738                UART_txBuffer
 COMMON         0x2000179c        0x8 .\CortexM3\ARM_GCC_541\Debug\Group2.a(ADC_SigDel.o)
                0x2000179c                ADC_SigDel_Offset
                0x200017a0                ADC_SigDel_CountsPerVolt
                0x200017a8                . = ALIGN (0x8)
 *fill*         0x200017a4        0x4 
 *(.ram.b)
                0x200017a8                _end = .
                0x200017a8                __end = .
                0x200017a8                PROVIDE (end, .)
                0x200017a8                PROVIDE (__bss_end__, .)
                0x00003330                __cy_region_init_ram = LOADADDR (.data)
                0x000000a0                __cy_region_init_size_ram = (_edata - ADDR (.data))
                0x00009640                __cy_region_zero_size_ram = (_end - _edata)

.heap           0x200017a8       0x80 load address 0x000033d0
                0x200017a8                . = _end
                0x20001828                . = (. + 0x80)
 *fill*         0x200017a8       0x80 
                0x20001828                __cy_heap_limit = .

.stack          0x20007800      0x800
                0x20007800                __cy_stack_limit = .
                0x20008000                . = (. + 0x800)
 *fill*         0x20007800      0x800 
                0x00000001                ASSERT ((__cy_stack_limit >= __cy_heap_limit), region RAM overflowed with stack)
                0x00000000                cy_checksum_exclude_size = (CY_APPL_LOADABLE == 0x1)?SIZEOF (.cy_checksum_exclude):0x0
                0x00000001                ASSERT ((cy_checksum_exclude_size <= CY_CHECKSUM_EXCLUDE_SIZE), CY_BOOT: Section .cy_checksum_exclude size exceedes specified limit.)

.cyloadermeta
 *(.cyloadermeta)

.cyloadablemeta
 *(.cyloadablemeta)

.cyconfigecc    0x80000000      0x530
 *(.cyconfigecc)
 .cyconfigecc   0x80000000      0x530 .\CortexM3\ARM_GCC_541\Debug\cymetadata.o
                0x80000000                cy_meta_configecc

.cycustnvl      0x90000000        0x4
 *(.cycustnvl)
 .cycustnvl     0x90000000        0x4 .\CortexM3\ARM_GCC_541\Debug\cymetadata.o
                0x90000000                cy_meta_custnvl

.cywolatch      0x90100000        0x4
 *(.cywolatch)
 .cywolatch     0x90100000        0x4 .\CortexM3\ARM_GCC_541\Debug\cymetadata.o
                0x90100000                cy_meta_wonvl

.cyeeprom       0x90200000        0x0
 *(.cyeeprom)
                0x00000001                ASSERT ((. <= ((0x90200000 + ee_offset) + ee_size)), .cyeeprom data will not fit in EEPROM)

.cyflashprotect
                0x90400000      0x100
 *(.cyflashprotect)
 .cyflashprotect
                0x90400000      0x100 .\CortexM3\ARM_GCC_541\Debug\cymetadata.o
                0x90400000                cy_meta_flashprotect

.cymeta         0x90500000        0xc
 *(.cymeta)
 .cymeta        0x90500000        0xc .\CortexM3\ARM_GCC_541\Debug\cymetadata.o
                0x90500000                cy_metadata

.rel.dyn        0x000033d0        0x0 load address 0x9050000c
 .rel.iplt      0x000033d0        0x0 c:/program files (x86)/cypress/psoc creator/4.4/psoc creator/import/gnu/arm/5.4.1/bin/../lib/gcc/arm-none-eabi/5.4.1/armv7-m/crtbegin.o

.stab
 *(.stab)

.stabstr
 *(.stabstr)

.debug
 *(.debug)

.line
 *(.line)

.debug_srcinfo
 *(.debug_srcinfo)

.debug_sfnames
 *(.debug_sfnames)

.debug_aranges  0x00000000     0x1150
 *(.debug_aranges)
 .debug_aranges
                0x00000000       0x20 .\CortexM3\ARM_GCC_541\Debug\main.o
 .debug_aranges
                0x00000020       0x30 .\CortexM3\ARM_GCC_541\Debug\InterruptRoutines.o
 .debug_aranges
                0x00000050       0x38 .\CortexM3\ARM_GCC_541\Debug\Calibration.o
 .debug_aranges
                0x00000088       0x48 .\CortexM3\ARM_GCC_541\Debug\Helper_functions.o
 .debug_aranges
                0x000000d0       0x48 .\CortexM3\ARM_GCC_541\Debug\DVDAC.o
 .debug_aranges
                0x00000118       0x48 .\CortexM3\ARM_GCC_541\Debug\user_selections.o
 .debug_aranges
                0x00000160       0x30 .\CortexM3\ARM_GCC_541\Debug\lut_functions.o
 .debug_aranges
                0x00000190       0x78 .\CortexM3\ARM_GCC_541\Debug\cyfitter_cfg.o
 .debug_aranges
                0x00000208       0x18 .\CortexM3\ARM_GCC_541\Debug\cymetadata.o
 .debug_aranges
                0x00000220       0x48 .\CortexM3\ARM_GCC_541\Debug\Cm3Start.o
 .debug_aranges
                0x00000268       0xd8 .\CortexM3\ARM_GCC_541\Debug\Group2.a(CyDmac.o)
 .debug_aranges
                0x00000340      0x2a0 .\CortexM3\ARM_GCC_541\Debug\Group2.a(CyLib.o)
 .debug_aranges
                0x000005e0       0x98 .\CortexM3\ARM_GCC_541\Debug\Group2.a(cyPm.o)
 .debug_aranges
                0x00000678       0xf0 .\CortexM3\ARM_GCC_541\Debug\Group2.a(UART.o)
 .debug_aranges
                0x00000768       0x20 .\CortexM3\ARM_GCC_541\Debug\Group2.a(UART_INT.o)
 .debug_aranges
                0x00000788       0x70 .\CortexM3\ARM_GCC_541\Debug\Group2.a(UART_IntClock.o)
 .debug_aranges
                0x000007f8       0x40 .\CortexM3\ARM_GCC_541\Debug\Group2.a(Opamp_Aux.o)
 .debug_aranges
                0x00000838       0x38 .\CortexM3\ARM_GCC_541\Debug\Group2.a(Opamp_Aux_PM.o)
 .debug_aranges
                0x00000870       0x60 .\CortexM3\ARM_GCC_541\Debug\Group2.a(IDAC_calibrate.o)
 .debug_aranges
                0x000008d0       0x50 .\CortexM3\ARM_GCC_541\Debug\Group2.a(TIA.o)
 .debug_aranges
                0x00000920       0x38 .\CortexM3\ARM_GCC_541\Debug\Group2.a(TIA_PM.o)
 .debug_aranges
                0x00000958       0x58 .\CortexM3\ARM_GCC_541\Debug\Group2.a(VDAC_TIA.o)
 .debug_aranges
                0x000009b0       0x38 .\CortexM3\ARM_GCC_541\Debug\Group2.a(VDAC_TIA_PM.o)
 .debug_aranges
                0x000009e8       0x38 .\CortexM3\ARM_GCC_541\Debug\Group2.a(DVDAC_PM.o)
 .debug_aranges
                0x00000a20       0xe8 .\CortexM3\ARM_GCC_541\Debug\Group2.a(ADC_SigDel.o)
 .debug_aranges
                0x00000b08       0x38 .\CortexM3\ARM_GCC_541\Debug\Group2.a(ADC_SigDel_PM.o)
 .debug_aranges
                0x00000b40       0x38 .\CortexM3\ARM_GCC_541\Debug\Group2.a(ADC_SigDel_INT.o)
 .debug_aranges
                0x00000b78       0x30 .\CortexM3\ARM_GCC_541\Debug\Group2.a(AMux_TIA_input.o)
 .debug_aranges
                0x00000ba8       0x30 .\CortexM3\ARM_GCC_541\Debug\Group2.a(AMux_TIA_resistor_bypass.o)
 .debug_aranges
                0x00000bd8       0x28 .\CortexM3\ARM_GCC_541\Debug\Group2.a(DVDAC_DMA_dma.o)
 .debug_aranges
                0x00000c00       0x58 .\CortexM3\ARM_GCC_541\Debug\Group2.a(DVDAC_VDAC8.o)
 .debug_aranges
                0x00000c58       0x38 .\CortexM3\ARM_GCC_541\Debug\Group2.a(DVDAC_VDAC8_PM.o)
 .debug_aranges
                0x00000c90       0x70 .\CortexM3\ARM_GCC_541\Debug\Group2.a(DVDAC_IntClock.o)
 .debug_aranges
                0x00000d00       0x70 .\CortexM3\ARM_GCC_541\Debug\Group2.a(ADC_SigDel_Ext_CP_Clk.o)
 .debug_aranges
                0x00000d70       0x80 .\CortexM3\ARM_GCC_541\Debug\Group2.a(ADC_SigDel_theACLK.o)
 .debug_aranges
                0x00000df0       0x80 .\CortexM3\ARM_GCC_541\Debug\Group2.a(PWM_isr.o)
 .debug_aranges
                0x00000e70       0x38 .\CortexM3\ARM_GCC_541\Debug\Group2.a(PWM_isr_PM.o)
 .debug_aranges
                0x00000ea8       0x80 .\CortexM3\ARM_GCC_541\Debug\Group2.a(isr_dac.o)
 .debug_aranges
                0x00000f28       0x80 .\CortexM3\ARM_GCC_541\Debug\Group2.a(isr_adc.o)
 .debug_aranges
                0x00000fa8       0x80 .\CortexM3\ARM_GCC_541\Debug\Group2.a(isr_adcAmp.o)
 .debug_aranges
                0x00001028       0x20 .\CortexM3\ARM_GCC_541\Debug\Group2.a(CyBootAsmGnu.o)
 .debug_aranges
                0x00001048       0x88 .\CortexM3\ARM_GCC_541\Debug\Group2.a(CyFlash.o)
 .debug_aranges
                0x000010d0       0x80 .\CortexM3\ARM_GCC_541\Debug\Group2.a(CySpc.o)

.debug_pubnames
 *(.debug_pubnames)

.debug_info     0x00000000     0xa494
 *(.debug_info .gnu.linkonce.wi.*)
 .debug_info    0x00000000      0x612 .\CortexM3\ARM_GCC_541\Debug\main.o
 .debug_info    0x00000612      0x4cc .\CortexM3\ARM_GCC_541\Debug\InterruptRoutines.o
 .debug_info    0x00000ade      0x688 .\CortexM3\ARM_GCC_541\Debug\Calibration.o
 .debug_info    0x00001166      0x62f .\CortexM3\ARM_GCC_541\Debug\Helper_functions.o
 .debug_info    0x00001795      0x343 .\CortexM3\ARM_GCC_541\Debug\DVDAC.o
 .debug_info    0x00001ad8      0x62b .\CortexM3\ARM_GCC_541\Debug\user_selections.o
 .debug_info    0x00002103      0x412 .\CortexM3\ARM_GCC_541\Debug\lut_functions.o
 .debug_info    0x00002515      0x69a .\CortexM3\ARM_GCC_541\Debug\cyfitter_cfg.o
 .debug_info    0x00002baf      0x136 .\CortexM3\ARM_GCC_541\Debug\cymetadata.o
 .debug_info    0x00002ce5      0x3cf .\CortexM3\ARM_GCC_541\Debug\Cm3Start.o
 .debug_info    0x000030b4      0x94e .\CortexM3\ARM_GCC_541\Debug\Group2.a(CyDmac.o)
 .debug_info    0x00003a02     0x1374 .\CortexM3\ARM_GCC_541\Debug\Group2.a(CyLib.o)
 .debug_info    0x00004d76      0xa2a .\CortexM3\ARM_GCC_541\Debug\Group2.a(cyPm.o)
 .debug_info    0x000057a0      0x6d1 .\CortexM3\ARM_GCC_541\Debug\Group2.a(UART.o)
 .debug_info    0x00005e71       0xf6 .\CortexM3\ARM_GCC_541\Debug\Group2.a(UART_INT.o)
 .debug_info    0x00005f67      0x283 .\CortexM3\ARM_GCC_541\Debug\Group2.a(UART_IntClock.o)
 .debug_info    0x000061ea      0x151 .\CortexM3\ARM_GCC_541\Debug\Group2.a(Opamp_Aux.o)
 .debug_info    0x0000633b      0x153 .\CortexM3\ARM_GCC_541\Debug\Group2.a(Opamp_Aux_PM.o)
 .debug_info    0x0000648e      0x20a .\CortexM3\ARM_GCC_541\Debug\Group2.a(IDAC_calibrate.o)
 .debug_info    0x00006698      0x1d5 .\CortexM3\ARM_GCC_541\Debug\Group2.a(TIA.o)
 .debug_info    0x0000686d      0x177 .\CortexM3\ARM_GCC_541\Debug\Group2.a(TIA_PM.o)
 .debug_info    0x000069e4      0x1df .\CortexM3\ARM_GCC_541\Debug\Group2.a(VDAC_TIA.o)
 .debug_info    0x00006bc3      0x177 .\CortexM3\ARM_GCC_541\Debug\Group2.a(VDAC_TIA_PM.o)
 .debug_info    0x00006d3a      0x189 .\CortexM3\ARM_GCC_541\Debug\Group2.a(DVDAC_PM.o)
 .debug_info    0x00006ec3      0xa83 .\CortexM3\ARM_GCC_541\Debug\Group2.a(ADC_SigDel.o)
 .debug_info    0x00007946      0x185 .\CortexM3\ARM_GCC_541\Debug\Group2.a(ADC_SigDel_PM.o)
 .debug_info    0x00007acb       0xd3 .\CortexM3\ARM_GCC_541\Debug\Group2.a(ADC_SigDel_INT.o)
 .debug_info    0x00007b9e      0x165 .\CortexM3\ARM_GCC_541\Debug\Group2.a(AMux_TIA_input.o)
 .debug_info    0x00007d03      0x165 .\CortexM3\ARM_GCC_541\Debug\Group2.a(AMux_TIA_resistor_bypass.o)
 .debug_info    0x00007e68      0x1aa .\CortexM3\ARM_GCC_541\Debug\Group2.a(DVDAC_DMA_dma.o)
 .debug_info    0x00008012      0x1dd .\CortexM3\ARM_GCC_541\Debug\Group2.a(DVDAC_VDAC8.o)
 .debug_info    0x000081ef      0x177 .\CortexM3\ARM_GCC_541\Debug\Group2.a(DVDAC_VDAC8_PM.o)
 .debug_info    0x00008366      0x283 .\CortexM3\ARM_GCC_541\Debug\Group2.a(DVDAC_IntClock.o)
 .debug_info    0x000085e9      0x283 .\CortexM3\ARM_GCC_541\Debug\Group2.a(ADC_SigDel_Ext_CP_Clk.o)
 .debug_info    0x0000886c      0x2c4 .\CortexM3\ARM_GCC_541\Debug\Group2.a(ADC_SigDel_theACLK.o)
 .debug_info    0x00008b30      0x299 .\CortexM3\ARM_GCC_541\Debug\Group2.a(PWM_isr.o)
 .debug_info    0x00008dc9      0x217 .\CortexM3\ARM_GCC_541\Debug\Group2.a(PWM_isr_PM.o)
 .debug_info    0x00008fe0      0x2d2 .\CortexM3\ARM_GCC_541\Debug\Group2.a(isr_dac.o)
 .debug_info    0x000092b2      0x2d2 .\CortexM3\ARM_GCC_541\Debug\Group2.a(isr_adc.o)
 .debug_info    0x00009584      0x2d2 .\CortexM3\ARM_GCC_541\Debug\Group2.a(isr_adcAmp.o)
 .debug_info    0x00009856       0xa1 .\CortexM3\ARM_GCC_541\Debug\Group2.a(CyBootAsmGnu.o)
 .debug_info    0x000098f7      0x64d .\CortexM3\ARM_GCC_541\Debug\Group2.a(CyFlash.o)
 .debug_info    0x00009f44      0x550 .\CortexM3\ARM_GCC_541\Debug\Group2.a(CySpc.o)

.debug_abbrev   0x00000000     0x2fd4
 *(.debug_abbrev)
 .debug_abbrev  0x00000000      0x116 .\CortexM3\ARM_GCC_541\Debug\main.o
 .debug_abbrev  0x00000116       0xef .\CortexM3\ARM_GCC_541\Debug\InterruptRoutines.o
 .debug_abbrev  0x00000205      0x13f .\CortexM3\ARM_GCC_541\Debug\Calibration.o
 .debug_abbrev  0x00000344      0x159 .\CortexM3\ARM_GCC_541\Debug\Helper_functions.o
 .debug_abbrev  0x0000049d      0x10f .\CortexM3\ARM_GCC_541\Debug\DVDAC.o
 .debug_abbrev  0x000005ac      0x138 .\CortexM3\ARM_GCC_541\Debug\user_selections.o
 .debug_abbrev  0x000006e4      0x132 .\CortexM3\ARM_GCC_541\Debug\lut_functions.o
 .debug_abbrev  0x00000816      0x21e .\CortexM3\ARM_GCC_541\Debug\cyfitter_cfg.o
 .debug_abbrev  0x00000a34       0x77 .\CortexM3\ARM_GCC_541\Debug\cymetadata.o
 .debug_abbrev  0x00000aab      0x1e8 .\CortexM3\ARM_GCC_541\Debug\Cm3Start.o
 .debug_abbrev  0x00000c93      0x1b2 .\CortexM3\ARM_GCC_541\Debug\Group2.a(CyDmac.o)
 .debug_abbrev  0x00000e45      0x254 .\CortexM3\ARM_GCC_541\Debug\Group2.a(CyLib.o)
 .debug_abbrev  0x00001099      0x1ab .\CortexM3\ARM_GCC_541\Debug\Group2.a(cyPm.o)
 .debug_abbrev  0x00001244      0x16f .\CortexM3\ARM_GCC_541\Debug\Group2.a(UART.o)
 .debug_abbrev  0x000013b3       0x79 .\CortexM3\ARM_GCC_541\Debug\Group2.a(UART_INT.o)
 .debug_abbrev  0x0000142c      0x139 .\CortexM3\ARM_GCC_541\Debug\Group2.a(UART_IntClock.o)
 .debug_abbrev  0x00001565       0xb2 .\CortexM3\ARM_GCC_541\Debug\Group2.a(Opamp_Aux.o)
 .debug_abbrev  0x00001617       0xc4 .\CortexM3\ARM_GCC_541\Debug\Group2.a(Opamp_Aux_PM.o)
 .debug_abbrev  0x000016db      0x106 .\CortexM3\ARM_GCC_541\Debug\Group2.a(IDAC_calibrate.o)
 .debug_abbrev  0x000017e1       0xf7 .\CortexM3\ARM_GCC_541\Debug\Group2.a(TIA.o)
 .debug_abbrev  0x000018d8       0xc4 .\CortexM3\ARM_GCC_541\Debug\Group2.a(TIA_PM.o)
 .debug_abbrev  0x0000199c       0xf7 .\CortexM3\ARM_GCC_541\Debug\Group2.a(VDAC_TIA.o)
 .debug_abbrev  0x00001a93       0xc4 .\CortexM3\ARM_GCC_541\Debug\Group2.a(VDAC_TIA_PM.o)
 .debug_abbrev  0x00001b57       0xac .\CortexM3\ARM_GCC_541\Debug\Group2.a(DVDAC_PM.o)
 .debug_abbrev  0x00001c03      0x1cd .\CortexM3\ARM_GCC_541\Debug\Group2.a(ADC_SigDel.o)
 .debug_abbrev  0x00001dd0       0xc4 .\CortexM3\ARM_GCC_541\Debug\Group2.a(ADC_SigDel_PM.o)
 .debug_abbrev  0x00001e94       0x42 .\CortexM3\ARM_GCC_541\Debug\Group2.a(ADC_SigDel_INT.o)
 .debug_abbrev  0x00001ed6       0xb1 .\CortexM3\ARM_GCC_541\Debug\Group2.a(AMux_TIA_input.o)
 .debug_abbrev  0x00001f87       0xb1 .\CortexM3\ARM_GCC_541\Debug\Group2.a(AMux_TIA_resistor_bypass.o)
 .debug_abbrev  0x00002038       0xcd .\CortexM3\ARM_GCC_541\Debug\Group2.a(DVDAC_DMA_dma.o)
 .debug_abbrev  0x00002105       0xf7 .\CortexM3\ARM_GCC_541\Debug\Group2.a(DVDAC_VDAC8.o)
 .debug_abbrev  0x000021fc       0xc4 .\CortexM3\ARM_GCC_541\Debug\Group2.a(DVDAC_VDAC8_PM.o)
 .debug_abbrev  0x000022c0      0x139 .\CortexM3\ARM_GCC_541\Debug\Group2.a(DVDAC_IntClock.o)
 .debug_abbrev  0x000023f9      0x139 .\CortexM3\ARM_GCC_541\Debug\Group2.a(ADC_SigDel_Ext_CP_Clk.o)
 .debug_abbrev  0x00002532      0x121 .\CortexM3\ARM_GCC_541\Debug\Group2.a(ADC_SigDel_theACLK.o)
 .debug_abbrev  0x00002653      0x12d .\CortexM3\ARM_GCC_541\Debug\Group2.a(PWM_isr.o)
 .debug_abbrev  0x00002780       0xac .\CortexM3\ARM_GCC_541\Debug\Group2.a(PWM_isr_PM.o)
 .debug_abbrev  0x0000282c      0x173 .\CortexM3\ARM_GCC_541\Debug\Group2.a(isr_dac.o)
 .debug_abbrev  0x0000299f      0x173 .\CortexM3\ARM_GCC_541\Debug\Group2.a(isr_adc.o)
 .debug_abbrev  0x00002b12      0x173 .\CortexM3\ARM_GCC_541\Debug\Group2.a(isr_adcAmp.o)
 .debug_abbrev  0x00002c85       0x14 .\CortexM3\ARM_GCC_541\Debug\Group2.a(CyBootAsmGnu.o)
 .debug_abbrev  0x00002c99      0x1a7 .\CortexM3\ARM_GCC_541\Debug\Group2.a(CyFlash.o)
 .debug_abbrev  0x00002e40      0x194 .\CortexM3\ARM_GCC_541\Debug\Group2.a(CySpc.o)

.debug_line     0x00000000     0x4612
 *(.debug_line)
 .debug_line    0x00000000      0x2ae .\CortexM3\ARM_GCC_541\Debug\main.o
 .debug_line    0x000002ae      0x227 .\CortexM3\ARM_GCC_541\Debug\InterruptRoutines.o
 .debug_line    0x000004d5      0x245 .\CortexM3\ARM_GCC_541\Debug\Calibration.o
 .debug_line    0x0000071a      0x2c5 .\CortexM3\ARM_GCC_541\Debug\Helper_functions.o
 .debug_line    0x000009df      0x13a .\CortexM3\ARM_GCC_541\Debug\DVDAC.o
 .debug_line    0x00000b19      0x286 .\CortexM3\ARM_GCC_541\Debug\user_selections.o
 .debug_line    0x00000d9f      0x1e0 .\CortexM3\ARM_GCC_541\Debug\lut_functions.o
 .debug_line    0x00000f7f      0x241 .\CortexM3\ARM_GCC_541\Debug\cyfitter_cfg.o
 .debug_line    0x000011c0      0x141 .\CortexM3\ARM_GCC_541\Debug\cymetadata.o
 .debug_line    0x00001301      0x241 .\CortexM3\ARM_GCC_541\Debug\Cm3Start.o
 .debug_line    0x00001542      0x2e4 .\CortexM3\ARM_GCC_541\Debug\Group2.a(CyDmac.o)
 .debug_line    0x00001826      0x816 .\CortexM3\ARM_GCC_541\Debug\Group2.a(CyLib.o)
 .debug_line    0x0000203c      0x367 .\CortexM3\ARM_GCC_541\Debug\Group2.a(cyPm.o)
 .debug_line    0x000023a3      0x2f5 .\CortexM3\ARM_GCC_541\Debug\Group2.a(UART.o)
 .debug_line    0x00002698       0x7d .\CortexM3\ARM_GCC_541\Debug\Group2.a(UART_INT.o)
 .debug_line    0x00002715      0x17c .\CortexM3\ARM_GCC_541\Debug\Group2.a(UART_IntClock.o)
 .debug_line    0x00002891       0xac .\CortexM3\ARM_GCC_541\Debug\Group2.a(Opamp_Aux.o)
 .debug_line    0x0000293d       0xa7 .\CortexM3\ARM_GCC_541\Debug\Group2.a(Opamp_Aux_PM.o)
 .debug_line    0x000029e4      0x101 .\CortexM3\ARM_GCC_541\Debug\Group2.a(IDAC_calibrate.o)
 .debug_line    0x00002ae5       0xd5 .\CortexM3\ARM_GCC_541\Debug\Group2.a(TIA.o)
 .debug_line    0x00002bba       0x9b .\CortexM3\ARM_GCC_541\Debug\Group2.a(TIA_PM.o)
 .debug_line    0x00002c55       0xe5 .\CortexM3\ARM_GCC_541\Debug\Group2.a(VDAC_TIA.o)
 .debug_line    0x00002d3a       0xaf .\CortexM3\ARM_GCC_541\Debug\Group2.a(VDAC_TIA_PM.o)
 .debug_line    0x00002de9       0xb4 .\CortexM3\ARM_GCC_541\Debug\Group2.a(DVDAC_PM.o)
 .debug_line    0x00002e9d      0x391 .\CortexM3\ARM_GCC_541\Debug\Group2.a(ADC_SigDel.o)
 .debug_line    0x0000322e       0xbb .\CortexM3\ARM_GCC_541\Debug\Group2.a(ADC_SigDel_PM.o)
 .debug_line    0x000032e9       0x87 .\CortexM3\ARM_GCC_541\Debug\Group2.a(ADC_SigDel_INT.o)
 .debug_line    0x00003370       0xb2 .\CortexM3\ARM_GCC_541\Debug\Group2.a(AMux_TIA_input.o)
 .debug_line    0x00003422       0xbc .\CortexM3\ARM_GCC_541\Debug\Group2.a(AMux_TIA_resistor_bypass.o)
 .debug_line    0x000034de       0x86 .\CortexM3\ARM_GCC_541\Debug\Group2.a(DVDAC_DMA_dma.o)
 .debug_line    0x00003564       0xe7 .\CortexM3\ARM_GCC_541\Debug\Group2.a(DVDAC_VDAC8.o)
 .debug_line    0x0000364b       0xb5 .\CortexM3\ARM_GCC_541\Debug\Group2.a(DVDAC_VDAC8_PM.o)
 .debug_line    0x00003700      0x17d .\CortexM3\ARM_GCC_541\Debug\Group2.a(DVDAC_IntClock.o)
 .debug_line    0x0000387d      0x184 .\CortexM3\ARM_GCC_541\Debug\Group2.a(ADC_SigDel_Ext_CP_Clk.o)
 .debug_line    0x00003a01      0x1a4 .\CortexM3\ARM_GCC_541\Debug\Group2.a(ADC_SigDel_theACLK.o)
 .debug_line    0x00003ba5      0x13f .\CortexM3\ARM_GCC_541\Debug\Group2.a(PWM_isr.o)
 .debug_line    0x00003ce4       0xaf .\CortexM3\ARM_GCC_541\Debug\Group2.a(PWM_isr_PM.o)
 .debug_line    0x00003d93      0x134 .\CortexM3\ARM_GCC_541\Debug\Group2.a(isr_dac.o)
 .debug_line    0x00003ec7      0x134 .\CortexM3\ARM_GCC_541\Debug\Group2.a(isr_adc.o)
 .debug_line    0x00003ffb      0x137 .\CortexM3\ARM_GCC_541\Debug\Group2.a(isr_adcAmp.o)
 .debug_line    0x00004132       0x66 .\CortexM3\ARM_GCC_541\Debug\Group2.a(CyBootAsmGnu.o)
 .debug_line    0x00004198      0x21a .\CortexM3\ARM_GCC_541\Debug\Group2.a(CyFlash.o)
 .debug_line    0x000043b2      0x260 .\CortexM3\ARM_GCC_541\Debug\Group2.a(CySpc.o)

.debug_frame    0x00000000     0x2900
 *(.debug_frame)
 .debug_frame   0x00000000       0x2c .\CortexM3\ARM_GCC_541\Debug\main.o
 .debug_frame   0x0000002c       0x6c .\CortexM3\ARM_GCC_541\Debug\InterruptRoutines.o
 .debug_frame   0x00000098       0x88 .\CortexM3\ARM_GCC_541\Debug\Calibration.o
 .debug_frame   0x00000120       0xc8 .\CortexM3\ARM_GCC_541\Debug\Helper_functions.o
 .debug_frame   0x000001e8       0xc0 .\CortexM3\ARM_GCC_541\Debug\DVDAC.o
 .debug_frame   0x000002a8       0xb8 .\CortexM3\ARM_GCC_541\Debug\user_selections.o
 .debug_frame   0x00000360       0x50 .\CortexM3\ARM_GCC_541\Debug\lut_functions.o
 .debug_frame   0x000003b0      0x13c .\CortexM3\ARM_GCC_541\Debug\cyfitter_cfg.o
 .debug_frame   0x000004ec       0xb8 .\CortexM3\ARM_GCC_541\Debug\Cm3Start.o
 .debug_frame   0x000005a4      0x1f8 .\CortexM3\ARM_GCC_541\Debug\Group2.a(CyDmac.o)
 .debug_frame   0x0000079c      0x738 .\CortexM3\ARM_GCC_541\Debug\Group2.a(CyLib.o)
 .debug_frame   0x00000ed4      0x1f8 .\CortexM3\ARM_GCC_541\Debug\Group2.a(cyPm.o)
 .debug_frame   0x000010cc      0x25c .\CortexM3\ARM_GCC_541\Debug\Group2.a(UART.o)
 .debug_frame   0x00001328       0x20 .\CortexM3\ARM_GCC_541\Debug\Group2.a(UART_INT.o)
 .debug_frame   0x00001348       0xe0 .\CortexM3\ARM_GCC_541\Debug\Group2.a(UART_IntClock.o)
 .debug_frame   0x00001428       0x78 .\CortexM3\ARM_GCC_541\Debug\Group2.a(Opamp_Aux.o)
 .debug_frame   0x000014a0       0x68 .\CortexM3\ARM_GCC_541\Debug\Group2.a(Opamp_Aux_PM.o)
 .debug_frame   0x00001508       0xd0 .\CortexM3\ARM_GCC_541\Debug\Group2.a(IDAC_calibrate.o)
 .debug_frame   0x000015d8       0x98 .\CortexM3\ARM_GCC_541\Debug\Group2.a(TIA.o)
 .debug_frame   0x00001670       0x68 .\CortexM3\ARM_GCC_541\Debug\Group2.a(TIA_PM.o)
 .debug_frame   0x000016d8       0xb4 .\CortexM3\ARM_GCC_541\Debug\Group2.a(VDAC_TIA.o)
 .debug_frame   0x0000178c       0x68 .\CortexM3\ARM_GCC_541\Debug\Group2.a(VDAC_TIA_PM.o)
 .debug_frame   0x000017f4       0x80 .\CortexM3\ARM_GCC_541\Debug\Group2.a(DVDAC_PM.o)
 .debug_frame   0x00001874      0x288 .\CortexM3\ARM_GCC_541\Debug\Group2.a(ADC_SigDel.o)
 .debug_frame   0x00001afc       0x68 .\CortexM3\ARM_GCC_541\Debug\Group2.a(ADC_SigDel_PM.o)
 .debug_frame   0x00001b64       0x50 .\CortexM3\ARM_GCC_541\Debug\Group2.a(ADC_SigDel_INT.o)
 .debug_frame   0x00001bb4       0x64 .\CortexM3\ARM_GCC_541\Debug\Group2.a(AMux_TIA_input.o)
 .debug_frame   0x00001c18       0x64 .\CortexM3\ARM_GCC_541\Debug\Group2.a(AMux_TIA_resistor_bypass.o)
 .debug_frame   0x00001c7c       0x54 .\CortexM3\ARM_GCC_541\Debug\Group2.a(DVDAC_DMA_dma.o)
 .debug_frame   0x00001cd0       0xb4 .\CortexM3\ARM_GCC_541\Debug\Group2.a(DVDAC_VDAC8.o)
 .debug_frame   0x00001d84       0x68 .\CortexM3\ARM_GCC_541\Debug\Group2.a(DVDAC_VDAC8_PM.o)
 .debug_frame   0x00001dec       0xe0 .\CortexM3\ARM_GCC_541\Debug\Group2.a(DVDAC_IntClock.o)
 .debug_frame   0x00001ecc       0xe0 .\CortexM3\ARM_GCC_541\Debug\Group2.a(ADC_SigDel_Ext_CP_Clk.o)
 .debug_frame   0x00001fac      0x100 .\CortexM3\ARM_GCC_541\Debug\Group2.a(ADC_SigDel_theACLK.o)
 .debug_frame   0x000020ac       0xf8 .\CortexM3\ARM_GCC_541\Debug\Group2.a(PWM_isr.o)
 .debug_frame   0x000021a4       0x80 .\CortexM3\ARM_GCC_541\Debug\Group2.a(PWM_isr_PM.o)
 .debug_frame   0x00002224      0x104 .\CortexM3\ARM_GCC_541\Debug\Group2.a(isr_dac.o)
 .debug_frame   0x00002328      0x104 .\CortexM3\ARM_GCC_541\Debug\Group2.a(isr_adc.o)
 .debug_frame   0x0000242c      0x104 .\CortexM3\ARM_GCC_541\Debug\Group2.a(isr_adcAmp.o)
 .debug_frame   0x00002530      0x194 .\CortexM3\ARM_GCC_541\Debug\Group2.a(CyFlash.o)
 .debug_frame   0x000026c4      0x180 .\CortexM3\ARM_GCC_541\Debug\Group2.a(CySpc.o)
 .debug_frame   0x00002844       0x20 c:/program files (x86)/cypress/psoc creator/4.4/psoc creator/import/gnu/arm/5.4.1/bin/../lib/gcc/arm-none-eabi/5.4.1/../../../../arm-none-eabi/lib/armv7-m\libg_nano.a(lib_a-errno.o)
 .debug_frame   0x00002864       0x28 c:/program files (x86)/cypress/psoc creator/4.4/psoc creator/import/gnu/arm/5.4.1/bin/../lib/gcc/arm-none-eabi/5.4.1/../../../../arm-none-eabi/lib/armv7-m\libg_nano.a(lib_a-exit.o)
 .debug_frame   0x0000288c       0x2c c:/program files (x86)/cypress/psoc creator/4.4/psoc creator/import/gnu/arm/5.4.1/bin/../lib/gcc/arm-none-eabi/5.4.1/../../../../arm-none-eabi/lib/armv7-m\libg_nano.a(lib_a-init.o)
 .debug_frame   0x000028b8       0x28 c:/program files (x86)/cypress/psoc creator/4.4/psoc creator/import/gnu/arm/5.4.1/bin/../lib/gcc/arm-none-eabi/5.4.1/../../../../arm-none-eabi/lib/armv7-m\libg_nano.a(lib_a-memcpy-stub.o)
 .debug_frame   0x000028e0       0x20 c:/program files (x86)/cypress/psoc creator/4.4/psoc creator/import/gnu/arm/5.4.1/bin/../lib/gcc/arm-none-eabi/5.4.1/../../../../arm-none-eabi/lib/armv7-m\libg_nano.a(lib_a-memset.o)

.debug_str      0x00000000     0x391e
 *(.debug_str)
 .debug_str     0x00000000      0x503 .\CortexM3\ARM_GCC_541\Debug\main.o
                                0x56c (size before relaxing)
 .debug_str     0x00000503       0xe8 .\CortexM3\ARM_GCC_541\Debug\InterruptRoutines.o
                                0x4e6 (size before relaxing)
 .debug_str     0x000005eb      0x1cc .\CortexM3\ARM_GCC_541\Debug\Calibration.o
                                0x5b9 (size before relaxing)
 .debug_str     0x000007b7      0x16d .\CortexM3\ARM_GCC_541\Debug\Helper_functions.o
                                0x5cc (size before relaxing)
 .debug_str     0x00000924      0x194 .\CortexM3\ARM_GCC_541\Debug\DVDAC.o
                                0x34e (size before relaxing)
 .debug_str     0x00000ab8       0xd1 .\CortexM3\ARM_GCC_541\Debug\user_selections.o
                                0x586 (size before relaxing)
 .debug_str     0x00000b89       0x4a .\CortexM3\ARM_GCC_541\Debug\lut_functions.o
                                0x3f7 (size before relaxing)
 .debug_str     0x00000bd3      0x242 .\CortexM3\ARM_GCC_541\Debug\cyfitter_cfg.o
                                0x408 (size before relaxing)
 .debug_str     0x00000e15       0x75 .\CortexM3\ARM_GCC_541\Debug\cymetadata.o
                                0x1f5 (size before relaxing)
 .debug_str     0x00000e8a      0x14d .\CortexM3\ARM_GCC_541\Debug\Cm3Start.o
                                0x32b (size before relaxing)
 .debug_str     0x00000fd7      0x318 .\CortexM3\ARM_GCC_541\Debug\Group2.a(CyDmac.o)
                                0x55b (size before relaxing)
 .debug_str     0x000012ef      0x7cb .\CortexM3\ARM_GCC_541\Debug\Group2.a(CyLib.o)
                                0xa58 (size before relaxing)
 .debug_str     0x00001aba      0x365 .\CortexM3\ARM_GCC_541\Debug\Group2.a(cyPm.o)
                                0x744 (size before relaxing)
 .debug_str     0x00001e1f      0x2bf .\CortexM3\ARM_GCC_541\Debug\Group2.a(UART.o)
                                0x507 (size before relaxing)
 .debug_str     0x000020de       0x2d .\CortexM3\ARM_GCC_541\Debug\Group2.a(UART_INT.o)
                                0x1f7 (size before relaxing)
 .debug_str     0x0000210b      0x183 .\CortexM3\ARM_GCC_541\Debug\Group2.a(UART_IntClock.o)
                                0x347 (size before relaxing)
 .debug_str     0x0000228e       0x7d .\CortexM3\ARM_GCC_541\Debug\Group2.a(Opamp_Aux.o)
                                0x224 (size before relaxing)
 .debug_str     0x0000230b       0x88 .\CortexM3\ARM_GCC_541\Debug\Group2.a(Opamp_Aux_PM.o)
                                0x260 (size before relaxing)
 .debug_str     0x00002393       0xc5 .\CortexM3\ARM_GCC_541\Debug\Group2.a(IDAC_calibrate.o)
                                0x2ae (size before relaxing)
 .debug_str     0x00002458       0x64 .\CortexM3\ARM_GCC_541\Debug\Group2.a(TIA.o)
                                0x234 (size before relaxing)
 .debug_str     0x000024bc       0x4d .\CortexM3\ARM_GCC_541\Debug\Group2.a(TIA_PM.o)
                                0x245 (size before relaxing)
 .debug_str     0x00002509       0xa6 .\CortexM3\ARM_GCC_541\Debug\Group2.a(VDAC_TIA.o)
                                0x24e (size before relaxing)
 .debug_str     0x000025af       0x81 .\CortexM3\ARM_GCC_541\Debug\Group2.a(VDAC_TIA_PM.o)
                                0x25e (size before relaxing)
 .debug_str     0x00002630       0x99 .\CortexM3\ARM_GCC_541\Debug\Group2.a(DVDAC_PM.o)
                                0x258 (size before relaxing)
 .debug_str     0x000026c9      0x406 .\CortexM3\ARM_GCC_541\Debug\Group2.a(ADC_SigDel.o)
                                0x6e2 (size before relaxing)
 .debug_str     0x00002acf       0x87 .\CortexM3\ARM_GCC_541\Debug\Group2.a(ADC_SigDel_PM.o)
                                0x287 (size before relaxing)
 .debug_str     0x00002b56       0x68 .\CortexM3\ARM_GCC_541\Debug\Group2.a(ADC_SigDel_INT.o)
                                0x1f4 (size before relaxing)
 .debug_str     0x00002bbe       0x62 .\CortexM3\ARM_GCC_541\Debug\Group2.a(AMux_TIA_input.o)
                                0x23a (size before relaxing)
 .debug_str     0x00002c20       0x7b .\CortexM3\ARM_GCC_541\Debug\Group2.a(AMux_TIA_resistor_bypass.o)
                                0x280 (size before relaxing)
 .debug_str     0x00002c9b       0x8b .\CortexM3\ARM_GCC_541\Debug\Group2.a(DVDAC_DMA_dma.o)
                                0x28d (size before relaxing)
 .debug_str     0x00002d26       0x9e .\CortexM3\ARM_GCC_541\Debug\Group2.a(DVDAC_VDAC8.o)
                                0x26c (size before relaxing)
 .debug_str     0x00002dc4       0x79 .\CortexM3\ARM_GCC_541\Debug\Group2.a(DVDAC_VDAC8_PM.o)
                                0x27c (size before relaxing)
 .debug_str     0x00002e3d      0x142 .\CortexM3\ARM_GCC_541\Debug\Group2.a(DVDAC_IntClock.o)
                                0x353 (size before relaxing)
 .debug_str     0x00002f7f      0x170 .\CortexM3\ARM_GCC_541\Debug\Group2.a(ADC_SigDel_Ext_CP_Clk.o)
                                0x3a7 (size before relaxing)
 .debug_str     0x000030ef      0x1a3 .\CortexM3\ARM_GCC_541\Debug\Group2.a(ADC_SigDel_theACLK.o)
                                0x3d4 (size before relaxing)
 .debug_str     0x00003292      0x10c .\CortexM3\ARM_GCC_541\Debug\Group2.a(PWM_isr.o)
                                0x2fd (size before relaxing)
 .debug_str     0x0000339e       0xa4 .\CortexM3\ARM_GCC_541\Debug\Group2.a(PWM_isr_PM.o)
                                0x304 (size before relaxing)
 .debug_str     0x00003442       0xc2 .\CortexM3\ARM_GCC_541\Debug\Group2.a(isr_dac.o)
                                0x2d3 (size before relaxing)
 .debug_str     0x00003504       0xd3 .\CortexM3\ARM_GCC_541\Debug\Group2.a(isr_adc.o)
                                0x2d3 (size before relaxing)
 .debug_str     0x000035d7       0xe0 .\CortexM3\ARM_GCC_541\Debug\Group2.a(isr_adcAmp.o)
                                0x2fd (size before relaxing)
 .debug_str     0x000036b7      0x1bb .\CortexM3\ARM_GCC_541\Debug\Group2.a(CyFlash.o)
                                0x3d1 (size before relaxing)
 .debug_str     0x00003872       0xac .\CortexM3\ARM_GCC_541\Debug\Group2.a(CySpc.o)
                                0x349 (size before relaxing)

.debug_loc      0x00000000     0x3c47
 *(.debug_loc)
 .debug_loc     0x00000000       0x5f .\CortexM3\ARM_GCC_541\Debug\main.o
 .debug_loc     0x0000005f       0xa4 .\CortexM3\ARM_GCC_541\Debug\Calibration.o
 .debug_loc     0x00000103       0xfe .\CortexM3\ARM_GCC_541\Debug\Helper_functions.o
 .debug_loc     0x00000201       0x7b .\CortexM3\ARM_GCC_541\Debug\DVDAC.o
 .debug_loc     0x0000027c       0x47 .\CortexM3\ARM_GCC_541\Debug\user_selections.o
 .debug_loc     0x000002c3      0x111 .\CortexM3\ARM_GCC_541\Debug\lut_functions.o
 .debug_loc     0x000003d4      0x285 .\CortexM3\ARM_GCC_541\Debug\cyfitter_cfg.o
 .debug_loc     0x00000659      0x144 .\CortexM3\ARM_GCC_541\Debug\Cm3Start.o
 .debug_loc     0x0000079d      0xb8e .\CortexM3\ARM_GCC_541\Debug\Group2.a(CyDmac.o)
 .debug_loc     0x0000132b      0xa11 .\CortexM3\ARM_GCC_541\Debug\Group2.a(CyLib.o)
 .debug_loc     0x00001d3c      0x1e4 .\CortexM3\ARM_GCC_541\Debug\Group2.a(cyPm.o)
 .debug_loc     0x00001f20      0x276 .\CortexM3\ARM_GCC_541\Debug\Group2.a(UART.o)
 .debug_loc     0x00002196      0x128 .\CortexM3\ARM_GCC_541\Debug\Group2.a(UART_IntClock.o)
 .debug_loc     0x000022be       0x21 .\CortexM3\ARM_GCC_541\Debug\Group2.a(Opamp_Aux.o)
 .debug_loc     0x000022df       0x76 .\CortexM3\ARM_GCC_541\Debug\Group2.a(IDAC_calibrate.o)
 .debug_loc     0x00002355       0x81 .\CortexM3\ARM_GCC_541\Debug\Group2.a(TIA.o)
 .debug_loc     0x000023d6       0x79 .\CortexM3\ARM_GCC_541\Debug\Group2.a(VDAC_TIA.o)
 .debug_loc     0x0000244f      0x6b6 .\CortexM3\ARM_GCC_541\Debug\Group2.a(ADC_SigDel.o)
 .debug_loc     0x00002b05       0x6c .\CortexM3\ARM_GCC_541\Debug\Group2.a(AMux_TIA_input.o)
 .debug_loc     0x00002b71       0x6c .\CortexM3\ARM_GCC_541\Debug\Group2.a(AMux_TIA_resistor_bypass.o)
 .debug_loc     0x00002bdd       0x84 .\CortexM3\ARM_GCC_541\Debug\Group2.a(DVDAC_DMA_dma.o)
 .debug_loc     0x00002c61       0x79 .\CortexM3\ARM_GCC_541\Debug\Group2.a(DVDAC_VDAC8.o)
 .debug_loc     0x00002cda      0x128 .\CortexM3\ARM_GCC_541\Debug\Group2.a(DVDAC_IntClock.o)
 .debug_loc     0x00002e02      0x12c .\CortexM3\ARM_GCC_541\Debug\Group2.a(ADC_SigDel_Ext_CP_Clk.o)
 .debug_loc     0x00002f2e      0x14d .\CortexM3\ARM_GCC_541\Debug\Group2.a(ADC_SigDel_theACLK.o)
 .debug_loc     0x0000307b       0x13 .\CortexM3\ARM_GCC_541\Debug\Group2.a(PWM_isr.o)
 .debug_loc     0x0000308e       0x56 .\CortexM3\ARM_GCC_541\Debug\Group2.a(isr_dac.o)
 .debug_loc     0x000030e4       0x56 .\CortexM3\ARM_GCC_541\Debug\Group2.a(isr_adc.o)
 .debug_loc     0x0000313a       0x56 .\CortexM3\ARM_GCC_541\Debug\Group2.a(isr_adcAmp.o)
 .debug_loc     0x00003190      0x3b2 .\CortexM3\ARM_GCC_541\Debug\Group2.a(CyFlash.o)
 .debug_loc     0x00003542      0x705 .\CortexM3\ARM_GCC_541\Debug\Group2.a(CySpc.o)

.debug_macinfo
 *(.debug_macinfo)

.debug_ranges   0x00000000      0xeb8
 *(.debug_ranges)
 .debug_ranges  0x00000000       0x10 .\CortexM3\ARM_GCC_541\Debug\main.o
 .debug_ranges  0x00000010       0x20 .\CortexM3\ARM_GCC_541\Debug\InterruptRoutines.o
 .debug_ranges  0x00000030       0x28 .\CortexM3\ARM_GCC_541\Debug\Calibration.o
 .debug_ranges  0x00000058       0x68 .\CortexM3\ARM_GCC_541\Debug\Helper_functions.o
 .debug_ranges  0x000000c0       0x38 .\CortexM3\ARM_GCC_541\Debug\DVDAC.o
 .debug_ranges  0x000000f8       0x38 .\CortexM3\ARM_GCC_541\Debug\user_selections.o
 .debug_ranges  0x00000130       0x20 .\CortexM3\ARM_GCC_541\Debug\lut_functions.o
 .debug_ranges  0x00000150       0x68 .\CortexM3\ARM_GCC_541\Debug\cyfitter_cfg.o
 .debug_ranges  0x000001b8       0x38 .\CortexM3\ARM_GCC_541\Debug\Cm3Start.o
 .debug_ranges  0x000001f0       0xc8 .\CortexM3\ARM_GCC_541\Debug\Group2.a(CyDmac.o)
 .debug_ranges  0x000002b8      0x290 .\CortexM3\ARM_GCC_541\Debug\Group2.a(CyLib.o)
 .debug_ranges  0x00000548       0x88 .\CortexM3\ARM_GCC_541\Debug\Group2.a(cyPm.o)
 .debug_ranges  0x000005d0       0xe0 .\CortexM3\ARM_GCC_541\Debug\Group2.a(UART.o)
 .debug_ranges  0x000006b0       0x10 .\CortexM3\ARM_GCC_541\Debug\Group2.a(UART_INT.o)
 .debug_ranges  0x000006c0       0x60 .\CortexM3\ARM_GCC_541\Debug\Group2.a(UART_IntClock.o)
 .debug_ranges  0x00000720       0x30 .\CortexM3\ARM_GCC_541\Debug\Group2.a(Opamp_Aux.o)
 .debug_ranges  0x00000750       0x28 .\CortexM3\ARM_GCC_541\Debug\Group2.a(Opamp_Aux_PM.o)
 .debug_ranges  0x00000778       0x50 .\CortexM3\ARM_GCC_541\Debug\Group2.a(IDAC_calibrate.o)
 .debug_ranges  0x000007c8       0x40 .\CortexM3\ARM_GCC_541\Debug\Group2.a(TIA.o)
 .debug_ranges  0x00000808       0x28 .\CortexM3\ARM_GCC_541\Debug\Group2.a(TIA_PM.o)
 .debug_ranges  0x00000830       0x48 .\CortexM3\ARM_GCC_541\Debug\Group2.a(VDAC_TIA.o)
 .debug_ranges  0x00000878       0x28 .\CortexM3\ARM_GCC_541\Debug\Group2.a(VDAC_TIA_PM.o)
 .debug_ranges  0x000008a0       0x28 .\CortexM3\ARM_GCC_541\Debug\Group2.a(DVDAC_PM.o)
 .debug_ranges  0x000008c8       0xd8 .\CortexM3\ARM_GCC_541\Debug\Group2.a(ADC_SigDel.o)
 .debug_ranges  0x000009a0       0x28 .\CortexM3\ARM_GCC_541\Debug\Group2.a(ADC_SigDel_PM.o)
 .debug_ranges  0x000009c8       0x28 .\CortexM3\ARM_GCC_541\Debug\Group2.a(ADC_SigDel_INT.o)
 .debug_ranges  0x000009f0       0x20 .\CortexM3\ARM_GCC_541\Debug\Group2.a(AMux_TIA_input.o)
 .debug_ranges  0x00000a10       0x20 .\CortexM3\ARM_GCC_541\Debug\Group2.a(AMux_TIA_resistor_bypass.o)
 .debug_ranges  0x00000a30       0x18 .\CortexM3\ARM_GCC_541\Debug\Group2.a(DVDAC_DMA_dma.o)
 .debug_ranges  0x00000a48       0x48 .\CortexM3\ARM_GCC_541\Debug\Group2.a(DVDAC_VDAC8.o)
 .debug_ranges  0x00000a90       0x28 .\CortexM3\ARM_GCC_541\Debug\Group2.a(DVDAC_VDAC8_PM.o)
 .debug_ranges  0x00000ab8       0x60 .\CortexM3\ARM_GCC_541\Debug\Group2.a(DVDAC_IntClock.o)
 .debug_ranges  0x00000b18       0x60 .\CortexM3\ARM_GCC_541\Debug\Group2.a(ADC_SigDel_Ext_CP_Clk.o)
 .debug_ranges  0x00000b78       0x70 .\CortexM3\ARM_GCC_541\Debug\Group2.a(ADC_SigDel_theACLK.o)
 .debug_ranges  0x00000be8       0x70 .\CortexM3\ARM_GCC_541\Debug\Group2.a(PWM_isr.o)
 .debug_ranges  0x00000c58       0x28 .\CortexM3\ARM_GCC_541\Debug\Group2.a(PWM_isr_PM.o)
 .debug_ranges  0x00000c80       0x70 .\CortexM3\ARM_GCC_541\Debug\Group2.a(isr_dac.o)
 .debug_ranges  0x00000cf0       0x70 .\CortexM3\ARM_GCC_541\Debug\Group2.a(isr_adc.o)
 .debug_ranges  0x00000d60       0x70 .\CortexM3\ARM_GCC_541\Debug\Group2.a(isr_adcAmp.o)
 .debug_ranges  0x00000dd0       0x78 .\CortexM3\ARM_GCC_541\Debug\Group2.a(CyFlash.o)
 .debug_ranges  0x00000e48       0x70 .\CortexM3\ARM_GCC_541\Debug\Group2.a(CySpc.o)

.comment        0x00000000       0x6e
 .comment       0x00000000       0x6e .\CortexM3\ARM_GCC_541\Debug\main.o
                                 0x6f (size before relaxing)
 .comment       0x0000006e       0x6f .\CortexM3\ARM_GCC_541\Debug\InterruptRoutines.o
 .comment       0x0000006e       0x6f .\CortexM3\ARM_GCC_541\Debug\Calibration.o
 .comment       0x0000006e       0x6f .\CortexM3\ARM_GCC_541\Debug\Helper_functions.o
 .comment       0x0000006e       0x6f .\CortexM3\ARM_GCC_541\Debug\DVDAC.o
 .comment       0x0000006e       0x6f .\CortexM3\ARM_GCC_541\Debug\user_selections.o
 .comment       0x0000006e       0x6f .\CortexM3\ARM_GCC_541\Debug\lut_functions.o
 .comment       0x0000006e       0x6f .\CortexM3\ARM_GCC_541\Debug\cyfitter_cfg.o
 .comment       0x0000006e       0x6f .\CortexM3\ARM_GCC_541\Debug\cymetadata.o
 .comment       0x0000006e       0x6f .\CortexM3\ARM_GCC_541\Debug\Cm3Start.o
 .comment       0x0000006e       0x6f .\CortexM3\ARM_GCC_541\Debug\Group2.a(CyDmac.o)
 .comment       0x0000006e       0x6f .\CortexM3\ARM_GCC_541\Debug\Group2.a(CyLib.o)
 .comment       0x0000006e       0x6f .\CortexM3\ARM_GCC_541\Debug\Group2.a(cyPm.o)
 .comment       0x0000006e       0x6f .\CortexM3\ARM_GCC_541\Debug\Group2.a(UART.o)
 .comment       0x0000006e       0x6f .\CortexM3\ARM_GCC_541\Debug\Group2.a(UART_INT.o)
 .comment       0x0000006e       0x6f .\CortexM3\ARM_GCC_541\Debug\Group2.a(UART_IntClock.o)
 .comment       0x0000006e       0x6f .\CortexM3\ARM_GCC_541\Debug\Group2.a(Opamp_Aux.o)
 .comment       0x0000006e       0x6f .\CortexM3\ARM_GCC_541\Debug\Group2.a(Opamp_Aux_PM.o)
 .comment       0x0000006e       0x6f .\CortexM3\ARM_GCC_541\Debug\Group2.a(IDAC_calibrate.o)
 .comment       0x0000006e       0x6f .\CortexM3\ARM_GCC_541\Debug\Group2.a(TIA.o)
 .comment       0x0000006e       0x6f .\CortexM3\ARM_GCC_541\Debug\Group2.a(TIA_PM.o)
 .comment       0x0000006e       0x6f .\CortexM3\ARM_GCC_541\Debug\Group2.a(VDAC_TIA.o)
 .comment       0x0000006e       0x6f .\CortexM3\ARM_GCC_541\Debug\Group2.a(VDAC_TIA_PM.o)
 .comment       0x0000006e       0x6f .\CortexM3\ARM_GCC_541\Debug\Group2.a(DVDAC_PM.o)
 .comment       0x0000006e       0x6f .\CortexM3\ARM_GCC_541\Debug\Group2.a(ADC_SigDel.o)
 .comment       0x0000006e       0x6f .\CortexM3\ARM_GCC_541\Debug\Group2.a(ADC_SigDel_PM.o)
 .comment       0x0000006e       0x6f .\CortexM3\ARM_GCC_541\Debug\Group2.a(ADC_SigDel_INT.o)
 .comment       0x0000006e       0x6f .\CortexM3\ARM_GCC_541\Debug\Group2.a(AMux_TIA_input.o)
 .comment       0x0000006e       0x6f .\CortexM3\ARM_GCC_541\Debug\Group2.a(AMux_TIA_resistor_bypass.o)
 .comment       0x0000006e       0x6f .\CortexM3\ARM_GCC_541\Debug\Group2.a(DVDAC_DMA_dma.o)
 .comment       0x0000006e       0x6f .\CortexM3\ARM_GCC_541\Debug\Group2.a(DVDAC_VDAC8.o)