Archive member included to satisfy reference by file (symbol)

.\CortexM3\ARM_GCC_541\Debug\Project_design.a(CyLib.o)
                              .\CortexM3\ARM_GCC_541\Debug\Cm3Start.o (CyHalt)
.\CortexM3\ARM_GCC_541\Debug\Project_design.a(cyPm.o)
                              .\CortexM3\ARM_GCC_541\Debug\Project_design.a(CyLib.o) (CyPmReadStatus)
.\CortexM3\ARM_GCC_541\Debug\Project_design.a(UART_1.o)
                              .\CortexM3\ARM_GCC_541\Debug\main.o (UART_1_Start)
.\CortexM3\ARM_GCC_541\Debug\Project_design.a(UART_1_IntClock.o)
                              .\CortexM3\ARM_GCC_541\Debug\Project_design.a(UART_1.o) (UART_1_IntClock_Start)
.\CortexM3\ARM_GCC_541\Debug\Project_design.a(I2CMASTER.o)
                              .\CortexM3\ARM_GCC_541\Debug\main.o (I2CMASTER_Start)
.\CortexM3\ARM_GCC_541\Debug\Project_design.a(I2CMASTER_INT.o)
                              .\CortexM3\ARM_GCC_541\Debug\Project_design.a(I2CMASTER.o) (I2CMASTER_ISR)
.\CortexM3\ARM_GCC_541\Debug\Project_design.a(I2CMASTER_PM.o)
                              .\CortexM3\ARM_GCC_541\Debug\Project_design.a(I2CMASTER.o) (I2CMASTER_backup)
.\CortexM3\ARM_GCC_541\Debug\Project_design.a(I2CMASTER_MASTER.o)
                              .\CortexM3\ARM_GCC_541\Debug\Project_design.a(I2CMASTER.o) (I2CMASTER_mstrStatus)
.\CortexM3\ARM_GCC_541\Debug\Project_design.a(CyBootAsmGnu.o)
                              .\CortexM3\ARM_GCC_541\Debug\cyfitter_cfg.o (CyDelayCycles)
.\CortexM3\ARM_GCC_541\Debug\Project_design.a(CyFlash.o)
                              .\CortexM3\ARM_GCC_541\Debug\Project_design.a(cyPm.o) (CyFlash_SetWaitCycles)
.\CortexM3\ARM_GCC_541\Debug\Project_design.a(CySpc.o)
                              .\CortexM3\ARM_GCC_541\Debug\Project_design.a(CyFlash.o) (CySpcStart)
c:/program files (x86)/cypress/psoc creator/4.4/psoc creator/import/gnu/arm/5.4.1/bin/../lib/gcc/arm-none-eabi/5.4.1/../../../../arm-none-eabi/lib/armv7-m\libm.a(lib_a-w_pow.o)
                              .\CortexM3\ARM_GCC_541\Debug\RTC_Driver.o (pow)
c:/program files (x86)/cypress/psoc creator/4.4/psoc creator/import/gnu/arm/5.4.1/bin/../lib/gcc/arm-none-eabi/5.4.1/../../../../arm-none-eabi/lib/armv7-m\libm.a(lib_a-e_pow.o)
                              c:/program files (x86)/cypress/psoc creator/4.4/psoc creator/import/gnu/arm/5.4.1/bin/../lib/gcc/arm-none-eabi/5.4.1/../../../../arm-none-eabi/lib/armv7-m\libm.a(lib_a-w_pow.o) (__ieee754_pow)
c:/program files (x86)/cypress/psoc creator/4.4/psoc creator/import/gnu/arm/5.4.1/bin/../lib/gcc/arm-none-eabi/5.4.1/../../../../arm-none-eabi/lib/armv7-m\libm.a(lib_a-e_sqrt.o)
                              c:/program files (x86)/cypress/psoc creator/4.4/psoc creator/import/gnu/arm/5.4.1/bin/../lib/gcc/arm-none-eabi/5.4.1/../../../../arm-none-eabi/lib/armv7-m\libm.a(lib_a-e_pow.o) (__ieee754_sqrt)
c:/program files (x86)/cypress/psoc creator/4.4/psoc creator/import/gnu/arm/5.4.1/bin/../lib/gcc/arm-none-eabi/5.4.1/../../../../arm-none-eabi/lib/armv7-m\libm.a(lib_a-s_fabs.o)
                              c:/program files (x86)/cypress/psoc creator/4.4/psoc creator/import/gnu/arm/5.4.1/bin/../lib/gcc/arm-none-eabi/5.4.1/../../../../arm-none-eabi/lib/armv7-m\libm.a(lib_a-e_pow.o) (fabs)
c:/program files (x86)/cypress/psoc creator/4.4/psoc creator/import/gnu/arm/5.4.1/bin/../lib/gcc/arm-none-eabi/5.4.1/../../../../arm-none-eabi/lib/armv7-m\libm.a(lib_a-s_finite.o)
                              c:/program files (x86)/cypress/psoc creator/4.4/psoc creator/import/gnu/arm/5.4.1/bin/../lib/gcc/arm-none-eabi/5.4.1/../../../../arm-none-eabi/lib/armv7-m\libm.a(lib_a-w_pow.o) (finite)
c:/program files (x86)/cypress/psoc creator/4.4/psoc creator/import/gnu/arm/5.4.1/bin/../lib/gcc/arm-none-eabi/5.4.1/../../../../arm-none-eabi/lib/armv7-m\libm.a(lib_a-s_lib_ver.o)
                              c:/program files (x86)/cypress/psoc creator/4.4/psoc creator/import/gnu/arm/5.4.1/bin/../lib/gcc/arm-none-eabi/5.4.1/../../../../arm-none-eabi/lib/armv7-m\libm.a(lib_a-w_pow.o) (__fdlib_version)
c:/program files (x86)/cypress/psoc creator/4.4/psoc creator/import/gnu/arm/5.4.1/bin/../lib/gcc/arm-none-eabi/5.4.1/../../../../arm-none-eabi/lib/armv7-m\libm.a(lib_a-s_matherr.o)
                              c:/program files (x86)/cypress/psoc creator/4.4/psoc creator/import/gnu/arm/5.4.1/bin/../lib/gcc/arm-none-eabi/5.4.1/../../../../arm-none-eabi/lib/armv7-m\libm.a(lib_a-w_pow.o) (matherr)
c:/program files (x86)/cypress/psoc creator/4.4/psoc creator/import/gnu/arm/5.4.1/bin/../lib/gcc/arm-none-eabi/5.4.1/../../../../arm-none-eabi/lib/armv7-m\libm.a(lib_a-s_nan.o)
                              c:/program files (x86)/cypress/psoc creator/4.4/psoc creator/import/gnu/arm/5.4.1/bin/../lib/gcc/arm-none-eabi/5.4.1/../../../../arm-none-eabi/lib/armv7-m\libm.a(lib_a-e_pow.o) (nan)
[...]
Memory Configuration

Name             Origin             Length             Attributes
rom              0x00000000         0x00040000         xr
ram              0x1fff8000         0x00010000         xrw
*default*        0x00000000         0xffffffff

Linker script and memory map

LOAD c:/program files (x86)/cypress/psoc creator/4.4/psoc creator/import/gnu/arm/5.4.1/bin/../lib/gcc/arm-none-eabi/5.4.1/armv7-m/crti.o
LOAD c:/program files (x86)/cypress/psoc creator/4.4/psoc creator/import/gnu/arm/5.4.1/bin/../lib/gcc/arm-none-eabi/5.4.1/armv7-m/crtbegin.o
LOAD c:/program files (x86)/cypress/psoc creator/4.4/psoc creator/import/gnu/arm/5.4.1/bin/../lib/gcc/arm-none-eabi/5.4.1/../../../../arm-none-eabi/lib/armv7-m/crt0.o
START GROUP
LOAD .\CortexM3\ARM_GCC_541\Debug\main.o
LOAD .\CortexM3\ARM_GCC_541\Debug\OLED_Driver.o
LOAD .\CortexM3\ARM_GCC_541\Debug\RTC_Driver.o
LOAD .\CortexM3\ARM_GCC_541\Debug\EEPROM_Driver.o
LOAD .\CortexM3\ARM_GCC_541\Debug\cyfitter_cfg.o
LOAD .\CortexM3\ARM_GCC_541\Debug\cymetadata.o
LOAD .\CortexM3\ARM_GCC_541\Debug\Cm3Start.o
LOAD .\CortexM3\ARM_GCC_541\Debug\Project_design.a
LOAD C:\Program Files (x86)\Cypress\PSoC Creator\4.4\PSoC Creator\psoc\content\cycomponentlibrary\CyComponentLibrary.cylib\CortexM3\ARM_GCC_541\Debug\CyComponentLibrary.a
LOAD c:/program files (x86)/cypress/psoc creator/4.4/psoc creator/import/gnu/arm/5.4.1/bin/../lib/gcc/arm-none-eabi/5.4.1/../../../../arm-none-eabi/lib/armv7-m\libm.a
END GROUP
START GROUP
LOAD c:/program files (x86)/cypress/psoc creator/4.4/psoc creator/import/gnu/arm/5.4.1/bin/../lib/gcc/arm-none-eabi/5.4.1/armv7-m\libgcc.a
LOAD c:/program files (x86)/cypress/psoc creator/4.4/psoc creator/import/gnu/arm/5.4.1/bin/../lib/gcc/arm-none-eabi/5.4.1/../../../../arm-none-eabi/lib/armv7-m\libg_nano.a
LOAD c:/program files (x86)/cypress/psoc creator/4.4/psoc creator/import/gnu/arm/5.4.1/bin/../lib/gcc/arm-none-eabi/5.4.1/../../../../arm-none-eabi/lib/armv7-m\libc_nano.a
END GROUP
START GROUP
LOAD c:/program files (x86)/cypress/psoc creator/4.4/psoc creator/import/gnu/arm/5.4.1/bin/../lib/gcc/arm-none-eabi/5.4.1/armv7-m\libgcc.a
LOAD c:/program files (x86)/cypress/psoc creator/4.4/psoc creator/import/gnu/arm/5.4.1/bin/../lib/gcc/arm-none-eabi/5.4.1/../../../../arm-none-eabi/lib/armv7-m\libc_nano.a
END GROUP
LOAD c:/program files (x86)/cypress/psoc creator/4.4/psoc creator/import/gnu/arm/5.4.1/bin/../lib/gcc/arm-none-eabi/5.4.1/armv7-m/crtend.o
LOAD c:/program files (x86)/cypress/psoc creator/4.4/psoc creator/import/gnu/arm/5.4.1/bin/../lib/gcc/arm-none-eabi/5.4.1/armv7-m/crtn.o
START GROUP
LOAD c:/program files (x86)/cypress/psoc creator/4.4/psoc creator/import/gnu/arm/5.4.1/bin/../lib/gcc/arm-none-eabi/5.4.1/armv7-m\libgcc.a
LOAD c:/program files (x86)/cypress/psoc creator/4.4/psoc creator/import/gnu/arm/5.4.1/bin/../lib/gcc/arm-none-eabi/5.4.1/../../../../arm-none-eabi/lib/armv7-m\libc.a
LOAD c:/program files (x86)/cypress/psoc creator/4.4/psoc creator/import/gnu/arm/5.4.1/bin/../lib/gcc/arm-none-eabi/5.4.1/../../../../arm-none-eabi/lib/armv7-m\libnosys.a
END GROUP
                0x00000000                CY_APPL_ORIGIN = 0x0
                0x00000100                CY_FLASH_ROW_SIZE = 0x100
                0x00000020                CY_ECC_ROW_SIZE = 0x20
                0x00000000                CY_EE_IN_BTLDR = 0x0
                0x00000000                CY_APPL_LOADABLE = 0x0
                0x00000800                CY_EE_SIZE = 0x800
                0x00000001                CY_APPL_NUM = 0x1
                0x00000001                CY_APPL_MAX = 0x1
                0x00000040                CY_METADATA_SIZE = 0x40
                0x00000000                CY_APPL_LOADABLE = 0x0
                0x00000000                CY_CHECKSUM_EXCLUDE_SIZE = ALIGN (0x0, CY_FLASH_ROW_SIZE)
                [!provide]                PROVIDE (__cy_heap_start, _end)
                0x00000001                PROVIDE (__cy_region_num, ((__cy_regions_end - __cy_regions) / 0x10))
                0x20008000                PROVIDE (__cy_stack, (ORIGIN (ram) + LENGTH (ram)))
                [!provide]                PROVIDE (__cy_heap_end, (__cy_stack - 0x800))

.cybootloader   0x00000000        0x0
 *(.cybootloader)
                0x00000000                appl1_start = CY_APPL_ORIGIN?CY_APPL_ORIGIN:ALIGN (CY_FLASH_ROW_SIZE)
                0x0001ff00                appl2_start = (appl1_start + ALIGN ((((LENGTH (rom) - appl1_start) - (0x2 * CY_FLASH_ROW_SIZE)) / 0x2), CY_FLASH_ROW_SIZE))
                0x00000000                appl_start = (CY_APPL_NUM == 0x1)?appl1_start:appl2_start
                0x00000000                ecc_offset = ((appl_start / CY_FLASH_ROW_SIZE) * CY_ECC_ROW_SIZE)
                0x00000000                ee_offset = (CY_APPL_LOADABLE && ! (CY_EE_IN_BTLDR))?((CY_EE_SIZE / CY_APPL_MAX) * (CY_APPL_NUM - 0x1)):0x0
                0x00000800                ee_size = (CY_APPL_LOADABLE && ! (CY_EE_IN_BTLDR))?(CY_EE_SIZE / CY_APPL_MAX):CY_EE_SIZE
                [!provide]                PROVIDE (CY_ECC_OFFSET, ecc_offset)

.text           0x00000000     0x3fd0
 CREATE_OBJECT_SYMBOLS
                0x00000000                PROVIDE (__cy_interrupt_vector, RomVectors)
 *(.romvectors)
 .romvectors    0x00000000       0x10 .\CortexM3\ARM_GCC_541\Debug\Cm3Start.o
                0x00000000                RomVectors
                0x00000001                ASSERT ((. != __cy_interrupt_vector), No interrupt vector)
                0x00000001                ASSERT (CY_APPL_ORIGIN?(SIZEOF (.cybootloader) <= CY_APPL_ORIGIN):0x1, Wrong image location)
                0x00000010                PROVIDE (__cy_reset, Reset)
 *(.text.Reset)
 .text.Reset    0x00000010       0x18 .\CortexM3\ARM_GCC_541\Debug\Cm3Start.o
                0x00000010                Reset
                0x00000001                ASSERT ((. != __cy_reset), No reset code)
 *(.dma_init)
                0x00000001                ASSERT ((((appl_start + .) <= 0x10000) || 0x1), DMA Init must be within the first 64k of flash)
 *(.text .text.* .gnu.linkonce.t.*)
 .text          0x00000028       0x5c c:/program files (x86)/cypress/psoc creator/4.4/psoc creator/import/gnu/arm/5.4.1/bin/../lib/gcc/arm-none-eabi/5.4.1/armv7-m/crtbegin.o
 .text.main     0x00000084      0x234 .\CortexM3\ARM_GCC_541\Debug\main.o
                0x00000084                main
 .text.display_line
                0x000002b8      0x134 .\CortexM3\ARM_GCC_541\Debug\OLED_Driver.o
 .text.rtx_rotation_adjust
                0x000003ec       0x4c .\CortexM3\ARM_GCC_541\Debug\OLED_Driver.o
 .text.rtx_hvLine
                0x00000438       0xe8 .\CortexM3\ARM_GCC_541\Debug\OLED_Driver.o
 .text.display_write_buffer
                0x00000520       0x30 .\CortexM3\ARM_GCC_541\Debug\OLED_Driver.o
 .text.display_init
                0x00000550       0x34 .\CortexM3\ARM_GCC_541\Debug\OLED_Driver.o
                0x00000550                display_init
 .text.display_setPixel
                0x00000584       0x88 .\CortexM3\ARM_GCC_541\Debug\OLED_Driver.o
                0x00000584                display_setPixel
 .text.display_clear
                0x0000060c       0x1c .\CortexM3\ARM_GCC_541\Debug\OLED_Driver.o
                0x0000060c                display_clear
 .text.display_update
                0x00000628       0x38 .\CortexM3\ARM_GCC_541\Debug\OLED_Driver.o
                0x00000628                display_update
 .text.rtx_setCursor
                0x00000660       0x14 .\CortexM3\ARM_GCC_541\Debug\OLED_Driver.o
                0x00000660                rtx_setCursor
 .text.rtx_setTextColor
                0x00000674       0x14 .\CortexM3\ARM_GCC_541\Debug\OLED_Driver.o
                0x00000674                rtx_setTextColor
 .text.rtx_setTextSize
                0x00000688       0x10 .\CortexM3\ARM_GCC_541\Debug\OLED_Driver.o
                0x00000688                rtx_setTextSize
 .text.rtx_drawPixel
                0x00000698       0x3c .\CortexM3\ARM_GCC_541\Debug\OLED_Driver.o
                0x00000698                rtx_drawPixel
 .text.rtx_drawBitmap
                0x000006d4       0x90 .\CortexM3\ARM_GCC_541\Debug\OLED_Driver.o
                0x000006d4                rtx_drawBitmap
 .text.rtx_drawLine
                0x00000764       0xd8 .\CortexM3\ARM_GCC_541\Debug\OLED_Driver.o
                0x00000764                rtx_drawLine
 .text.rtx_fillRect
                0x0000083c       0x68 .\CortexM3\ARM_GCC_541\Debug\OLED_Driver.o
                0x0000083c                rtx_fillRect
 .text.rtx_drawChar
                0x000008a4       0xe0 .\CortexM3\ARM_GCC_541\Debug\OLED_Driver.o
                0x000008a4                rtx_drawChar
 .text.rtx_write
                0x00000984       0x94 .\CortexM3\ARM_GCC_541\Debug\OLED_Driver.o
                0x00000984                rtx_write
 .text.rtx_print
                0x00000a18       0x1c .\CortexM3\ARM_GCC_541\Debug\OLED_Driver.o
                0x00000a18                rtx_print
 .text.rtx_println
                0x00000a34       0x10 .\CortexM3\ARM_GCC_541\Debug\OLED_Driver.o
                0x00000a34                rtx_println
 .text.OLED_welcome_screen
                0x00000a44       0xfc .\CortexM3\ARM_GCC_541\Debug\OLED_Driver.o
                0x00000a44                OLED_welcome_screen
 .text.rtc_init
                0x00000b40        0x4 .\CortexM3\ARM_GCC_541\Debug\RTC_Driver.o
                0x00000b40                rtc_init
 .text.RTC_ReadRegister
                0x00000b44       0x3c .\CortexM3\ARM_GCC_541\Debug\RTC_Driver.o
                0x00000b44                RTC_ReadRegister
 .text.RTC_convert_seconds
                0x00000b80       0x9c .\CortexM3\ARM_GCC_541\Debug\RTC_Driver.o
                0x00000b80                RTC_convert_seconds
 .text.RTC_convert_minutes
                0x00000c1c       0x9c .\CortexM3\ARM_GCC_541\Debug\RTC_Driver.o
                0x00000c1c                RTC_convert_minutes
 .text.RTC_convert_hours
                0x00000cb8       0x9c .\CortexM3\ARM_GCC_541\Debug\RTC_Driver.o
                0x00000cb8                RTC_convert_hours
 .text.RTC_convert_date
                0x00000d54       0x9c .\CortexM3\ARM_GCC_541\Debug\RTC_Driver.o
                0x00000d54                RTC_convert_date
 .text.RTC_convert_month
                0x00000df0       0x5c .\CortexM3\ARM_GCC_541\Debug\RTC_Driver.o
                0x00000df0                RTC_convert_month
 .text.RTC_convert_year
                0x00000e4c       0x9c .\CortexM3\ARM_GCC_541\Debug\RTC_Driver.o
                0x00000e4c                RTC_convert_year
 .text.rtc_read_time
                0x00000ee8      0x10c .\CortexM3\ARM_GCC_541\Debug\RTC_Driver.o
                0x00000ee8                rtc_read_time
 .text.EEPROM_ReadRegister
                0x00000ff4       0x44 .\CortexM3\ARM_GCC_541\Debug\EEPROM_Driver.o
                0x00000ff4                EEPROM_ReadRegister
 .text.EEPROM_WriteRegister
                0x00001038       0x38 .\CortexM3\ARM_GCC_541\Debug\EEPROM_Driver.o
                0x00001038                EEPROM_WriteRegister
 .text.save_current_measurement
                0x00001070      0x130 .\CortexM3\ARM_GCC_541\Debug\EEPROM_Driver.o
                0x00001070                save_current_measurement
 .text.get_measurement_from_memory
                0x000011a0       0x40 .\CortexM3\ARM_GCC_541\Debug\EEPROM_Driver.o
                0x000011a0                get_measurement_from_memory
 .text.CyClockStartupError
                0x000011e0        0x4 .\CortexM3\ARM_GCC_541\Debug\cyfitter_cfg.o
 .text.cfg_write_bytes32
                0x000011e4       0x34 .\CortexM3\ARM_GCC_541\Debug\cyfitter_cfg.o
 .text.AnalogSetDefault
                0x00001218       0x28 .\CortexM3\ARM_GCC_541\Debug\cyfitter_cfg.o
 .text.CYMEMZERO
                0x00001240        0xc .\CortexM3\ARM_GCC_541\Debug\cyfitter_cfg.o
 .text.ClockSetup
                0x0000124c       0xb8 .\CortexM3\ARM_GCC_541\Debug\cyfitter_cfg.o
 .text.CYCONFIGCPY
                0x00001304        0x8 .\CortexM3\ARM_GCC_541\Debug\cyfitter_cfg.o
 .text.cyfitter_cfg
                0x0000130c      0x100 .\CortexM3\ARM_GCC_541\Debug\cyfitter_cfg.o
                0x0000130c                cyfitter_cfg
 .text.IntDefaultHandler
                0x0000140c       0x10 .\CortexM3\ARM_GCC_541\Debug\Cm3Start.o
                0x0000140c                IntDefaultHandler
 .text._sbrk    0x0000141c       0x30 .\CortexM3\ARM_GCC_541\Debug\Cm3Start.o
                0x0000141c                _sbrk
 .text.Start_c  0x0000144c       0x4c .\CortexM3\ARM_GCC_541\Debug\Cm3Start.o
                0x0000144c                Start_c
 .text.initialize_psoc
                0x00001498       0x68 .\CortexM3\ARM_GCC_541\Debug\Cm3Start.o
                0x00001498                initialize_psoc
 .text.CyHalt   0x00001500        0x4 .\CortexM3\ARM_GCC_541\Debug\Project_design.a(CyLib.o)
                0x00001500                CyHalt
 .text.CyDelay  0x00001504       0x2c .\CortexM3\ARM_GCC_541\Debug\Project_design.a(CyLib.o)
                0x00001504                CyDelay
 .text.CyIntSetVector
                0x00001530       0x28 .\CortexM3\ARM_GCC_541\Debug\Project_design.a(CyLib.o)
                0x00001530                CyIntSetVector
 .text.CyIntSetPriority
                0x00001558       0x30 .\CortexM3\ARM_GCC_541\Debug\Project_design.a(CyLib.o)
                0x00001558                CyIntSetPriority
 .text.UART_1_Init
                0x00001588       0x24 .\CortexM3\ARM_GCC_541\Debug\Project_design.a(UART_1.o)
                0x00001588                UART_1_Init
 .text.UART_1_Enable
                0x000015ac       0x38 .\CortexM3\ARM_GCC_541\Debug\Project_design.a(UART_1.o)
                0x000015ac                UART_1_Enable
 .text.UART_1_Start
                0x000015e4       0x1c .\CortexM3\ARM_GCC_541\Debug\Project_design.a(UART_1.o)
                0x000015e4                UART_1_Start
 .text.UART_1_PutChar
                0x00001600       0x18 .\CortexM3\ARM_GCC_541\Debug\Project_design.a(UART_1.o)
                0x00001600                UART_1_PutChar
 .text.UART_1_PutString
                0x00001618       0x24 .\CortexM3\ARM_GCC_541\Debug\Project_design.a(UART_1.o)
                0x00001618                UART_1_PutString
 .text.UART_1_IntClock_Start
                0x0000163c       0x1c .\CortexM3\ARM_GCC_541\Debug\Project_design.a(UART_1_IntClock.o)
                0x0000163c                UART_1_IntClock_Start
 .text.I2CMASTER_Init
                0x00001658       0x68 .\CortexM3\ARM_GCC_541\Debug\Project_design.a(I2CMASTER.o)
                0x00001658                I2CMASTER_Init
 .text.I2CMASTER_Enable
                0x000016c0       0x24 .\CortexM3\ARM_GCC_541\Debug\Project_design.a(I2CMASTER.o)
                0x000016c0                I2CMASTER_Enable
 .text.I2CMASTER_Start
                0x000016e4       0x28 .\CortexM3\ARM_GCC_541\Debug\Project_design.a(I2CMASTER.o)
                0x000016e4                I2CMASTER_Start
 .text.I2CMASTER_ISR
                0x0000170c      0x2d0 .\CortexM3\ARM_GCC_541\Debug\Project_design.a(I2CMASTER_INT.o)
                0x0000170c                I2CMASTER_ISR
 .text.I2CMASTER_MasterSendStart
                0x000019dc       0x80 .\CortexM3\ARM_GCC_541\Debug\Project_design.a(I2CMASTER_MASTER.o)
                0x000019dc                I2CMASTER_MasterSendStart
 .text.I2CMASTER_MasterSendRestart
                0x00001a5c       0x6c .\CortexM3\ARM_GCC_541\Debug\Project_design.a(I2CMASTER_MASTER.o)
                0x00001a5c                I2CMASTER_MasterSendRestart
 .text.I2CMASTER_MasterSendStop
                0x00001ac8       0x38 .\CortexM3\ARM_GCC_541\Debug\Project_design.a(I2CMASTER_MASTER.o)
                0x00001ac8                I2CMASTER_MasterSendStop
 .text.I2CMASTER_MasterWriteByte
                0x00001b00       0x58 .\CortexM3\ARM_GCC_541\Debug\Project_design.a(I2CMASTER_MASTER.o)
                0x00001b00                I2CMASTER_MasterWriteByte
 .text.I2CMASTER_MasterReadByte
                0x00001b58       0x58 .\CortexM3\ARM_GCC_541\Debug\Project_design.a(I2CMASTER_MASTER.o)
                0x00001b58                I2CMASTER_MasterReadByte
 .text          0x00001bb0       0x20 .\CortexM3\ARM_GCC_541\Debug\Project_design.a(CyBootAsmGnu.o)
                0x00001bb0                CyDelayCycles
                0x00001bc0                CyEnterCriticalSection
                0x00001bc8                CyExitCriticalSection
 .text.pow      0x00001bd0      0x330 c:/program files (x86)/cypress/psoc creator/4.4/psoc creator/import/gnu/arm/5.4.1/bin/../lib/gcc/arm-none-eabi/5.4.1/../../../../arm-none-eabi/lib/armv7-m\libm.a(lib_a-w_pow.o)
                0x00001bd0                pow
 .text.__ieee754_pow
                0x00001f00      0xac4 c:/program files (x86)/cypress/psoc creator/4.4/psoc creator/import/gnu/arm/5.4.1/bin/../lib/gcc/arm-none-eabi/5.4.1/../../../../arm-none-eabi/lib/armv7-m\libm.a(lib_a-e_pow.o)
                0x00001f00                __ieee754_pow
 .text.__ieee754_sqrt
                0x000029c4      0x188 c:/program files (x86)/cypress/psoc creator/4.4/psoc creator/import/gnu/arm/5.4.1/bin/../lib/gcc/arm-none-eabi/5.4.1/../../../../arm-none-eabi/lib/armv7-m\libm.a(lib_a-e_sqrt.o)
                0x000029c4                __ieee754_sqrt
 .text.fabs     0x00002b4c        0x8 c:/program files (x86)/cypress/psoc creator/4.4/psoc creator/import/gnu/arm/5.4.1/bin/../lib/gcc/arm-none-eabi/5.4.1/../../../../arm-none-eabi/lib/armv7-m\libm.a(lib_a-s_fabs.o)
                0x00002b4c                fabs
 .text.finite   0x00002b54        0xc c:/program files (x86)/cypress/psoc creator/4.4/psoc creator/import/gnu/arm/5.4.1/bin/../lib/gcc/arm-none-eabi/5.4.1/../../../../arm-none-eabi/lib/armv7-m\libm.a(lib_a-s_finite.o)
                0x00002b54                finite
 .text.matherr  0x00002b60        0x4 c:/program files (x86)/cypress/psoc creator/4.4/psoc creator/import/gnu/arm/5.4.1/bin/../lib/gcc/arm-none-eabi/5.4.1/../../../../arm-none-eabi/lib/armv7-m\libm.a(lib_a-s_matherr.o)
                0x00002b60                matherr
 .text.nan      0x00002b64        0xc c:/program files (x86)/cypress/psoc creator/4.4/psoc creator/import/gnu/arm/5.4.1/bin/../lib/gcc/arm-none-eabi/5.4.1/../../../../arm-none-eabi/lib/armv7-m\libm.a(lib_a-s_nan.o)
                0x00002b64                nan
 .text.rint     0x00002b70      0x120 c:/program files (x86)/cypress/psoc creator/4.4/psoc creator/import/gnu/arm/5.4.1/bin/../lib/gcc/arm-none-eabi/5.4.1/../../../../arm-none-eabi/lib/armv7-m\libm.a(lib_a-s_rint.o)
                0x00002b70                rint
 .text.scalbn   0x00002c90       0xe4 c:/program files (x86)/cypress/psoc creator/4.4/psoc creator/import/gnu/arm/5.4.1/bin/../lib/gcc/arm-none-eabi/5.4.1/../../../../arm-none-eabi/lib/armv7-m\libm.a(lib_a-s_scalbn.o)
                0x00002c90                scalbn
 .text.copysign
                0x00002d74       0x10 c:/program files (x86)/cypress/psoc creator/4.4/psoc creator/import/gnu/arm/5.4.1/bin/../lib/gcc/arm-none-eabi/5.4.1/../../../../arm-none-eabi/lib/armv7-m\libm.a(lib_a-s_copysign.o)
                0x00002d74                copysign
 .text          0x00002d84      0x370 c:/program files (x86)/cypress/psoc creator/4.4/psoc creator/import/gnu/arm/5.4.1/bin/../lib/gcc/arm-none-eabi/5.4.1/armv7-m\libgcc.a(_arm_addsubdf3.o)
                0x00002d84                __aeabi_drsub
                0x00002d8c                __aeabi_dsub
                0x00002d8c                __subdf3
                0x00002d90                __aeabi_dadd
                0x00002d90                __adddf3
                0x00003008                __floatunsidf
                0x00003008                __aeabi_ui2d
                0x00003028                __floatsidf
                0x00003028                __aeabi_i2d
                0x0000304c                __aeabi_f2d
                0x0000304c                __extendsfdf2
                0x00003088                __floatundidf
                0x00003088                __aeabi_ul2d
                0x00003098                __floatdidf
                0x00003098                __aeabi_l2d
 .text          0x000030f4      0x424 c:/program files (x86)/cypress/psoc creator/4.4/psoc creator/import/gnu/arm/5.4.1/bin/../lib/gcc/arm-none-eabi/5.4.1/armv7-m\libgcc.a(_arm_muldivdf3.o)
                0x000030f4                __aeabi_dmul
                0x000030f4                __muldf3
                0x00003348                __divdf3
                0x00003348                __aeabi_ddiv
 .text          0x00003518      0x110 c:/program files (x86)/cypress/psoc creator/4.4/psoc creator/import/gnu/arm/5.4.1/bin/../lib/gcc/arm-none-eabi/5.4.1/armv7-m\libgcc.a(_arm_cmpdf2.o)
                0x00003518                __gtdf2
                0x00003518                __gedf2
                0x00003520                __ltdf2
                0x00003520                __ledf2
                0x00003528                __nedf2
                0x00003528                __eqdf2
                0x00003528                __cmpdf2
                0x000035a4                __aeabi_cdrcmple
                0x000035b4                __aeabi_cdcmpeq
                0x000035b4                __aeabi_cdcmple
                0x000035c4                __aeabi_dcmpeq
                0x000035d8                __aeabi_dcmplt
                0x000035ec                __aeabi_dcmple
                0x00003600                __aeabi_dcmpge
                0x00003614                __aeabi_dcmpgt
 .text          0x00003628       0x2c c:/program files (x86)/cypress/psoc creator/4.4/psoc creator/import/gnu/arm/5.4.1/bin/../lib/gcc/arm-none-eabi/5.4.1/armv7-m\libgcc.a(_arm_unorddf2.o)
                0x00003628                __unorddf2
                0x00003628                __aeabi_dcmpun
 .text          0x00003654       0x40 c:/program files (x86)/cypress/psoc creator/4.4/psoc creator/import/gnu/arm/5.4.1/bin/../lib/gcc/arm-none-eabi/5.4.1/armv7-m\libgcc.a(_arm_fixunsdfsi.o)
                0x00003654                __aeabi_d2uiz
                0x00003654                __fixunsdfsi
 .text.__errno  0x00003694        0xc c:/program files (x86)/cypress/psoc creator/4.4/psoc creator/import/gnu/arm/5.4.1/bin/../lib/gcc/arm-none-eabi/5.4.1/../../../../arm-none-eabi/lib/armv7-m\libg_nano.a(lib_a-errno.o)
                0x00003694                __errno
 .text.__libc_init_array
                0x000036a0       0x4c c:/program files (x86)/cypress/psoc creator/4.4/psoc creator/import/gnu/arm/5.4.1/bin/../lib/gcc/arm-none-eabi/5.4.1/../../../../arm-none-eabi/lib/armv7-m\libg_nano.a(lib_a-init.o)
                0x000036a0                __libc_init_array
 .text.memcpy   0x000036ec       0x16 c:/program files (x86)/cypress/psoc creator/4.4/psoc creator/import/gnu/arm/5.4.1/bin/../lib/gcc/arm-none-eabi/5.4.1/../../../../arm-none-eabi/lib/armv7-m\libg_nano.a(lib_a-memcpy-stub.o)
                0x000036ec                memcpy
 .text.memset   0x00003702       0x10 c:/program files (x86)/cypress/psoc creator/4.4/psoc creator/import/gnu/arm/5.4.1/bin/../lib/gcc/arm-none-eabi/5.4.1/../../../../arm-none-eabi/lib/armv7-m\libg_nano.a(lib_a-memset.o)
                0x00003702                memset
 *fill*         0x00003712        0x2 
 .text.snprintf
                0x00003714       0x64 c:/program files (x86)/cypress/psoc creator/4.4/psoc creator/import/gnu/arm/5.4.1/bin/../lib/gcc/arm-none-eabi/5.4.1/../../../../arm-none-eabi/lib/armv7-m\libg_nano.a(lib_a-snprintf.o)
                0x00003714                sniprintf
                0x00003714                snprintf
 .text.sprintf  0x00003778       0x48 c:/program files (x86)/cypress/psoc creator/4.4/psoc creator/import/gnu/arm/5.4.1/bin/../lib/gcc/arm-none-eabi/5.4.1/../../../../arm-none-eabi/lib/armv7-m\libg_nano.a(lib_a-sprintf.o)
                0x00003778                siprintf
                0x00003778                sprintf
 .text          0x000037c0       0x10 c:/program files (x86)/cypress/psoc creator/4.4/psoc creator/import/gnu/arm/5.4.1/bin/../lib/gcc/arm-none-eabi/5.4.1/../../../../arm-none-eabi/lib/armv7-m\libg_nano.a(lib_a-strlen.o)
                0x000037c0                strlen
 .text.__ssputs_r
                0x000037d0       0xb2 c:/program files (x86)/cypress/psoc creator/4.4/psoc creator/import/gnu/arm/5.4.1/bin/../lib/gcc/arm-none-eabi/5.4.1/../../../../arm-none-eabi/lib/armv7-m\libg_nano.a(lib_a-nano-svfprintf.o)
                0x000037d0                __ssputs_r
 *fill*         0x00003882        0x2 
 .text._svfprintf_r
                0x00003884      0x1e8 c:/program files (x86)/cypress/psoc creator/4.4/psoc creator/import/gnu/arm/5.4.1/bin/../lib/gcc/arm-none-eabi/5.4.1/../../../../arm-none-eabi/lib/armv7-m\libg_nano.a(lib_a-nano-svfprintf.o)
                0x00003884                _svfiprintf_r
                0x00003884                _svfprintf_r
 .text._printf_common
                0x00003a6c       0xec c:/program files (x86)/cypress/psoc creator/4.4/psoc creator/import/gnu/arm/5.4.1/bin/../lib/gcc/arm-none-eabi/5.4.1/../../../../arm-none-eabi/lib/armv7-m\libg_nano.a(lib_a-nano-vfprintf_i.o)
                0x00003a6c                _printf_common
 .text._printf_i
                0x00003b58      0x24c c:/program files (x86)/cypress/psoc creator/4.4/psoc creator/import/gnu/arm/5.4.1/bin/../lib/gcc/arm-none-eabi/5.4.1/../../../../arm-none-eabi/lib/armv7-m\libg_nano.a(lib_a-nano-vfprintf_i.o)
                0x00003b58                _printf_i
 .text.memchr   0x00003da4       0x1c c:/program files (x86)/cypress/psoc creator/4.4/psoc creator/import/gnu/arm/5.4.1/bin/../lib/gcc/arm-none-eabi/5.4.1/../../../../arm-none-eabi/lib/armv7-m\libg_nano.a(lib_a-memchr-stub.o)
                0x00003da4                memchr
 .text.memmove  0x00003dc0       0x36 c:/program files (x86)/cypress/psoc creator/4.4/psoc creator/import/gnu/arm/5.4.1/bin/../lib/gcc/arm-none-eabi/5.4.1/../../../../arm-none-eabi/lib/armv7-m\libg_nano.a(lib_a-memmove.o)
                0x00003dc0                memmove
 *fill*         0x00003df6        0x2 
 .text._free_r  0x00003df8       0x98 c:/program files (x86)/cypress/psoc creator/4.4/psoc creator/import/gnu/arm/5.4.1/bin/../lib/gcc/arm-none-eabi/5.4.1/../../../../arm-none-eabi/lib/armv7-m\libg_nano.a(lib_a-nano-freer.o)
                0x00003df8                _free_r
 .text._malloc_r
                0x00003e90       0xbc c:/program files (x86)/cypress/psoc creator/4.4/psoc creator/import/gnu/arm/5.4.1/bin/../lib/gcc/arm-none-eabi/5.4.1/../../../../arm-none-eabi/lib/armv7-m\libg_nano.a(lib_a-nano-mallocr.o)
                0x00003e90                _malloc_r
 .text._realloc_r
                0x00003f4c       0x4c c:/program files (x86)/cypress/psoc creator/4.4/psoc creator/import/gnu/arm/5.4.1/bin/../lib/gcc/arm-none-eabi/5.4.1/../../../../arm-none-eabi/lib/armv7-m\libg_nano.a(lib_a-nano-reallocr.o)
                0x00003f4c                _realloc_r
 .text._sbrk_r  0x00003f98       0x20 c:/program files (x86)/cypress/psoc creator/4.4/psoc creator/import/gnu/arm/5.4.1/bin/../lib/gcc/arm-none-eabi/5.4.1/../../../../arm-none-eabi/lib/armv7-m\libg_nano.a(lib_a-sbrkr.o)
                0x00003f98                _sbrk_r
 .text.__malloc_lock
                0x00003fb8        0x2 c:/program files (x86)/cypress/psoc creator/4.4/psoc creator/import/gnu/arm/5.4.1/bin/../lib/gcc/arm-none-eabi/5.4.1/../../../../arm-none-eabi/lib/armv7-m\libg_nano.a(lib_a-mlock.o)
                0x00003fb8                __malloc_lock
 .text.__malloc_unlock
                0x00003fba        0x2 c:/program files (x86)/cypress/psoc creator/4.4/psoc creator/import/gnu/arm/5.4.1/bin/../lib/gcc/arm-none-eabi/5.4.1/../../../../arm-none-eabi/lib/armv7-m\libg_nano.a(lib_a-mlock.o)
                0x00003fba                __malloc_unlock
 .text._malloc_usable_size_r
                0x00003fbc       0x14 c:/program files (x86)/cypress/psoc creator/4.4/psoc creator/import/gnu/arm/5.4.1/bin/../lib/gcc/arm-none-eabi/5.4.1/../../../../arm-none-eabi/lib/armv7-m\libg_nano.a(lib_a-nano-msizer.o)
                0x00003fbc                _malloc_usable_size_r
 *(.plt)
 *(.gnu.warning)
 *(.glue_7t)
 .glue_7t       0x00003fd0        0x0 linker stubs
 *(.glue_7)
 .glue_7        0x00003fd0        0x0 linker stubs
 *(.vfp11_veneer)
 .vfp11_veneer  0x00003fd0        0x0 linker stubs
 *(.bootloader)
 *(.ARM.extab* .gnu.linkonce.armextab.*)
 *(.gcc_except_table)

.v4_bx          0x00003fd0        0x0
 .v4_bx         0x00003fd0        0x0 linker stubs

.iplt           0x00003fd0        0x0
 .iplt          0x00003fd0        0x0 c:/program files (x86)/cypress/psoc creator/4.4/psoc creator/import/gnu/arm/5.4.1/bin/../lib/gcc/arm-none-eabi/5.4.1/armv7-m/crtbegin.o

.eh_frame_hdr
 *(.eh_frame_hdr)

.eh_frame       0x00003fd0        0x4
 *(.eh_frame)
 .eh_frame      0x00003fd0        0x0 c:/program files (x86)/cypress/psoc creator/4.4/psoc creator/import/gnu/arm/5.4.1/bin/../lib/gcc/arm-none-eabi/5.4.1/armv7-m/crtbegin.o
 .eh_frame      0x00003fd0        0x4 c:/program files (x86)/cypress/psoc creator/4.4/psoc creator/import/gnu/arm/5.4.1/bin/../lib/gcc/arm-none-eabi/5.4.1/armv7-m/crtend.o
                [!provide]                PROVIDE (__exidx_start, .)

.ARM.exidx
 *(.ARM.exidx* .gnu.linkonce.armexidx.*)
                0x00003fd4                __exidx_end = .

.rodata         0x00003fd8      0xe38
 *(.rodata .rodata.* .gnu.linkonce.r.*)
 .rodata.str1.4
                0x00003fd8       0xc9 .\CortexM3\ARM_GCC_541\Debug\main.o
 *fill*         0x000040a1        0x3 
 .rodata        0x000040a4      0x920 .\CortexM3\ARM_GCC_541\Debug\OLED_Driver.o
                0x000045c4                POLIMI_logo
 .rodata.str1.4
                0x000049c4       0x3c .\CortexM3\ARM_GCC_541\Debug\OLED_Driver.o
 .rodata.str1.4
                0x00004a00      0x1ba .\CortexM3\ARM_GCC_541\Debug\RTC_Driver.o
 *fill*         0x00004bba        0x2 
 .rodata.str1.4
                0x00004bbc      0x17c .\CortexM3\ARM_GCC_541\Debug\EEPROM_Driver.o
 .rodata        0x00004d38       0x50 .\CortexM3\ARM_GCC_541\Debug\cyfitter_cfg.o
 .rodata.str1.4
                0x00004d88        0x4 c:/program files (x86)/cypress/psoc creator/4.4/psoc creator/import/gnu/arm/5.4.1/bin/../lib/gcc/arm-none-eabi/5.4.1/../../../../arm-none-eabi/lib/armv7-m\libm.a(lib_a-w_pow.o)
 .rodata.str1.4
                0x00004d8c        0x4 c:/program files (x86)/cypress/psoc creator/4.4/psoc creator/import/gnu/arm/5.4.1/bin/../lib/gcc/arm-none-eabi/5.4.1/../../../../arm-none-eabi/lib/armv7-m\libm.a(lib_a-e_pow.o)
                                  0x1 (size before relaxing)
 *fill*         0x00004d8c        0x4 
 .rodata.TWO52  0x00004d90       0x10 c:/program files (x86)/cypress/psoc creator/4.4/psoc creator/import/gnu/arm/5.4.1/bin/../lib/gcc/arm-none-eabi/5.4.1/../../../../arm-none-eabi/lib/armv7-m\libm.a(lib_a-s_rint.o)
 .rodata.str1.1
                0x00004da0        0x2 c:/program files (x86)/cypress/psoc creator/4.4/psoc creator/import/gnu/arm/5.4.1/bin/../lib/gcc/arm-none-eabi/5.4.1/../../../../arm-none-eabi/lib/armv7-m\libg_nano.a(lib_a-impure.o)
 .rodata.str1.1
                0x00004da2       0x11 c:/program files (x86)/cypress/psoc creator/4.4/psoc creator/import/gnu/arm/5.4.1/bin/../lib/gcc/arm-none-eabi/5.4.1/../../../../arm-none-eabi/lib/armv7-m\libg_nano.a(lib_a-nano-svfprintf.o)
 .rodata.str1.1
                0x00004db3       0x22 c:/program files (x86)/cypress/psoc creator/4.4/psoc creator/import/gnu/arm/5.4.1/bin/../lib/gcc/arm-none-eabi/5.4.1/../../../../arm-none-eabi/lib/armv7-m\libg_nano.a(lib_a-nano-vfprintf_i.o)
                0x00004dd8                . = ALIGN (0x4)
 *fill*         0x00004dd5        0x3 
 *(.init)
 .init          0x00004dd8        0x4 c:/program files (x86)/cypress/psoc creator/4.4/psoc creator/import/gnu/arm/5.4.1/bin/../lib/gcc/arm-none-eabi/5.4.1/armv7-m/crti.o
                0x00004dd8                _init
 .init          0x00004ddc        0x8 c:/program files (x86)/cypress/psoc creator/4.4/psoc creator/import/gnu/arm/5.4.1/bin/../lib/gcc/arm-none-eabi/5.4.1/armv7-m/crtn.o
                0x00004de4                . = ALIGN (0x4)
                0x00004de4                __preinit_array_start = .
 *(.preinit_array)
                0x00004de4                __preinit_array_end = .
                0x00004de4                . = ALIGN (0x4)
                0x00004de4                __init_array_start = .
 *(SORT(.init_array.*))
 *(.init_array)
 .init_array    0x00004de4        0x4 c:/program files (x86)/cypress/psoc creator/4.4/psoc creator/import/gnu/arm/5.4.1/bin/../lib/gcc/arm-none-eabi/5.4.1/armv7-m/crtbegin.o
 .init_array    0x00004de8        0x4 .\CortexM3\ARM_GCC_541\Debug\Cm3Start.o
                0x00004dec                __init_array_end = .
                0x00004dec                . = ALIGN (0x4)
 *(.fini)
 .fini          0x00004dec        0x4 c:/program files (x86)/cypress/psoc creator/4.4/psoc creator/import/gnu/arm/5.4.1/bin/../lib/gcc/arm-none-eabi/5.4.1/armv7-m/crti.o
                0x00004dec                _fini
 .fini          0x00004df0        0x8 c:/program files (x86)/cypress/psoc creator/4.4/psoc creator/import/gnu/arm/5.4.1/bin/../lib/gcc/arm-none-eabi/5.4.1/armv7-m/crtn.o
                0x00004df8                . = ALIGN (0x4)
                0x00004df8                __fini_array_start = .
 *(.fini_array)
 .fini_array    0x00004df8        0x4 c:/program files (x86)/cypress/psoc creator/4.4/psoc creator/import/gnu/arm/5.4.1/bin/../lib/gcc/arm-none-eabi/5.4.1/armv7-m/crtbegin.o
 *(SORT(.fini_array.*))
                0x00004dfc                __fini_array_end = .
                0x00004dfc                . = ALIGN (0x4)
 *crtbegin.o(.ctors)
 *(EXCLUDE_FILE(*crtend.o) .ctors)
 *(SORT(.ctors.*))
 *crtend.o(.ctors)
                0x00004dfc                . = ALIGN (0x4)
 *crtbegin.o(.dtors)
 *(EXCLUDE_FILE(*crtend.o) .dtors)
 *(SORT(.dtors.*))
 *crtend.o(.dtors)
                0x00004dfc                . = ALIGN (0x4)
                0x00004dfc                __cy_regions = .
                0x00004dfc        0x4 LONG 0x4e10 __cy_region_init_ram
                0x00004e00        0x4 LONG 0x1fff80c8 __cy_region_start_data
                0x00004e04        0x4 LONG 0x488 __cy_region_init_size_ram
                0x00004e08        0x4 LONG 0xb0 __cy_region_zero_size_ram
                0x00004e0c                __cy_regions_end = .
                0x00004e10                . = ALIGN (0x8)
 *fill*         0x00004e0c        0x4 
                0x00004e10                _etext = .

.cy_checksum_exclude
                0x00004e10        0x0
 *(.cy_checksum_exclude)

.ramvectors     0x1fff8000       0xc0
                0x1fff8000                __cy_region_start_ram = .
 *(.ramvectors)
 .ramvectors    0x1fff8000       0xc0 .\CortexM3\ARM_GCC_541\Debug\Cm3Start.o
                0x1fff8000                CyRamVectors

.noinit         0x1fff80c0        0x1
 *(.noinit)
 .noinit        0x1fff80c0        0x1 .\CortexM3\ARM_GCC_541\Debug\Project_design.a(CyLib.o)
                0x1fff80c0                CyResetStatus

.data           0x1fff80c8      0x488 load address 0x00004e10
                0x1fff80c8                __cy_region_start_data = .
 *(.jcr)
 .jcr           0x1fff80c8        0x0 c:/program files (x86)/cypress/psoc creator/4.4/psoc creator/import/gnu/arm/5.4.1/bin/../lib/gcc/arm-none-eabi/5.4.1/armv7-m/crtbegin.o
 .jcr           0x1fff80c8        0x4 c:/program files (x86)/cypress/psoc creator/4.4/psoc creator/import/gnu/arm/5.4.1/bin/../lib/gcc/arm-none-eabi/5.4.1/armv7-m/crtend.o
 *(.got.plt)
 *(.got)
 *(.shdata)
 *(.data .data.* .gnu.linkonce.d.*)
 .data          0x1fff80cc      0x401 .\CortexM3\ARM_GCC_541\Debug\OLED_Driver.o
 *fill*         0x1fff84cd        0x3 
 .data          0x1fff84d0        0x4 .\CortexM3\ARM_GCC_541\Debug\Cm3Start.o
 .data          0x1fff84d4       0x10 .\CortexM3\ARM_GCC_541\Debug\Project_design.a(CyLib.o)
                0x1fff84d4                cydelay_32k_ms
                0x1fff84d8                cydelay_freq_khz
                0x1fff84dc                cydelay_freq_mhz
                0x1fff84e0                cydelay_freq_hz
 .data.__fdlib_version
                0x1fff84e4        0x1 c:/program files (x86)/cypress/psoc creator/4.4/psoc creator/import/gnu/arm/5.4.1/bin/../lib/gcc/arm-none-eabi/5.4.1/../../../../arm-none-eabi/lib/armv7-m\libm.a(lib_a-s_lib_ver.o)
                0x1fff84e4                __fdlib_version
 *fill*         0x1fff84e5        0x3 
 .data.impure_data
                0x1fff84e8       0x60 c:/program files (x86)/cypress/psoc creator/4.4/psoc creator/import/gnu/arm/5.4.1/bin/../lib/gcc/arm-none-eabi/5.4.1/../../../../arm-none-eabi/lib/armv7-m\libg_nano.a(lib_a-impure.o)
 .data._impure_ptr
                0x1fff8548        0x4 c:/program files (x86)/cypress/psoc creator/4.4/psoc creator/import/gnu/arm/5.4.1/bin/../lib/gcc/arm-none-eabi/5.4.1/../../../../arm-none-eabi/lib/armv7-m\libg_nano.a(lib_a-impure.o)
                0x1fff8548                _impure_ptr
                0x1fff8550                . = ALIGN (0x8)
 *fill*         0x1fff854c        0x4 
 *(.ram)
                0x1fff8550                _edata = .

.igot.plt       0x1fff8550        0x0 load address 0x00005298
 .igot.plt      0x1fff8550        0x0 c:/program files (x86)/cypress/psoc creator/4.4/psoc creator/import/gnu/arm/5.4.1/bin/../lib/gcc/arm-none-eabi/5.4.1/armv7-m/crtbegin.o

.bss            0x1fff8550       0xb0 load address 0x00005298
                0x1fff8550                PROVIDE (__bss_start__, .)
 *(.shbss)
 *(.bss .bss.* .gnu.linkonce.b.*)
 .bss           0x1fff8550       0x1c c:/program files (x86)/cypress/psoc creator/4.4/psoc creator/import/gnu/arm/5.4.1/bin/../lib/gcc/arm-none-eabi/5.4.1/armv7-m/crtbegin.o
 .bss           0x1fff856c       0x41 .\CortexM3\ARM_GCC_541\Debug\main.o
                0x1fff856c                rtc_content
                0x1fff85ac                seconds
 .bss           0x1fff85ad        0x1 .\CortexM3\ARM_GCC_541\Debug\OLED_Driver.o
 .bss           0x1fff85ae        0x2 .\CortexM3\ARM_GCC_541\Debug\Project_design.a(UART_1.o)
                0x1fff85ae                UART_1_initVar
 .bss           0x1fff85b0        0x1 .\CortexM3\ARM_GCC_541\Debug\Project_design.a(I2CMASTER.o)
                0x1fff85b0                I2CMASTER_initVar
 *fill*         0x1fff85b1        0x3 
 .bss.__malloc_sbrk_start
                0x1fff85b4        0x4 c:/program files (x86)/cypress/psoc creator/4.4/psoc creator/import/gnu/arm/5.4.1/bin/../lib/gcc/arm-none-eabi/5.4.1/../../../../arm-none-eabi/lib/armv7-m\libg_nano.a(lib_a-nano-mallocr.o)
                0x1fff85b4                __malloc_sbrk_start
 .bss.__malloc_free_list
                0x1fff85b8        0x4 c:/program files (x86)/cypress/psoc creator/4.4/psoc creator/import/gnu/arm/5.4.1/bin/../lib/gcc/arm-none-eabi/5.4.1/../../../../arm-none-eabi/lib/armv7-m\libg_nano.a(lib_a-nano-mallocr.o)
                0x1fff85b8                __malloc_free_list
 *(COMMON)
 COMMON         0x1fff85bc       0x24 .\CortexM3\ARM_GCC_541\Debug\main.o
                0x1fff85bc                current_year
                0x1fff85be                current_date
                0x1fff85c0                cursor_y
                0x1fff85c2                rtc_data_register
                0x1fff85c3                current_hours
                0x1fff85c4                state
                0x1fff85c8                Current_time
                0x1fff85d0                current_minutes
                0x1fff85d2                eeprom_current_address
                0x1fff85d4                current_month
                0x1fff85d5                rotation
                0x1fff85d6                current_seconds
                0x1fff85d8                cursor_x
                0x1fff85da                wrap
                0x1fff85db                textsize
                0x1fff85dc                textbgcolor
                0x1fff85de                textcolor
 COMMON         0x1fff85e0        0x1 .\CortexM3\ARM_GCC_541\Debug\Project_design.a(I2CMASTER.o)
                0x1fff85e0                I2CMASTER_state
 *fill*         0x1fff85e1        0x3 
 COMMON         0x1fff85e4       0x12 .\CortexM3\ARM_GCC_541\Debug\Project_design.a(I2CMASTER_MASTER.o)
                0x1fff85e4                I2CMASTER_mstrWrBufSize
                0x1fff85e8                I2CMASTER_mstrWrBufPtr
                0x1fff85ec                I2CMASTER_mstrWrBufIndex
                0x1fff85ed                I2CMASTER_mstrRdBufSize
                0x1fff85ee                I2CMASTER_mstrRdBufIndex
                0x1fff85f0                I2CMASTER_mstrRdBufPtr
                0x1fff85f4                I2CMASTER_mstrControl
                0x1fff85f5                I2CMASTER_mstrStatus
 *fill*         0x1fff85f6        0x2 
 COMMON         0x1fff85f8        0x4 c:/program files (x86)/cypress/psoc creator/4.4/psoc creator/import/gnu/arm/5.4.1/bin/../lib/gcc/arm-none-eabi/5.4.1/../../../../arm-none-eabi/lib/armv7-m\libg_nano.a(lib_a-reent.o)
                0x1fff85f8                errno
                0x1fff8600                . = ALIGN (0x8)
 *fill*         0x1fff85fc        0x4 
 *(.ram.b)
                0x1fff8600                _end = .
                0x1fff8600                __end = .
                0x1fff8600                PROVIDE (end, .)
                0x1fff8600                PROVIDE (__bss_end__, .)
                0x00004e10                __cy_region_init_ram = LOADADDR (.data)
                0x00000488                __cy_region_init_size_ram = (_edata - ADDR (.data))
                0x000000b0                __cy_region_zero_size_ram = (_end - _edata)

.heap           0x1fff8600       0x80 load address 0x00005298
                0x1fff8600                . = _end
                0x1fff8680                . = (. + 0x80)
 *fill*         0x1fff8600       0x80 
                0x1fff8680                __cy_heap_limit = .

.stack          0x20007800      0x800
                0x20007800                __cy_stack_limit = .
                0x20008000                . = (. + 0x800)
 *fill*         0x20007800      0x800 
                0x00000001                ASSERT ((__cy_stack_limit >= __cy_heap_limit), region RAM overflowed with stack)
                0x00000000                cy_checksum_exclude_size = (CY_APPL_LOADABLE == 0x1)?SIZEOF (.cy_checksum_exclude):0x0
                0x00000001                ASSERT ((cy_checksum_exclude_size <= CY_CHECKSUM_EXCLUDE_SIZE), CY_BOOT: Section .cy_checksum_exclude size exceedes specified limit.)

.cyloadermeta
 *(.cyloadermeta)

.cyloadablemeta
 *(.cyloadablemeta)

.cyconfigecc    0x80000000      0x374
 *(.cyconfigecc)
 .cyconfigecc   0x80000000      0x374 .\CortexM3\ARM_GCC_541\Debug\cymetadata.o
                0x80000000                cy_meta_configecc

.cycustnvl      0x90000000        0x4
 *(.cycustnvl)
 .cycustnvl     0x90000000        0x4 .\CortexM3\ARM_GCC_541\Debug\cymetadata.o
                0x90000000                cy_meta_custnvl

.cywolatch      0x90100000        0x4
 *(.cywolatch)
 .cywolatch     0x90100000        0x4 .\CortexM3\ARM_GCC_541\Debug\cymetadata.o
                0x90100000                cy_meta_wonvl

.cyeeprom       0x90200000        0x0
 *(.cyeeprom)
                0x00000001                ASSERT ((. <= ((0x90200000 + ee_offset) + ee_size)), .cyeeprom data will not fit in EEPROM)

.cyflashprotect
                0x90400000      0x100
 *(.cyflashprotect)
 .cyflashprotect
                0x90400000      0x100 .\CortexM3\ARM_GCC_541\Debug\cymetadata.o
                0x90400000                cy_meta_flashprotect

.cymeta         0x90500000        0xc
 *(.cymeta)
 .cymeta        0x90500000        0xc .\CortexM3\ARM_GCC_541\Debug\cymetadata.o
                0x90500000                cy_metadata

.rel.dyn        0x00005298        0x0 load address 0x9050000c
 .rel.iplt      0x00005298        0x0 c:/program files (x86)/cypress/psoc creator/4.4/psoc creator/import/gnu/arm/5.4.1/bin/../lib/gcc/arm-none-eabi/5.4.1/armv7-m/crtbegin.o

.stab
 *(.stab)

.stabstr
 *(.stabstr)

.debug
 *(.debug)

.line
 *(.line)

.debug_srcinfo
 *(.debug_srcinfo)

.debug_sfnames
 *(.debug_sfnames)

.debug_aranges  0x00000000      0x930
 *(.debug_aranges)
 .debug_aranges
                0x00000000       0x20 .\CortexM3\ARM_GCC_541\Debug\main.o
 .debug_aranges
                0x00000020       0xe0 .\CortexM3\ARM_GCC_541\Debug\OLED_Driver.o
 .debug_aranges
                0x00000100       0x70 .\CortexM3\ARM_GCC_541\Debug\RTC_Driver.o
 .debug_aranges
                0x00000170       0x38 .\CortexM3\ARM_GCC_541\Debug\EEPROM_Driver.o
 .debug_aranges
                0x000001a8       0x58 .\CortexM3\ARM_GCC_541\Debug\cyfitter_cfg.o
 .debug_aranges
                0x00000200       0x18 .\CortexM3\ARM_GCC_541\Debug\cymetadata.o
 .debug_aranges
                0x00000218       0x48 .\CortexM3\ARM_GCC_541\Debug\Cm3Start.o
 .debug_aranges
                0x00000260      0x2a0 .\CortexM3\ARM_GCC_541\Debug\Project_design.a(CyLib.o)
 .debug_aranges
                0x00000500       0x98 .\CortexM3\ARM_GCC_541\Debug\Project_design.a(cyPm.o)
 .debug_aranges
                0x00000598       0xf0 .\CortexM3\ARM_GCC_541\Debug\Project_design.a(UART_1.o)
 .debug_aranges
                0x00000688       0x70 .\CortexM3\ARM_GCC_541\Debug\Project_design.a(UART_1_IntClock.o)
 .debug_aranges
                0x000006f8       0x38 .\CortexM3\ARM_GCC_541\Debug\Project_design.a(I2CMASTER.o)
 .debug_aranges
                0x00000730       0x20 .\CortexM3\ARM_GCC_541\Debug\Project_design.a(I2CMASTER_INT.o)
 .debug_aranges
                0x00000750       0x38 .\CortexM3\ARM_GCC_541\Debug\Project_design.a(I2CMASTER_PM.o)
 .debug_aranges
                0x00000788       0x80 .\CortexM3\ARM_GCC_541\Debug\Project_design.a(I2CMASTER_MASTER.o)
 .debug_aranges
                0x00000808       0x20 .\CortexM3\ARM_GCC_541\Debug\Project_design.a(CyBootAsmGnu.o)
 .debug_aranges
                0x00000828       0x88 .\CortexM3\ARM_GCC_541\Debug\Project_design.a(CyFlash.o)
 .debug_aranges
                0x000008b0       0x80 .\CortexM3\ARM_GCC_541\Debug\Project_design.a(CySpc.o)

.debug_pubnames
 *(.debug_pubnames)

.debug_info     0x00000000     0x70f8
 *(.debug_info .gnu.linkonce.wi.*)
 .debug_info    0x00000000      0x851 .\CortexM3\ARM_GCC_541\Debug\main.o
 .debug_info    0x00000851     0x10da .\CortexM3\ARM_GCC_541\Debug\OLED_Driver.o
 .debug_info    0x0000192b      0x9ee .\CortexM3\ARM_GCC_541\Debug\RTC_Driver.o
 .debug_info    0x00002319      0x684 .\CortexM3\ARM_GCC_541\Debug\EEPROM_Driver.o
 .debug_info    0x0000299d      0x583 .\CortexM3\ARM_GCC_541\Debug\cyfitter_cfg.o
 .debug_info    0x00002f20      0x135 .\CortexM3\ARM_GCC_541\Debug\cymetadata.o
 .debug_info    0x00003055      0x3bb .\CortexM3\ARM_GCC_541\Debug\Cm3Start.o
 .debug_info    0x00003410     0x1374 .\CortexM3\ARM_GCC_541\Debug\Project_design.a(CyLib.o)
 .debug_info    0x00004784      0xa2a .\CortexM3\ARM_GCC_541\Debug\Project_design.a(cyPm.o)
 .debug_info    0x000051ae      0x60c .\CortexM3\ARM_GCC_541\Debug\Project_design.a(UART_1.o)
 .debug_info    0x000057ba      0x283 .\CortexM3\ARM_GCC_541\Debug\Project_design.a(UART_1_IntClock.o)
 .debug_info    0x00005a3d      0x2ab .\CortexM3\ARM_GCC_541\Debug\Project_design.a(I2CMASTER.o)
 .debug_info    0x00005ce8      0x184 .\CortexM3\ARM_GCC_541\Debug\Project_design.a(I2CMASTER_INT.o)
 .debug_info    0x00005e6c      0x207 .\CortexM3\ARM_GCC_541\Debug\Project_design.a(I2CMASTER_PM.o)
 .debug_info    0x00006073      0x407 .\CortexM3\ARM_GCC_541\Debug\Project_design.a(I2CMASTER_MASTER.o)
 .debug_info    0x0000647a       0xe1 .\CortexM3\ARM_GCC_541\Debug\Project_design.a(CyBootAsmGnu.o)
 .debug_info    0x0000655b      0x64d .\CortexM3\ARM_GCC_541\Debug\Project_design.a(CyFlash.o)
 .debug_info    0x00006ba8      0x550 .\CortexM3\ARM_GCC_541\Debug\Project_design.a(CySpc.o)

.debug_abbrev   0x00000000     0x1952
 *(.debug_abbrev)
 .debug_abbrev  0x00000000      0x13f .\CortexM3\ARM_GCC_541\Debug\main.o
 .debug_abbrev  0x0000013f      0x275 .\CortexM3\ARM_GCC_541\Debug\OLED_Driver.o
 .debug_abbrev  0x000003b4      0x1ee .\CortexM3\ARM_GCC_541\Debug\RTC_Driver.o
 .debug_abbrev  0x000005a2      0x15f .\CortexM3\ARM_GCC_541\Debug\EEPROM_Driver.o
 .debug_abbrev  0x00000701      0x20d .\CortexM3\ARM_GCC_541\Debug\cyfitter_cfg.o
 .debug_abbrev  0x0000090e       0x66 .\CortexM3\ARM_GCC_541\Debug\cymetadata.o
 .debug_abbrev  0x00000974      0x1e8 .\CortexM3\ARM_GCC_541\Debug\Cm3Start.o
 .debug_abbrev  0x00000b5c      0x254 .\CortexM3\ARM_GCC_541\Debug\Project_design.a(CyLib.o)
 .debug_abbrev  0x00000db0      0x1ab .\CortexM3\ARM_GCC_541\Debug\Project_design.a(cyPm.o)
 .debug_abbrev  0x00000f5b      0x175 .\CortexM3\ARM_GCC_541\Debug\Project_design.a(UART_1.o)
 .debug_abbrev  0x000010d0      0x139 .\CortexM3\ARM_GCC_541\Debug\Project_design.a(UART_1_IntClock.o)
 .debug_abbrev  0x00001209      0x10a .\CortexM3\ARM_GCC_541\Debug\Project_design.a(I2CMASTER.o)
 .debug_abbrev  0x00001313       0xb6 .\CortexM3\ARM_GCC_541\Debug\Project_design.a(I2CMASTER_INT.o)
 .debug_abbrev  0x000013c9       0xfe .\CortexM3\ARM_GCC_541\Debug\Project_design.a(I2CMASTER_PM.o)
 .debug_abbrev  0x000014c7      0x13c .\CortexM3\ARM_GCC_541\Debug\Project_design.a(I2CMASTER_MASTER.o)
 .debug_abbrev  0x00001603       0x14 .\CortexM3\ARM_GCC_541\Debug\Project_design.a(CyBootAsmGnu.o)
 .debug_abbrev  0x00001617      0x1a7 .\CortexM3\ARM_GCC_541\Debug\Project_design.a(CyFlash.o)
 .debug_abbrev  0x000017be      0x194 .\CortexM3\ARM_GCC_541\Debug\Project_design.a(CySpc.o)

.debug_line     0x00000000     0x2d9a
 *(.debug_line)
 .debug_line    0x00000000      0x2aa .\CortexM3\ARM_GCC_541\Debug\main.o
 .debug_line    0x000002aa      0x5d1 .\CortexM3\ARM_GCC_541\Debug\OLED_Driver.o
 .debug_line    0x0000087b      0x3c4 .\CortexM3\ARM_GCC_541\Debug\RTC_Driver.o
 .debug_line    0x00000c3f      0x27e .\CortexM3\ARM_GCC_541\Debug\EEPROM_Driver.o
 .debug_line    0x00000ebd      0x1f2 .\CortexM3\ARM_GCC_541\Debug\cyfitter_cfg.o
 .debug_line    0x000010af      0x141 .\CortexM3\ARM_GCC_541\Debug\cymetadata.o
 .debug_line    0x000011f0      0x234 .\CortexM3\ARM_GCC_541\Debug\Cm3Start.o
 .debug_line    0x00001424      0x816 .\CortexM3\ARM_GCC_541\Debug\Project_design.a(CyLib.o)
 .debug_line    0x00001c3a      0x367 .\CortexM3\ARM_GCC_541\Debug\Project_design.a(cyPm.o)
 .debug_line    0x00001fa1      0x2c0 .\CortexM3\ARM_GCC_541\Debug\Project_design.a(UART_1.o)
 .debug_line    0x00002261      0x17e .\CortexM3\ARM_GCC_541\Debug\Project_design.a(UART_1_IntClock.o)
 .debug_line    0x000023df       0xeb .\CortexM3\ARM_GCC_541\Debug\Project_design.a(I2CMASTER.o)
 .debug_line    0x000024ca      0x120 .\CortexM3\ARM_GCC_541\Debug\Project_design.a(I2CMASTER_INT.o)
 .debug_line    0x000025ea       0xc7 .\CortexM3\ARM_GCC_541\Debug\Project_design.a(I2CMASTER_PM.o)
 .debug_line    0x000026b1      0x209 .\CortexM3\ARM_GCC_541\Debug\Project_design.a(I2CMASTER_MASTER.o)
 .debug_line    0x000028ba       0x66 .\CortexM3\ARM_GCC_541\Debug\Project_design.a(CyBootAsmGnu.o)
 .debug_line    0x00002920      0x21a .\CortexM3\ARM_GCC_541\Debug\Project_design.a(CyFlash.o)
 .debug_line    0x00002b3a      0x260 .\CortexM3\ARM_GCC_541\Debug\Project_design.a(CySpc.o)

.debug_frame    0x00000000     0x1f58
 *(.debug_frame)
 .debug_frame   0x00000000       0x44 .\CortexM3\ARM_GCC_541\Debug\main.o
 .debug_frame   0x00000044      0x328 .\CortexM3\ARM_GCC_541\Debug\OLED_Driver.o
 .debug_frame   0x0000036c      0x198 .\CortexM3\ARM_GCC_541\Debug\RTC_Driver.o
 .debug_frame   0x00000504       0x90 .\CortexM3\ARM_GCC_541\Debug\EEPROM_Driver.o
 .debug_frame   0x00000594       0xe4 .\CortexM3\ARM_GCC_541\Debug\cyfitter_cfg.o
 .debug_frame   0x00000678       0xb8 .\CortexM3\ARM_GCC_541\Debug\Cm3Start.o
 .debug_frame   0x00000730      0x738 .\CortexM3\ARM_GCC_541\Debug\Project_design.a(CyLib.o)
 .debug_frame   0x00000e68      0x1f8 .\CortexM3\ARM_GCC_541\Debug\Project_design.a(cyPm.o)
 .debug_frame   0x00001060      0x250 .\CortexM3\ARM_GCC_541\Debug\Project_design.a(UART_1.o)
 .debug_frame   0x000012b0       0xe0 .\CortexM3\ARM_GCC_541\Debug\Project_design.a(UART_1_IntClock.o)
 .debug_frame   0x00001390       0x90 .\CortexM3\ARM_GCC_541\Debug\Project_design.a(I2CMASTER.o)
 .debug_frame   0x00001420       0x30 .\CortexM3\ARM_GCC_541\Debug\Project_design.a(I2CMASTER_INT.o)
 .debug_frame   0x00001450       0x74 .\CortexM3\ARM_GCC_541\Debug\Project_design.a(I2CMASTER_PM.o)
 .debug_frame   0x000014c4      0x138 .\CortexM3\ARM_GCC_541\Debug\Project_design.a(I2CMASTER_MASTER.o)
 .debug_frame   0x000015fc      0x194 .\CortexM3\ARM_GCC_541\Debug\Project_design.a(CyFlash.o)
 .debug_frame   0x00001790      0x180 .\CortexM3\ARM_GCC_541\Debug\Project_design.a(CySpc.o)
 .debug_frame   0x00001910       0x4c c:/program files (x86)/cypress/psoc creator/4.4/psoc creator/import/gnu/arm/5.4.1/bin/../lib/gcc/arm-none-eabi/5.4.1/../../../../arm-none-eabi/lib/armv7-m\libm.a(lib_a-w_pow.o)
 .debug_frame   0x0000195c       0x68 c:/program files (x86)/cypress/psoc creator/4.4/psoc creator/import/gnu/arm/5.4.1/bin/../lib/gcc/arm-none-eabi/5.4.1/../../../../arm-none-eabi/lib/armv7-m\libm.a(lib_a-e_pow.o)
 .debug_frame   0x000019c4       0x30 c:/program files (x86)/cypress/psoc creator/4.4/psoc creator/import/gnu/arm/5.4.1/bin/../lib/gcc/arm-none-eabi/5.4.1/../../../../arm-none-eabi/lib/armv7-m\libm.a(lib_a-e_sqrt.o)
 .debug_frame   0x000019f4       0x20 c:/program files (x86)/cypress/psoc creator/4.4/psoc creator/import/gnu/arm/5.4.1/bin/../lib/gcc/arm-none-eabi/5.4.1/../../../../arm-none-eabi/lib/armv7-m\libm.a(lib_a-s_fabs.o)
 .debug_frame   0x00001a14       0x20 c:/program files (x86)/cypress/psoc creator/4.4/psoc creator/import/gnu/arm/5.4.1/bin/../lib/gcc/arm-none-eabi/5.4.1/../../../../arm-none-eabi/lib/armv7-m\libm.a(lib_a-s_finite.o)
 .debug_frame   0x00001a34       0x20 c:/program files (x86)/cypress/psoc creator/4.4/psoc creator/import/gnu/arm/5.4.1/bin/../lib/gcc/arm-none-eabi/5.4.1/../../../../arm-none-eabi/lib/armv7-m\libm.a(lib_a-s_matherr.o)
 .debug_frame   0x00001a54       0x20 c:/program files (x86)/cypress/psoc creator/4.4/psoc creator/import/gnu/arm/5.4.1/bin/../lib/gcc/arm-none-eabi/5.4.1/../../../../arm-none-eabi/lib/armv7-m\libm.a(lib_a-s_nan.o)
 .debug_frame   0x00001a74       0x3c c:/program files (x86)/cypress/psoc creator/4.4/psoc creator/import/gnu/arm/5.4.1/bin/../lib/gcc/arm-none-eabi/5.4.1/../../../../arm-none-eabi/lib/armv7-m\libm.a(lib_a-s_rint.o)
 .debug_frame   0x00001ab0       0x30 c:/program files (x86)/cypress/psoc creator/4.4/psoc creator/import/gnu/arm/5.4.1/bin/../lib/gcc/arm-none-eabi/5.4.1/../../../../arm-none-eabi/lib/armv7-m\libm.a(lib_a-s_scalbn.o)
 .debug_frame   0x00001ae0       0x20 c:/program files (x86)/cypress/psoc creator/4.4/psoc creator/import/gnu/arm/5.4.1/bin/../lib/gcc/arm-none-eabi/5.4.1/../../../../arm-none-eabi/lib/armv7-m\libm.a(lib_a-s_copysign.o)
 .debug_frame   0x00001b00       0x20 c:/program files (x86)/cypress/psoc creator/4.4/psoc creator/import/gnu/arm/5.4.1/bin/../lib/gcc/arm-none-eabi/5.4.1/../../../../arm-none-eabi/lib/armv7-m\libg_nano.a(lib_a-errno.o)
 .debug_frame   0x00001b20       0x28 c:/program files (x86)/cypress/psoc creator/4.4/psoc creator/import/gnu/arm/5.4.1/bin/../lib/gcc/arm-none-eabi/5.4.1/../../../../arm-none-eabi/lib/armv7-m\libg_nano.a(lib_a-exit.o)
 .debug_frame   0x00001b48       0x2c c:/program files (x86)/cypress/psoc creator/4.4/psoc creator/import/gnu/arm/5.4.1/bin/../lib/gcc/arm-none-eabi/5.4.1/../../../../arm-none-eabi/lib/armv7-m\libg_nano.a(lib_a-init.o)
 .debug_frame   0x00001b74       0x28 c:/program files (x86)/cypress/psoc creator/4.4/psoc creator/import/gnu/arm/5.4.1/bin/../lib/gcc/arm-none-eabi/5.4.1/../../../../arm-none-eabi/lib/armv7-m\libg_nano.a(lib_a-memcpy-stub.o)
 .debug_frame   0x00001b9c       0x20 c:/program files (x86)/cypress/psoc creator/4.4/psoc creator/import/gnu/arm/5.4.1/bin/../lib/gcc/arm-none-eabi/5.4.1/../../../../arm-none-eabi/lib/armv7-m\libg_nano.a(lib_a-memset.o)
 .debug_frame   0x00001bbc       0x74 c:/program files (x86)/cypress/psoc creator/4.4/psoc creator/import/gnu/arm/5.4.1/bin/../lib/gcc/arm-none-eabi/5.4.1/../../../../arm-none-eabi/lib/armv7-m\libg_nano.a(lib_a-snprintf.o)
 .debug_frame   0x00001c30       0x70 c:/program files (x86)/cypress/psoc creator/4.4/psoc creator/import/gnu/arm/5.4.1/bin/../lib/gcc/arm-none-eabi/5.4.1/../../../../arm-none-eabi/lib/armv7-m\libg_nano.a(lib_a-sprintf.o)
 .debug_frame   0x00001ca0       0x90 c:/program files (x86)/cypress/psoc creator/4.4/psoc creator/import/gnu/arm/5.4.1/bin/../lib/gcc/arm-none-eabi/5.4.1/../../../../arm-none-eabi/lib/armv7-m\libg_nano.a(lib_a-nano-svfprintf.o)
 .debug_frame   0x00001d30       0x60 c:/program files (x86)/cypress/psoc creator/4.4/psoc creator/import/gnu/arm/5.4.1/bin/../lib/gcc/arm-none-eabi/5.4.1/../../../../arm-none-eabi/lib/armv7-m\libg_nano.a(lib_a-nano-vfprintf_i.o)
 .debug_frame   0x00001d90       0x28 c:/program files (x86)/cypress/psoc creator/4.4/psoc creator/import/gnu/arm/5.4.1/bin/../lib/gcc/arm-none-eabi/5.4.1/../../../../arm-none-eabi/lib/armv7-m\libg_nano.a(lib_a-memchr-stub.o)
 .debug_frame   0x00001db8       0x28 c:/program files (x86)/cypress/psoc creator/4.4/psoc creator/import/gnu/arm/5.4.1/bin/../lib/gcc/arm-none-eabi/5.4.1/../../../../arm-none-eabi/lib/armv7-m\libg_nano.a(lib_a-memmove.o)
 .debug_frame   0x00001de0       0x38 c:/program files (x86)/cypress/psoc creator/4.4/psoc creator/import/gnu/arm/5.4.1/bin/../lib/gcc/arm-none-eabi/5.4.1/../../../../arm-none-eabi/lib/armv7-m\libg_nano.a(lib_a-nano-freer.o)
 .debug_frame   0x00001e18       0x2c c:/program files (x86)/cypress/psoc creator/4.4/psoc creator/import/gnu/arm/5.4.1/bin/../lib/gcc/arm-none-eabi/5.4.1/../../../../arm-none-eabi/lib/armv7-m\libg_nano.a(lib_a-nano-mallocr.o)
 .debug_frame   0x00001e44       0x3c c:/program files (x86)/cypress/psoc creator/4.4/psoc creator/import/gnu/arm/5.4.1/bin/../lib/gcc/arm-none-eabi/5.4.1/../../../../arm-none-eabi/lib/armv7-m\libg_nano.a(lib_a-nano-reallocr.o)
 .debug_frame   0x00001e80       0x2c c:/program files (x86)/cypress/psoc creator/4.4/psoc creator/import/gnu/arm/5.4.1/bin/../lib/gcc/arm-none-eabi/5.4.1/../../../../arm-none-eabi/lib/armv7-m\libg_nano.a(lib_a-sbrkr.o)
 .debug_frame   0x00001eac       0x30 c:/program files (x86)/cypress/psoc creator/4.4/psoc creator/import/gnu/arm/5.4.1/bin/../lib/gcc/arm-none-eabi/5.4.1/../../../../arm-none-eabi/lib/armv7-m\libg_nano.a(lib_a-mlock.o)
 .debug_frame   0x00001edc       0x20 c:/program files (x86)/cypress/psoc creator/4.4/psoc creator/import/gnu/arm/5.4.1/bin/../lib/gcc/arm-none-eabi/5.4.1/../../../../arm-none-eabi/lib/armv7-m\libg_nano.a(lib_a-nano-msizer.o)
 .debug_frame   0x00001efc       0x5c c:/program files (x86)/cypress/psoc creator/4.4/psoc creator/import/gnu/arm/5.4.1/bin/../lib/gcc/arm-none-eabi/5.4.1/../../../../arm-none-eabi/lib/armv7-m\libg_nano.a(lib_a-reent.o)

.debug_str      0x00000000     0x20e0
 *(.debug_str)
 .debug_str     0x00000000      0x451 .\CortexM3\ARM_GCC_541\Debug\main.o
                                0x4ce (size before relaxing)
 .debug_str     0x00000451      0x1d6 .\CortexM3\ARM_GCC_541\Debug\OLED_Driver.o
                                0x59f (size before relaxing)
 .debug_str     0x00000627      0x130 .\CortexM3\ARM_GCC_541\Debug\RTC_Driver.o
                                0x486 (size before relaxing)
 .debug_str     0x00000757       0x48 .\CortexM3\ARM_GCC_541\Debug\EEPROM_Driver.o
                                0x3ff (size before relaxing)
 .debug_str     0x0000079f      0x1a8 .\CortexM3\ARM_GCC_541\Debug\cyfitter_cfg.o
                                0x395 (size before relaxing)
 .debug_str     0x00000947       0x75 .\CortexM3\ARM_GCC_541\Debug\cymetadata.o
                                0x235 (size before relaxing)
 .debug_str     0x000009bc      0x13f .\CortexM3\ARM_GCC_541\Debug\Cm3Start.o
                                0x35b (size before relaxing)
 .debug_str     0x00000afb      0x841 .\CortexM3\ARM_GCC_541\Debug\Project_design.a(CyLib.o)
                                0xa98 (size before relaxing)
 .debug_str     0x0000133c      0x365 .\CortexM3\ARM_GCC_541\Debug\Project_design.a(cyPm.o)
                                0x784 (size before relaxing)
 .debug_str     0x000016a1      0x2c7 .\CortexM3\ARM_GCC_541\Debug\Project_design.a(UART_1.o)
                                0x504 (size before relaxing)
 .debug_str     0x00001968      0x197 .\CortexM3\ARM_GCC_541\Debug\Project_design.a(UART_1_IntClock.o)
                                0x39f (size before relaxing)
 .debug_str     0x00001aff      0x11b .\CortexM3\ARM_GCC_541\Debug\Project_design.a(I2CMASTER.o)
                                0x37a (size before relaxing)
 .debug_str     0x00001c1a       0xb0 .\CortexM3\ARM_GCC_541\Debug\Project_design.a(I2CMASTER_INT.o)
                                0x2f2 (size before relaxing)
 .debug_str     0x00001cca       0x74 .\CortexM3\ARM_GCC_541\Debug\Project_design.a(I2CMASTER_PM.o)
                                0x304 (size before relaxing)
 .debug_str     0x00001d3e      0x142 .\CortexM3\ARM_GCC_541\Debug\Project_design.a(I2CMASTER_MASTER.o)
                                0x47f (size before relaxing)
 .debug_str     0x00001e80      0x1b4 .\CortexM3\ARM_GCC_541\Debug\Project_design.a(CyFlash.o)
                                0x411 (size before relaxing)
 .debug_str     0x00002034       0xac .\CortexM3\ARM_GCC_541\Debug\Project_design.a(CySpc.o)
                                0x389 (size before relaxing)

.debug_loc      0x00000000     0x38fd
 *(.debug_loc)
 .debug_loc     0x00000000       0xba .\CortexM3\ARM_GCC_541\Debug\main.o
 .debug_loc     0x000000ba      0xc84 .\CortexM3\ARM_GCC_541\Debug\OLED_Driver.o
 .debug_loc     0x00000d3e      0x5d6 .\CortexM3\ARM_GCC_541\Debug\RTC_Driver.o
 .debug_loc     0x00001314      0x248 .\CortexM3\ARM_GCC_541\Debug\EEPROM_Driver.o
 .debug_loc     0x0000155c      0x289 .\CortexM3\ARM_GCC_541\Debug\cyfitter_cfg.o
 .debug_loc     0x000017e5      0x144 .\CortexM3\ARM_GCC_541\Debug\Cm3Start.o
 .debug_loc     0x00001929      0xa11 .\CortexM3\ARM_GCC_541\Debug\Project_design.a(CyLib.o)
 .debug_loc     0x0000233a      0x1e4 .\CortexM3\ARM_GCC_541\Debug\Project_design.a(cyPm.o)
 .debug_loc     0x0000251e      0x258 .\CortexM3\ARM_GCC_541\Debug\Project_design.a(UART_1.o)
 .debug_loc     0x00002776      0x12c .\CortexM3\ARM_GCC_541\Debug\Project_design.a(UART_1_IntClock.o)
 .debug_loc     0x000028a2       0x39 .\CortexM3\ARM_GCC_541\Debug\Project_design.a(I2CMASTER.o)
 .debug_loc     0x000028db       0x29 .\CortexM3\ARM_GCC_541\Debug\Project_design.a(I2CMASTER_INT.o)
 .debug_loc     0x00002904       0x13 .\CortexM3\ARM_GCC_541\Debug\Project_design.a(I2CMASTER_PM.o)
 .debug_loc     0x00002917      0x52f .\CortexM3\ARM_GCC_541\Debug\Project_design.a(I2CMASTER_MASTER.o)
 .debug_loc     0x00002e46      0x3b2 .\CortexM3\ARM_GCC_541\Debug\Project_design.a(CyFlash.o)
 .debug_loc     0x000031f8      0x705 .\CortexM3\ARM_GCC_541\Debug\Project_design.a(CySpc.o)

.debug_macinfo
 *(.debug_macinfo)

.debug_ranges   0x00000000      0x8a0
 *(.debug_ranges)
 .debug_ranges  0x00000000       0x10 .\CortexM3\ARM_GCC_541\Debug\main.o
 .debug_ranges  0x00000010       0xe8 .\CortexM3\ARM_GCC_541\Debug\OLED_Driver.o
 .debug_ranges  0x000000f8       0xf0 .\CortexM3\ARM_GCC_541\Debug\RTC_Driver.o
 .debug_ranges  0x000001e8       0x28 .\CortexM3\ARM_GCC_541\Debug\EEPROM_Driver.o
 .debug_ranges  0x00000210       0x48 .\CortexM3\ARM_GCC_541\Debug\cyfitter_cfg.o
 .debug_ranges  0x00000258       0x38 .\CortexM3\ARM_GCC_541\Debug\Cm3Start.o
 .debug_ranges  0x00000290      0x290 .\CortexM3\ARM_GCC_541\Debug\Project_design.a(CyLib.o)
 .debug_ranges  0x00000520       0x88 .\CortexM3\ARM_GCC_541\Debug\Project_design.a(cyPm.o)
 .debug_ranges  0x000005a8       0xe0 .\CortexM3\ARM_GCC_541\Debug\Project_design.a(UART_1.o)
 .debug_ranges  0x00000688       0x60 .\CortexM3\ARM_GCC_541\Debug\Project_design.a(UART_1_IntClock.o)
 .debug_ranges  0x000006e8       0x28 .\CortexM3\ARM_GCC_541\Debug\Project_design.a(I2CMASTER.o)
 .debug_ranges  0x00000710       0x10 .\CortexM3\ARM_GCC_541\Debug\Project_design.a(I2CMASTER_INT.o)
 .debug_ranges  0x00000720       0x28 .\CortexM3\ARM_GCC_541\Debug\Project_design.a(I2CMASTER_PM.o)
 .debug_ranges  0x00000748       0x70 .\CortexM3\ARM_GCC_541\Debug\Project_design.a(I2CMASTER_MASTER.o)
 .debug_ranges  0x000007b8       0x78 .\CortexM3\ARM_GCC_541\Debug\Project_design.a(CyFlash.o)
 .debug_ranges  0x00000830       0x70 .\CortexM3\ARM_GCC_541\Debug\Project_design.a(CySpc.o)

.comment        0x00000000       0x6e
 .comment       0x00000000       0x6e .\CortexM3\ARM_GCC_541\Debug\main.o
                                 0x6f (size before relaxing)
 .comment       0x0000006e       0x6f .\CortexM3\ARM_GCC_541\Debug\OLED_Driver.o
 .comment       0x0000006e       0x6f .\CortexM3\ARM_GCC_541\Debug\RTC_Driver.o
 .comment       0x0000006e       0x6f .\CortexM3\ARM_GCC_541\Debug\EEPROM_Driver.o
 .comment       0x0000006e       0x6f .\CortexM3\ARM_GCC_541\Debug\cyfitter_cfg.o
 .comment       0x0000006e       0x6f .\CortexM3\ARM_GCC_541\Debug\cymetadata.o
 .comment       0x0000006e       0x6f .\CortexM3\ARM_GCC_541\Debug\Cm3Start.o
 .comment       0x0000006e       0x6f .\CortexM3\ARM_GCC_541\Debug\Project_design.a(CyLib.o)
 .comment       0x0000006e       0x6f .\CortexM3\ARM_GCC_541\Debug\Project_design.a(cyPm.o)
 .comment       0x0000006e       0x6f .\CortexM3\ARM_GCC_541\Debug\Project_design.a(UART_1.o)
 .comment       0x0000006e       0x6f .\CortexM3\ARM_GCC_541\Debug\Project_design.a(UART_1_IntClock.o)
 .comment       0x0000006e       0x6f .\CortexM3\ARM_GCC_541\Debug\Project_design.a(I2CMASTER.o)
 .comment       0x0000006e       0x6f .\CortexM3\ARM_GCC_541\Debug\Project_design.a(I2CMASTER_INT.o)
 .comment       0x0000006e       0x6f .\CortexM3\ARM_GCC_541\Debug\Project_design.a(I2CMASTER_PM.o)
 .comment       0x0000006e       0x6f .\CortexM3\ARM_GCC_541\Debug\Project_design.a(I2CMASTER_MASTER.o)
 .comment       0x0000006e       0x6f .\CortexM3\ARM_GCC_541\Debug\Project_design.a(CyFlash.o)
 .comment       0x0000006e       0x6f .\CortexM3\ARM_GCC_541\Debug\Project_design.a(CySpc.o)

.debug_weaknames
 *(.debug_weaknames)

.debug_funcnames
 *(.debug_funcnames)

.debug_typenames
 *(.debug_typenames)

.debug_varnames
 *(.debug_varnames)

.note.gnu.arm.ident
 *(.note.gnu.arm.ident)

.ARM.attributes
                0x00000000       0x29
 *(.ARM.attributes)
 .ARM.attributes
                0x00000000       0x1d c:/program files (x86)/cypress/psoc creator/4.4/psoc creator/import/gnu/arm/5.4.1/bin/../lib/gcc/arm-none-eabi/5.4.1/armv7-m/crti.o
 .ARM.attributes
                0x0000001d       0x2d c:/program files (x86)/cypress/psoc creator/4.4/psoc creator/import/gnu/arm/5.4.1/bin/../lib/gcc/arm-none-eabi/5.4.1/armv7-m/crtbegin.o
 .ARM.attributes
                0x0000004a       0x1b c:/program files (x86)/cypress/psoc creator/4.4/psoc creator/import/gnu/arm/5.4.1/bin/../lib/gcc/arm-none-eabi/5.4.1/../../../../arm-none-eabi/lib/armv7-m/crt0.o
 .ARM.attributes
                0x00000065       0x33 .\CortexM3\ARM_GCC_541\Debug\main.o
 .ARM.attributes
                0x00000098       0x33 .\CortexM3\ARM_GCC_541\Debug\OLED_Driver.o
 .ARM.attributes
                0x000000cb       0x33 .\CortexM3\ARM_GCC_541\Debug\RTC_Driver.o
 .ARM.attributes
                0x000000fe       0x33 .\CortexM3\ARM_GCC_541\Debug\EEPROM_Driver.o
 .ARM.attributes
                0x00000131       0x33 .\CortexM3\ARM_GCC_541\Debug\cyfitter_cfg.o
 .ARM.attributes
                0x00000164       0x33 .\CortexM3\ARM_GCC_541\Debug\cymetadata.o
 .ARM.attributes
                0x00000197       0x33 .\CortexM3\ARM_GCC_541\Debug\Cm3Start.o
 .ARM.attributes
                0x000001ca       0x33 .\CortexM3\ARM_GCC_541\Debug\Project_design.a(CyLib.o)
 .ARM.attributes
                0x000001fd       0x33 .\CortexM3\ARM_GCC_541\Debug\Project_design.a(cyPm.o)
 .ARM.attributes
                0x00000230       0x33 .\CortexM3\ARM_GCC_541\Debug\Project_design.a(UART_1.o)
 .ARM.attributes
                0x00000263       0x33 .\CortexM3\ARM_GCC_541\Debug\Project_design.a(UART_1_IntClock.o)
 .ARM.attributes
                0x00000296       0x33 .\CortexM3\ARM_GCC_541\Debug\Project_design.a(I2CMASTER.o)
 .ARM.attributes
                0x000002c9       0x33 .\CortexM3\ARM_GCC_541\Debug\Project_design.a(I2CMASTER_INT.o)
 .ARM.attributes
                0x000002fc       0x33 .\CortexM3\ARM_GCC_541\Debug\Project_design.a(I2CMASTER_PM.o)
 .ARM.attributes
                0x0000032f       0x33 .\CortexM3\ARM_GCC_541\Debug\Project_design.a(I2CMASTER_MASTER.o)
 .ARM.attributes
                0x00000362       0x21 .\CortexM3\ARM_GCC_541\Debug\Project_design.a(CyBootAsmGnu.o)
 .ARM.attributes
                0x00000383       0x33 .\CortexM3\ARM_GCC_541\Debug\Project_design.a(CyFlash.o)
 .ARM.attributes
                0x000003b6       0x33 .\CortexM3\ARM_GCC_541\Debug\Project_design.a(CySpc.o)
 .ARM.attributes
                0x000003e9       0x2d c:/program files (x86)/cypress/psoc creator/4.4/psoc creator/import/gnu/arm/5.4.1/bin/../lib/gcc/arm-none-eabi/5.4.1/../../../../arm-none-eabi/lib/armv7-m\libm.a(lib_a-w_pow.o)
 .ARM.attributes
                0x00000416       0x2d c:/program files (x86)/cypress/psoc creator/4.4/psoc creator/import/gnu/arm/5.4.1/bin/../lib/gcc/arm-none-eabi/5.4.1/../../../../arm-none-eabi/lib/armv7-m\libm.a(lib_a-e_pow.o)
 .ARM.attributes
                0x00000443       0x2d c:/program files (x86)/cypress/psoc creator/4.4/psoc creator/import/gnu/arm/5.4.1/bin/../lib/gcc/arm-none-eabi/5.4.1/../../../../arm-none-eabi/lib/armv7-m\libm.a(lib_a-e_sqrt.o)
 .ARM.attributes
                0x00000470       0x2d c:/program files (x86)/cypress/psoc creator/4.4/psoc creator/import/gnu/arm/5.4.1/bin/../lib/gcc/arm-none-eabi/5.4.1/../../../../arm-none-eabi/lib/armv7-m\libm.a(lib_a-s_fabs.o)
 .ARM.attributes
                0x0000049d       0x2d c:/program files (x86)/cypress/psoc creator/4.4/psoc creator/import/gnu/arm/5.4.1/bin/../lib/gcc/arm-none-eabi/5.4.1/../../../../arm-none-eabi/lib/armv7-m\libm.a(lib_a-s_finite.o)
 .ARM.attributes
                0x000004ca       0x2d c:/program files (x86)/cypress/psoc creator/4.4/psoc creator/import/gnu/arm/5.4.1/bin/../lib/gcc/arm-none-eabi/5.4.1/../../../../arm-none-eabi/lib/armv7-m\libm.a(lib_a-s_lib_ver.o)
 .ARM.attributes
                0x000004f7       0x2d c:/program files (x86)/cypress/psoc creator/4.4/psoc creator/import/gnu/arm/5.4.1/bin/../lib/gcc/arm-none-eabi/5.4.1/../../../../arm-none-eabi/lib/armv7-m\libm.a(lib_a-s_matherr.o)
 .ARM.attributes
                0x00000524       0x2d c:/program files (x86)/cypress/psoc creator/4.4/psoc creator/import/gnu/arm/5.4.1/bin/../lib/gcc/arm-none-eabi/5.4.1/../../../../arm-none-eabi/lib/armv7-m\libm.a(lib_a-s_nan.o)
 .ARM.attributes
                0x00000551       0x2d c:/program files (x86)/cypress/psoc creator/4.4/psoc creator/import/gnu/arm/5.4.1/bin/../lib/gcc/arm-none-eabi/5.4.1/../../../../arm-none-eabi/lib/armv7-m\libm.a(lib_a-s_rint.o)
 .ARM.attributes
                0x0000057e       0x2d c:/program files (x86)/cypress/psoc creator/4.4/psoc creator/import/gnu/arm/5.4.1/bin/../lib/gcc/arm-none-eabi/5.4.1/../../../../arm-none-eabi/lib/armv7-m\libm.a(lib_a-s_scalbn.o)
 .ARM.attributes
                0x000005ab       0x2d c:/program files (x86)/cypress/psoc creator/4.4/psoc creator/import/gnu/arm/5.4.1/bin/../lib/gcc/arm-none-eabi/5.4.1/../../../../arm-none-eabi/lib/armv7-m\libm.a(lib_a-s_copysign.o)
 .ARM.attributes
                0x000005d8       0x1d c:/program files (x86)/cypress/psoc creator/4.4/psoc creator/import/gnu/arm/5.4.1/bin/../lib/gcc/arm-none-eabi/5.4.1/armv7-m\libgcc.a(_arm_addsubdf3.o)
 .ARM.attributes
                0x000005f5       0x1d c:/program files (x86)/cypress/psoc creator/4.4/psoc creator/import/gnu/arm/5.4.1/bin/../lib/gcc/arm-none-eabi/5.4.1/armv7-m\libgcc.a(_arm_muldivdf3.o)
 .ARM.attributes
                0x00000612       0x1d c:/program files (x86)/cypress/psoc creator/4.4/psoc creator/import/gnu/arm/5.4.1/bin/../lib/gcc/arm-none-eabi/5.4.1/armv7-m\libgcc.a(_arm_cmpdf2.o)
 .ARM.attributes
                0x0000062f       0x1d c:/program files (x86)/cypress/psoc creator/4.4/psoc creator/import/gnu/arm/5.4.1/bin/../lib/gcc/arm-none-eabi/5.4.1/armv7-m\libgcc.a(_arm_unorddf2.o)
 .ARM.attributes
                0x0000064c       0x1d c:/program files (x86)/cypress/psoc creator/4.4/psoc creator/import/gnu/arm/5.4.1/bin/../lib/gcc/arm-none-eabi/5.4.1/armv7-m\libgcc.a(_arm_fixunsdfsi.o)
 .ARM.attributes
                0x00000669       0x2d c:/program files (x86)/cypress/psoc creator/4.4/psoc creator/import/gnu/arm/5.4.1/bin/../lib/gcc/arm-none-eabi/5.4.1/../../../../arm-none-eabi/lib/armv7-m\libg_nano.a(lib_a-errno.o)
 .ARM.attributes
                0x00000696       0x2d c:/program files (x86)/cypress/psoc creator/4.4/psoc creator/import/gnu/arm/5.4.1/bin/../lib/gcc/arm-none-eabi/5.4.1/../../../../arm-none-eabi/lib/armv7-m\libg_nano.a(lib_a-exit.o)
 .ARM.attributes
                0x000006c3       0x2d c:/program files (x86)/cypress/psoc creator/4.4/psoc creator/import/gnu/arm/5.4.1/bin/../lib/gcc/arm-none-eabi/5.4.1/../../../../arm-none-eabi/lib/armv7-m\libg_nano.a(lib_a-impure.o)
 .ARM.attributes
                0x000006f0       0x2d c:/program files (x86)/cypress/psoc creator/4.4/psoc creator/import/gnu/arm/5.4.1/bin/../lib/gcc/arm-none-eabi/5.4.1/../../../../arm-none-eabi/lib/armv7-m\libg_nano.a(lib_a-init.o)
 .ARM.attributes
                0x0000071d       0x2d c:/program files (x86)/cypress/psoc creator/4.4/psoc creator/import/gnu/arm/5.4.1/bin/../lib/gcc/arm-none-eabi/5.4.1/../../../../arm-none-eabi/lib/armv7-m\libg_nano.a(lib_a-memcpy-stub.o)
 .ARM.attributes
                0x0000074a       0x2d c:/program files (x86)/cypress/psoc creator/4.4/psoc creator/import/gnu/arm/5.4.1/bin/../lib/gcc/arm-none-eabi/5.4.1/../../../../arm-none-eabi/lib/armv7-m\libg_nano.a(lib_a-memset.o)
 .ARM.attributes
                0x00000777       0x2d c:/program files (x86)/cypress/psoc creator/4.4/psoc creator/import/gnu/arm/5.4.1/bin/../lib/gcc/arm-none-eabi/5.4.1/../../../../arm-none-eabi/lib/armv7-m\libg_nano.a(lib_a-snprintf.o)
 .ARM.attributes
                0x000007a4       0x2d c:/program files (x86)/cypress/psoc creator/4.4/psoc creator/import/gnu/arm/5.4.1/bin/../lib/gcc/arm-none-eabi/5.4.1/../../../../arm-none-eabi/lib/armv7-m\libg_nano.a(lib_a-sprintf.o)
 .ARM.attributes
                0x000007d1       0x17 c:/program files (x86)/cypress/psoc creator/4.4/psoc creator/import/gnu/arm/5.4.1/bin/../lib/gcc/arm-none-eabi/5.4.1/../../../../arm-none-eabi/lib/armv7-m\libg_nano.a(lib_a-strlen.o)
 .ARM.attributes
                0x000007e8       0x2d c:/program files (x86)/cypress/psoc creator/4.4/psoc creator/import/gnu/arm/5.4.1/bin/../lib/gcc/arm-none-eabi/5.4.1/../../../../arm-none-eabi/lib/armv7-m\libg_nano.a(lib_a-nano-svfprintf.o)
 .ARM.attributes
                0x00000815       0x2d c:/program files (x86)/cypress/psoc creator/4.4/psoc creator/import/gnu/arm/5.4.1/bin/../lib/gcc/arm-none-eabi/5.4.1/../../../../arm-none-eabi/lib/armv7-m\libg_nano.a(lib_a-nano-vfprintf_i.o)
 .ARM.attributes
                0x00000842       0x2d c:/program files (x86)/cypress/psoc creator/4.4/psoc creator/import/gnu/arm/5.4.1/bin/../lib/gcc/arm-none-eabi/5.4.1/../../../../arm-none-eabi/lib/armv7-m\libg_nano.a(lib_a-memchr-stub.o)
 .ARM.attributes
                0x0000086f       0x2d c:/program files (x86)/cypress/psoc creator/4.4/psoc creator/import/gnu/arm/5.4.1/bin/../lib/gcc/arm-none-eabi/5.4.1/../../../../arm-none-eabi/lib/armv7-m\libg_nano.a(lib_a-memmove.o)
 .ARM.attributes
                0x0000089c       0x2d c:/program files (x86)/cypress/psoc creator/4.4/psoc creator/import/gnu/arm/5.4.1/bin/../lib/gcc/arm-none-eabi/5.4.1/../../../../arm-none-eabi/lib/armv7-m\libg_nano.a(lib_a-nano-freer.o)
 .ARM.attributes
                0x000008c9       0x2d c:/program files (x86)/cypress/psoc creator/4.4/psoc creator/import/gnu/arm/5.4.1/bin/../lib/gcc/arm-none-eabi/5.4.1/../../../../arm-none-eabi/lib/armv7-m\libg_nano.a(lib_a-nano-mallocr.o)
 .ARM.attributes
                0x000008f6       0x2d c:/program files (x86)/cypress/psoc creator/4.4/psoc creator/import/gnu/arm/5.4.1/bin/../lib/gcc/arm-none-eabi/5.4.1/../../../../arm-none-eabi/lib/armv7-m\libg_nano.a(lib_a-nano-reallocr.o)
 .ARM.attributes
                0x00000923       0x2d c:/program files (x86)/cypress/psoc creator/4.4/psoc creator/import/gnu/arm/5.4.1/bin/../lib/gcc/arm-none-eabi/5.4.1/../../../../arm-none-eabi/lib/armv7-m\libg_nano.a(lib_a-sbrkr.o)
 .ARM.attributes
                0x00000950       0x2d c:/program files (x86)/cypress/psoc creator/4.4/psoc creator/import/gnu/arm/5.4.1/bin/../lib/gcc/arm-none-eabi/5.4.1/../../../../arm-none-eabi/lib/armv7-m\libg_nano.a(lib_a-mlock.o)
 .ARM.attributes
                0x0000097d       0x2d c:/program files (x86)/cypress/psoc creator/4.4/psoc creator/import/gnu/arm/5.4.1/bin/../lib/gcc/arm-none-eabi/5.4.1/../../../../arm-none-eabi/lib/armv7-m\libg_nano.a(lib_a-nano-msizer.o)
 .ARM.attributes
                0x000009aa       0x2d c:/program files (x86)/cypress/psoc creator/4.4/psoc creator/import/gnu/arm/5.4.1/bin/../lib/gcc/arm-none-eabi/5.4.1/../../../../arm-none-eabi/lib/armv7-m\libg_nano.a(lib_a-reent.o)
 .ARM.attributes
                0x000009d7       0x2d c:/program files (x86)/cypress/psoc creator/4.4/psoc creator/import/gnu/arm/5.4.1/bin/../lib/gcc/arm-none-eabi/5.4.1/armv7-m/crtend.o
 .ARM.attributes
                0x00000a04       0x1d c:/program files (x86)/cypress/psoc creator/4.4/psoc creator/import/gnu/arm/5.4.1/bin/../lib/gcc/arm-none-eabi/5.4.1/armv7-m/crtn.o

/DISCARD/
 *(.note.GNU-stack)
OUTPUT(C:\Users\lucac\Desktop\Luca\PoliMi\Magistrale\II anno\Electronic technologies and biosensors laboratory\Projects\Project_ETBL\Project_design.cydsn\CortexM3\ARM_GCC_541\Debug\Project_design.elf elf32-littlearm)
