Archive member included to satisfy reference by file (symbol)

.\CortexM3\ARM_GCC_541\Debug\Project_design.a(CyLib.o)
                              .\CortexM3\ARM_GCC_541\Debug\Cm3Start.o (CyHalt)
.\CortexM3\ARM_GCC_541\Debug\Project_design.a(cyPm.o)
                              .\CortexM3\ARM_GCC_541\Debug\Project_design.a(CyLib.o) (CyPmReadStatus)
.\CortexM3\ARM_GCC_541\Debug\Project_design.a(UART_1.o)
                              .\CortexM3\ARM_GCC_541\Debug\main.o (UART_1_Start)
.\CortexM3\ARM_GCC_541\Debug\Project_design.a(UART_1_IntClock.o)
                              .\CortexM3\ARM_GCC_541\Debug\Project_design.a(UART_1.o) (UART_1_IntClock_Start)
.\CortexM3\ARM_GCC_541\Debug\Project_design.a(I2CMASTER.o)
                              .\CortexM3\ARM_GCC_541\Debug\main.o (I2CMASTER_Start)
.\CortexM3\ARM_GCC_541\Debug\Project_design.a(I2CMASTER_INT.o)
                              .\CortexM3\ARM_GCC_541\Debug\Project_design.a(I2CMASTER.o) (I2CMASTER_ISR)
.\CortexM3\ARM_GCC_541\Debug\Project_design.a(I2CMASTER_PM.o)
                              .\CortexM3\ARM_GCC_541\Debug\Project_design.a(I2CMASTER.o) (I2CMASTER_backup)
.\CortexM3\ARM_GCC_541\Debug\Project_design.a(I2CMASTER_MASTER.o)
                              .\CortexM3\ARM_GCC_541\Debug\Project_design.a(I2CMASTER.o) (I2CMASTER_mstrStatus)
.\CortexM3\ARM_GCC_541\Debug\Project_design.a(CyBootAsmGnu.o)
                              .\CortexM3\ARM_GCC_541\Debug\cyfitter_cfg.o (CyDelayCycles)
.\CortexM3\ARM_GCC_541\Debug\Project_design.a(CyFlash.o)
                              .\CortexM3\ARM_GCC_541\Debug\Project_design.a(cyPm.o) (CyFlash_SetWaitCycles)
.\CortexM3\ARM_GCC_541\Debug\Project_design.a(CySpc.o)
                              .\CortexM3\ARM_GCC_541\Debug\Project_design.a(CyFlash.o) (CySpcStart)
c:/program files (x86)/cypress/psoc creator/4.4/psoc creator/import/gnu/arm/5.4.1/bin/../lib/gcc/arm-none-eabi/5.4.1/../../../../arm-none-eabi/lib/armv7-m\libm.a(lib_a-w_pow.o)
                              .\CortexM3\ARM_GCC_541\Debug\RTC_Driver.o (pow)
c:/program files (x86)/cypress/psoc creator/4.4/psoc creator/import/gnu/arm/5.4.1/bin/../lib/gcc/arm-none-eabi/5.4.1/../../../../arm-none-eabi/lib/armv7-m\libm.a(lib_a-e_pow.o)
                              c:/program files (x86)/cypress/psoc creator/4.4/psoc creator/import/gnu/arm/5.4.1/bin/../lib/gcc/arm-none-eabi/5.4.1/../../../../arm-none-eabi/lib/armv7-m\libm.a(lib_a-w_pow.o) (__ieee754_pow)
c:/program files (x86)/cypress/psoc creator/4.4/psoc creator/import/gnu/arm/5.4.1/bin/../lib/gcc/arm-none-eabi/5.4.1/../../../../arm-none-eabi/lib/armv7-m\libm.a(lib_a-e_sqrt.o)
                              c:/program files (x86)/cypress/psoc creator/4.4/psoc creator/import/gnu/arm/5.4.1/bin/../lib/gcc/arm-none-eabi/5.4.1/../../../../arm-none-eabi/lib/armv7-m\libm.a(lib_a-e_pow.o) (__ieee754_sqrt)
c:/program files (x86)/cypress/psoc creator/4.4/psoc creator/import/gnu/arm/5.4.1/bin/../lib/gcc/arm-none-eabi/5.4.1/../../../../arm-none-eabi/lib/armv7-m\libm.a(lib_a-s_fabs.o)
                              c:/program files (x86)/cypress/psoc creator/4.4/psoc creator/import/gnu/arm/5.4.1/bin/../lib/gcc/arm-none-eabi/5.4.1/../../../../arm-none-eabi/lib/armv7-m\libm.a(lib_a-e_pow.o) (fabs)
c:/program files (x86)/cypress/psoc creator/4.4/psoc creator/import/gnu/arm/5.4.1/bin/../lib/gcc/arm-none-eabi/5.4.1/../../../../arm-none-eabi/lib/armv7-m\libm.a(lib_a-s_finite.o)
                              c:/program files (x86)/cypress/psoc creator/4.4/psoc creator/import/gnu/arm/5.4.1/bin/../lib/gcc/arm-none-eabi/5.4.1/../../../../arm-none-eabi/lib/armv7-m\libm.a(lib_a-w_pow.o) (finite)
c:/program files (x86)/cypress/psoc creator/4.4/psoc creator/import/gnu/arm/5.4.1/bin/../lib/gcc/arm-none-eabi/5.4.1/../../../../arm-none-eabi/lib/armv7-m\libm.a(lib_a-s_lib_ver.o)
                              c:/program files (x86)/cypress/psoc creator/4.4/psoc creator/import/gnu/arm/5.4.1/bin/../lib/gcc/arm-none-eabi/5.4.1/../../../../arm-none-eabi/lib/armv7-m\libm.a(lib_a-w_pow.o) (__fdlib_version)
c:/program files (x86)/cypress/psoc creator/4.4/psoc creator/import/gnu/arm/5.4.1/bin/../lib/gcc/arm-none-eabi/5.4.1/../../../../arm-none-eabi/lib/armv7-m\libm.a(lib_a-s_matherr.o)
                              c:/program files (x86)/cypress/psoc creator/4.4/psoc creator/import/gnu/arm/5.4.1/bin/../lib/gcc/arm-none-eabi/5.4.1/../../../../arm-none-eabi/lib/armv7-m\libm.a(lib_a-w_pow.o) (matherr)
c:/program files (x86)/cypress/psoc creator/4.4/psoc creator/import/gnu/arm/5.4.1/bin/../lib/gcc/arm-none-eabi/5.4.1/../../../../arm-none-eabi/lib/armv7-m\libm.a(lib_a-s_nan.o)
                              c:/program files (x86)/cypress/psoc creator/4.4/psoc creator/import/gnu/arm/5.4.1/bin/../lib/gcc/arm-none-eabi/5.4.1/../../../../arm-none-eabi/lib/armv7-m\libm.a(lib_a-e_pow.o) (nan)
[...]
Memory Configuration

Name             Origin             Length             Attributes
rom              0x00000000         0x00040000         xr
ram              0x1fff8000         0x00010000         xrw
*default*        0x00000000         0xffffffff

Linker script and memory map

LOAD c:/program files (x86)/cypress/psoc creator/4.4/psoc creator/import/gnu/arm/5.4.1/bin/../lib/gcc/arm-none-eabi/5.4.1/armv7-m/crti.o
LOAD c:/program files (x86)/cypress/psoc creator/4.4/psoc creator/import/gnu/arm/5.4.1/bin/../lib/gcc/arm-none-eabi/5.4.1/armv7-m/crtbegin.o
LOAD c:/program files (x86)/cypress/psoc creator/4.4/psoc creator/import/gnu/arm/5.4.1/bin/../lib/gcc/arm-none-eabi/5.4.1/../../../../arm-none-eabi/lib/armv7-m/crt0.o
START GROUP
LOAD .\CortexM3\ARM_GCC_541\Debug\main.o
LOAD .\CortexM3\ARM_GCC_541\Debug\OLED_Driver.o
LOAD .\CortexM3\ARM_GCC_541\Debug\RTC_Driver.o
LOAD .\CortexM3\ARM_GCC_541\Debug\EEPROM_Driver.o
LOAD .\CortexM3\ARM_GCC_541\Debug\cyfitter_cfg.o
LOAD .\CortexM3\ARM_GCC_541\Debug\cymetadata.o
LOAD .\CortexM3\ARM_GCC_541\Debug\Cm3Start.o
LOAD .\CortexM3\ARM_GCC_541\Debug\Project_design.a
LOAD C:\Program Files (x86)\Cypress\PSoC Creator\4.4\PSoC Creator\psoc\content\cycomponentlibrary\CyComponentLibrary.cylib\CortexM3\ARM_GCC_541\Debug\CyComponentLibrary.a
LOAD c:/program files (x86)/cypress/psoc creator/4.4/psoc creator/import/gnu/arm/5.4.1/bin/../lib/gcc/arm-none-eabi/5.4.1/../../../../arm-none-eabi/lib/armv7-m\libm.a
END GROUP
START GROUP
LOAD c:/program files (x86)/cypress/psoc creator/4.4/psoc creator/import/gnu/arm/5.4.1/bin/../lib/gcc/arm-none-eabi/5.4.1/armv7-m\libgcc.a
LOAD c:/program files (x86)/cypress/psoc creator/4.4/psoc creator/import/gnu/arm/5.4.1/bin/../lib/gcc/arm-none-eabi/5.4.1/../../../../arm-none-eabi/lib/armv7-m\libg_nano.a
LOAD c:/program files (x86)/cypress/psoc creator/4.4/psoc creator/import/gnu/arm/5.4.1/bin/../lib/gcc/arm-none-eabi/5.4.1/../../../../arm-none-eabi/lib/armv7-m\libc_nano.a
END GROUP
START GROUP
LOAD c:/program files (x86)/cypress/psoc creator/4.4/psoc creator/import/gnu/arm/5.4.1/bin/../lib/gcc/arm-none-eabi/5.4.1/armv7-m\libgcc.a
LOAD c:/program files (x86)/cypress/psoc creator/4.4/psoc creator/import/gnu/arm/5.4.1/bin/../lib/gcc/arm-none-eabi/5.4.1/../../../../arm-none-eabi/lib/armv7-m\libc_nano.a
END GROUP
LOAD c:/program files (x86)/cypress/psoc creator/4.4/psoc creator/import/gnu/arm/5.4.1/bin/../lib/gcc/arm-none-eabi/5.4.1/armv7-m/crtend.o
LOAD c:/program files (x86)/cypress/psoc creator/4.4/psoc creator/import/gnu/arm/5.4.1/bin/../lib/gcc/arm-none-eabi/5.4.1/armv7-m/crtn.o
START GROUP
LOAD c:/program files (x86)/cypress/psoc creator/4.4/psoc creator/import/gnu/arm/5.4.1/bin/../lib/gcc/arm-none-eabi/5.4.1/armv7-m\libgcc.a
LOAD c:/program files (x86)/cypress/psoc creator/4.4/psoc creator/import/gnu/arm/5.4.1/bin/../lib/gcc/arm-none-eabi/5.4.1/../../../../arm-none-eabi/lib/armv7-m\libc.a
LOAD c:/program files (x86)/cypress/psoc creator/4.4/psoc creator/import/gnu/arm/5.4.1/bin/../lib/gcc/arm-none-eabi/5.4.1/../../../../arm-none-eabi/lib/armv7-m\libnosys.a
END GROUP
                0x00000000                CY_APPL_ORIGIN = 0x0
                0x00000100                CY_FLASH_ROW_SIZE = 0x100
                0x00000020                CY_ECC_ROW_SIZE = 0x20
                0x00000000                CY_EE_IN_BTLDR = 0x0
                0x00000000                CY_APPL_LOADABLE = 0x0
                0x00000800                CY_EE_SIZE = 0x800
                0x00000001                CY_APPL_NUM = 0x1
                0x00000001                CY_APPL_MAX = 0x1
                0x00000040                CY_METADATA_SIZE = 0x40
                0x00000000                CY_APPL_LOADABLE = 0x0
                0x00000000                CY_CHECKSUM_EXCLUDE_SIZE = ALIGN (0x0, CY_FLASH_ROW_SIZE)
                [!provide]                PROVIDE (__cy_heap_start, _end)
                0x00000001                PROVIDE (__cy_region_num, ((__cy_regions_end - __cy_regions) / 0x10))
                0x20008000                PROVIDE (__cy_stack, (ORIGIN (ram) + LENGTH (ram)))
                [!provide]                PROVIDE (__cy_heap_end, (__cy_stack - 0x800))

.cybootloader   0x00000000        0x0
 *(.cybootloader)
                0x00000000                appl1_start = CY_APPL_ORIGIN?CY_APPL_ORIGIN:ALIGN (CY_FLASH_ROW_SIZE)
                0x0001ff00                appl2_start = (appl1_start + ALIGN ((((LENGTH (rom) - appl1_start) - (0x2 * CY_FLASH_ROW_SIZE)) / 0x2), CY_FLASH_ROW_SIZE))
                0x00000000                appl_start = (CY_APPL_NUM == 0x1)?appl1_start:appl2_start
                0x00000000                ecc_offset = ((appl_start / CY_FLASH_ROW_SIZE) * CY_ECC_ROW_SIZE)
                0x00000000                ee_offset = (CY_APPL_LOADABLE && ! (CY_EE_IN_BTLDR))?((CY_EE_SIZE / CY_APPL_MAX) * (CY_APPL_NUM - 0x1)):0x0
                0x00000800                ee_size = (CY_APPL_LOADABLE && ! (CY_EE_IN_BTLDR))?(CY_EE_SIZE / CY_APPL_MAX):CY_EE_SIZE
                [!provide]                PROVIDE (CY_ECC_OFFSET, ecc_offset)

.text           0x00000000     0x3f90
 CREATE_OBJECT_SYMBOLS
                0x00000000                PROVIDE (__cy_interrupt_vector, RomVectors)
 *(.romvectors)
 .romvectors    0x00000000       0x10 .\CortexM3\ARM_GCC_541\Debug\Cm3Start.o
                0x00000000                RomVectors
                0x00000001                ASSERT ((. != __cy_interrupt_vector), No interrupt vector)
                0x00000001                ASSERT (CY_APPL_ORIGIN?(SIZEOF (.cybootloader) <= CY_APPL_ORIGIN):0x1, Wrong image location)
                0x00000010                PROVIDE (__cy_reset, Reset)
 *(.text.Reset)
 .text.Reset    0x00000010       0x18 .\CortexM3\ARM_GCC_541\Debug\Cm3Start.o
                0x00000010                Reset
                0x00000001                ASSERT ((. != __cy_reset), No reset code)
 *(.dma_init)
                0x00000001                ASSERT ((((appl_start + .) <= 0x10000) || 0x1), DMA Init must be within the first 64k of flash)
 *(.text .text.* .gnu.linkonce.t.*)
 .text          0x00000028       0x5c c:/program files (x86)/cypress/psoc creator/4.4/psoc creator/import/gnu/arm/5.4.1/bin/../lib/gcc/arm-none-eabi/5.4.1/armv7-m/crtbegin.o
 .text.main     0x00000084      0x224 .\CortexM3\ARM_GCC_541\Debug\main.o
                0x00000084                main
 .text.display_line
                0x000002a8      0x134 .\CortexM3\ARM_GCC_541\Debug\OLED_Driver.o
 .text.rtx_rotation_adjust
                0x000003dc       0x4c .\CortexM3\ARM_GCC_541\Debug\OLED_Driver.o
 .text.rtx_hvLine
                0x00000428       0xe8 .\CortexM3\ARM_GCC_541\Debug\OLED_Driver.o
 .text.display_write_buffer
                0x00000510       0x30 .\CortexM3\ARM_GCC_541\Debug\OLED_Driver.o
 .text.display_init
                0x00000540       0x34 .\CortexM3\ARM_GCC_541\Debug\OLED_Driver.o
                0x00000540                display_init
 .text.display_setPixel
                0x00000574       0x88 .\CortexM3\ARM_GCC_541\Debug\OLED_Driver.o
                0x00000574                display_setPixel
 .text.display_clear
                0x000005fc       0x1c .\CortexM3\ARM_GCC_541\Debug\OLED_Driver.o
                0x000005fc                display_clear
 .text.display_update
                0x00000618       0x38 .\CortexM3\ARM_GCC_541\Debug\OLED_Driver.o
                0x00000618                display_update
 .text.rtx_setCursor
                0x00000650       0x14 .\CortexM3\ARM_GCC_541\Debug\OLED_Driver.o
                0x00000650                rtx_setCursor
 .text.rtx_setTextColor
                0x00000664       0x14 .\CortexM3\ARM_GCC_541\Debug\OLED_Driver.o
                0x00000664                rtx_setTextColor
 .text.rtx_setTextSize
                0x00000678       0x10 .\CortexM3\ARM_GCC_541\Debug\OLED_Driver.o
                0x00000678                rtx_setTextSize
 .text.rtx_drawPixel
                0x00000688       0x3c .\CortexM3\ARM_GCC_541\Debug\OLED_Driver.o
                0x00000688                rtx_drawPixel
 .text.rtx_drawBitmap
                0x000006c4       0x90 .\CortexM3\ARM_GCC_541\Debug\OLED_Driver.o
                0x000006c4                rtx_drawBitmap
 .text.rtx_drawLine
                0x00000754       0xd8 .\CortexM3\ARM_GCC_541\Debug\OLED_Driver.o
                0x00000754                rtx_drawLine
 .text.rtx_fillRect
                0x0000082c       0x68 .\CortexM3\ARM_GCC_541\Debug\OLED_Driver.o
                0x0000082c                rtx_fillRect
 .text.rtx_drawChar
                0x00000894       0xe0 .\CortexM3\ARM_GCC_541\Debug\OLED_Driver.o
                0x00000894                rtx_drawChar
 .text.rtx_write
                0x00000974       0x94 .\CortexM3\ARM_GCC_541\Debug\OLED_Driver.o
                0x00000974                rtx_write
 .text.rtx_print
                0x00000a08       0x1c .\CortexM3\ARM_GCC_541\Debug\OLED_Driver.o
                0x00000a08                rtx_print
 .text.rtx_println
                0x00000a24       0x10 .\CortexM3\ARM_GCC_541\Debug\OLED_Driver.o
                0x00000a24                rtx_println
 .text.OLED_welcome_screen
                0x00000a34       0xfc .\CortexM3\ARM_GCC_541\Debug\OLED_Driver.o
                0x00000a34                OLED_welcome_screen
 .text.rtc_init
                0x00000b30        0x4 .\CortexM3\ARM_GCC_541\Debug\RTC_Driver.o
                0x00000b30                rtc_init
 .text.RTC_ReadRegister
                0x00000b34       0x3c .\CortexM3\ARM_GCC_541\Debug\RTC_Driver.o
                0x00000b34                RTC_ReadRegister
 .text.RTC_convert_seconds
                0x00000b70       0x9c .\CortexM3\ARM_GCC_541\Debug\RTC_Driver.o
                0x00000b70                RTC_convert_seconds
 .text.RTC_convert_minutes
                0x00000c0c       0x9c .\CortexM3\ARM_GCC_541\Debug\RTC_Driver.o
                0x00000c0c                RTC_convert_minutes
 .text.RTC_convert_hours
                0x00000ca8       0x9c .\CortexM3\ARM_GCC_541\Debug\RTC_Driver.o
                0x00000ca8                RTC_convert_hours
 .text.RTC_convert_date
                0x00000d44       0x9c .\CortexM3\ARM_GCC_541\Debug\RTC_Driver.o
                0x00000d44                RTC_convert_date
 .text.RTC_convert_month
                0x00000de0       0x5c .\CortexM3\ARM_GCC_541\Debug\RTC_Driver.o
                0x00000de0                RTC_convert_month
 .text.RTC_convert_year
                0x00000e3c       0x9c .\CortexM3\ARM_GCC_541\Debug\RTC_Driver.o
                0x00000e3c                RTC_convert_year
 .text.rtc_read_time
                0x00000ed8      0x10c .\CortexM3\ARM_GCC_541\Debug\RTC_Driver.o
                0x00000ed8                rtc_read_time
 .text.EEPROM_ReadRegister
                0x00000fe4       0x40 .\CortexM3\ARM_GCC_541\Debug\EEPROM_Driver.o
                0x00000fe4                EEPROM_ReadRegister
 .text.EEPROM_WriteRegister
                0x00001024       0x34 .\CortexM3\ARM_GCC_541\Debug\EEPROM_Driver.o
                0x00001024                EEPROM_WriteRegister
 .text.save_current_measurement
                0x00001058      0x104 .\CortexM3\ARM_GCC_541\Debug\EEPROM_Driver.o
                0x00001058                save_current_measurement
 .text.get_measurement_from_memory
                0x0000115c       0x40 .\CortexM3\ARM_GCC_541\Debug\EEPROM_Driver.o
                0x0000115c                get_measurement_from_memory
 .text.CyClockStartupError
                0x0000119c        0x4 .\CortexM3\ARM_GCC_541\Debug\cyfitter_cfg.o
 .text.cfg_write_bytes32
                0x000011a0       0x34 .\CortexM3\ARM_GCC_541\Debug\cyfitter_cfg.o
 .text.AnalogSetDefault
                0x000011d4       0x28 .\CortexM3\ARM_GCC_541\Debug\cyfitter_cfg.o
 .text.CYMEMZERO
                0x000011fc        0xc .\CortexM3\ARM_GCC_541\Debug\cyfitter_cfg.o
 .text.ClockSetup
                0x00001208       0xb8 .\CortexM3\ARM_GCC_541\Debug\cyfitter_cfg.o
 .text.CYCONFIGCPY
                0x000012c0        0x8 .\CortexM3\ARM_GCC_541\Debug\cyfitter_cfg.o
 .text.cyfitter_cfg
                0x000012c8      0x100 .\CortexM3\ARM_GCC_541\Debug\cyfitter_cfg.o
                0x000012c8                cyfitter_cfg
 .text.IntDefaultHandler
                0x000013c8       0x10 .\CortexM3\ARM_GCC_541\Debug\Cm3Start.o
                0x000013c8                IntDefaultHandler
 .text._sbrk    0x000013d8       0x30 .\CortexM3\ARM_GCC_541\Debug\Cm3Start.o
                0x000013d8                _sbrk
 .text.Start_c  0x00001408       0x4c .\CortexM3\ARM_GCC_541\Debug\Cm3Start.o
                0x00001408                Start_c
 .text.initialize_psoc
                0x00001454       0x68 .\CortexM3\ARM_GCC_541\Debug\Cm3Start.o
                0x00001454                initialize_psoc
 .text.CyHalt   0x000014bc        0x4 .\CortexM3\ARM_GCC_541\Debug\Project_design.a(CyLib.o)
                0x000014bc                CyHalt
 .text.CyDelay  0x000014c0       0x2c .\CortexM3\ARM_GCC_541\Debug\Project_design.a(CyLib.o)
                0x000014c0                CyDelay
 .text.CyIntSetVector
                0x000014ec       0x28 .\CortexM3\ARM_GCC_541\Debug\Project_design.a(CyLib.o)
                0x000014ec                CyIntSetVector
 .text.CyIntSetPriority
                0x00001514       0x30 .\CortexM3\ARM_GCC_541\Debug\Project_design.a(CyLib.o)
                0x00001514                CyIntSetPriority
 .text.UART_1_Init
                0x00001544       0x24 .\CortexM3\ARM_GCC_541\Debug\Project_design.a(UART_1.o)
                0x00001544                UART_1_Init
 .text.UART_1_Enable
                0x00001568       0x38 .\CortexM3\ARM_GCC_541\Debug\Project_design.a(UART_1.o)
                0x00001568                UART_1_Enable
 .text.UART_1_Start
                0x000015a0       0x1c .\CortexM3\ARM_GCC_541\Debug\Project_design.a(UART_1.o)
                0x000015a0                UART_1_Start
 .text.UART_1_PutChar
                0x000015bc       0x18 .\CortexM3\ARM_GCC_541\Debug\Project_design.a(UART_1.o)
                0x000015bc                UART_1_PutChar
 .text.UART_1_PutString
                0x000015d4       0x24 .\CortexM3\ARM_GCC_541\Debug\Project_design.a(UART_1.o)
                0x000015d4                UART_1_PutString
 .text.UART_1_IntClock_Start
                0x000015f8       0x1c .\CortexM3\ARM_GCC_541\Debug\Project_design.a(UART_1_IntClock.o)
                0x000015f8                UART_1_IntClock_Start
 .text.I2CMASTER_Init
                0x00001614       0x68 .\CortexM3\ARM_GCC_541\Debug\Project_design.a(I2CMASTER.o)
                0x00001614                I2CMASTER_Init
 .text.I2CMASTER_Enable
                0x0000167c       0x24 .\CortexM3\ARM_GCC_541\Debug\Project_design.a(I2CMASTER.o)
                0x0000167c                I2CMASTER_Enable
 .text.I2CMASTER_Start
                0x000016a0       0x28 .\CortexM3\ARM_GCC_541\Debug\Project_design.a(I2CMASTER.o)
                0x000016a0                I2CMASTER_Start
 .text.I2CMASTER_ISR
                0x000016c8      0x2d0 .\CortexM3\ARM_GCC_541\Debug\Project_design.a(I2CMASTER_INT.o)
                0x000016c8                I2CMASTER_ISR
 .text.I2CMASTER_MasterSendStart
                0x00001998       0x80 .\CortexM3\ARM_GCC_541\Debug\Project_design.a(I2CMASTER_MASTER.o)
                0x00001998                I2CMASTER_MasterSendStart
 .text.I2CMASTER_MasterSendRestart
                0x00001a18       0x6c .\CortexM3\ARM_GCC_541\Debug\Project_design.a(I2CMASTER_MASTER.o)
                0x00001a18                I2CMASTER_MasterSendRestart
 .text.I2CMASTER_MasterSendStop
                0x00001a84       0x38 .\CortexM3\ARM_GCC_541\Debug\Project_design.a(I2CMASTER_MASTER.o)
                0x00001a84                I2CMASTER_MasterSendStop
 .text.I2CMASTER_MasterWriteByte
                0x00001abc       0x58 .\CortexM3\ARM_GCC_541\Debug\Project_design.a(I2CMASTER_MASTER.o)
                0x00001abc                I2CMASTER_MasterWriteByte
 .text.I2CMASTER_MasterReadByte
                0x00001b14       0x58 .\CortexM3\ARM_GCC_541\Debug\Project_design.a(I2CMASTER_MASTER.o)
                0x00001b14                I2CMASTER_MasterReadByte
 *fill*         0x00001b6c        0x4 
 .text          0x00001b70       0x20 .\CortexM3\ARM_GCC_541\Debug\Project_design.a(CyBootAsmGnu.o)
                0x00001b70                CyDelayCycles
                0x00001b80                CyEnterCriticalSection
                0x00001b88                CyExitCriticalSection
 .text.pow      0x00001b90      0x330 c:/program files (x86)/cypress/psoc creator/4.4/psoc creator/import/gnu/arm/5.4.1/bin/../lib/gcc/arm-none-eabi/5.4.1/../../../../arm-none-eabi/lib/armv7-m\libm.a(lib_a-w_pow.o)
                0x00001b90                pow
 .text.__ieee754_pow
                0x00001ec0      0xac4 c:/program files (x86)/cypress/psoc creator/4.4/psoc creator/import/gnu/arm/5.4.1/bin/../lib/gcc/arm-none-eabi/5.4.1/../../../../arm-none-eabi/lib/armv7-m\libm.a(lib_a-e_pow.o)
                0x00001ec0                __ieee754_pow
 .text.__ieee754_sqrt
                0x00002984      0x188 c:/program files (x86)/cypress/psoc creator/4.4/psoc creator/import/gnu/arm/5.4.1/bin/../lib/gcc/arm-none-eabi/5.4.1/../../../../arm-none-eabi/lib/armv7-m\libm.a(lib_a-e_sqrt.o)
                0x00002984                __ieee754_sqrt
 .text.fabs     0x00002b0c        0x8 c:/program files (x86)/cypress/psoc creator/4.4/psoc creator/import/gnu/arm/5.4.1/bin/../lib/gcc/arm-none-eabi/5.4.1/../../../../arm-none-eabi/lib/armv7-m\libm.a(lib_a-s_fabs.o)
                0x00002b0c                fabs
 .text.finite   0x00002b14        0xc c:/program files (x86)/cypress/psoc creator/4.4/psoc creator/import/gnu/arm/5.4.1/bin/../lib/gcc/arm-none-eabi/5.4.1/../../../../arm-none-eabi/lib/armv7-m\libm.a(lib_a-s_finite.o)
                0x00002b14                finite
 .text.matherr  0x00002b20        0x4 c:/program files (x86)/cypress/psoc creator/4.4/psoc creator/import/gnu/arm/5.4.1/bin/../lib/gcc/arm-none-eabi/5.4.1/../../../../arm-none-eabi/lib/armv7-m\libm.a(lib_a-s_matherr.o)
                0x00002b20                matherr
 .text.nan      0x00002b24        0xc c:/program files (x86)/cypress/psoc creator/4.4/psoc creator/import/gnu/arm/5.4.1/bin/../lib/gcc/arm-none-eabi/5.4.1/../../../../arm-none-eabi/lib/armv7-m\libm.a(lib_a-s_nan.o)
                0x00002b24                nan
 .text.rint     0x00002b30      0x120 c:/program files (x86)/cypress/psoc creator/4.4/psoc creator/import/gnu/arm/5.4.1/bin/../lib/gcc/arm-none-eabi/5.4.1/../../../../arm-none-eabi/lib/armv7-m\libm.a(lib_a-s_rint.o)
                0x00002b30                rint
 .text.scalbn   0x00002c50       0xe4 c:/program files (x86)/cypress/psoc creator/4.4/psoc creator/import/gnu/arm/5.4.1/bin/../lib/gcc/arm-none-eabi/5.4.1/../../../../arm-none-eabi/lib/armv7-m\libm.a(lib_a-s_scalbn.o)
                0x00002c50                scalbn
 .text.copysign
                0x00002d34       0x10 c:/program files (x86)/cypress/psoc creator/4.4/psoc creator/import/gnu/arm/5.4.1/bin/../lib/gcc/arm-none-eabi/5.4.1/../../../../arm-none-eabi/lib/armv7-m\libm.a(lib_a-s_copysign.o)
                0x00002d34                copysign
 .text          0x00002d44      0x370 c:/program files (x86)/cypress/psoc creator/4.4/psoc creator/import/gnu/arm/5.4.1/bin/../lib/gcc/arm-none-eabi/5.4.1/armv7-m\libgcc.a(_arm_addsubdf3.o)
                0x00002d44                __aeabi_drsub
                0x00002d4c                __aeabi_dsub
                0x00002d4c                __subdf3
                0x00002d50                __aeabi_dadd
                0x00002d50                __adddf3
                0x00002fc8                __floatunsidf
                0x00002fc8                __aeabi_ui2d
                0x00002fe8                __floatsidf
                0x00002fe8                __aeabi_i2d
                0x0000300c                __aeabi_f2d
                0x0000300c                __extendsfdf2
                0x00003048                __floatundidf
                0x00003048                __aeabi_ul2d
                0x00003058                __floatdidf
                0x00003058                __aeabi_l2d
 .text          0x000030b4      0x424 c:/program files (x86)/cypress/psoc creator/4.4/psoc creator/import/gnu/arm/5.4.1/bin/../lib/gcc/arm-none-eabi/5.4.1/armv7-m\libgcc.a(_arm_muldivdf3.o)
                0x000030b4                __aeabi_dmul
                0x000030b4                __muldf3
                0x00003308                __divdf3
                0x00003308                __aeabi_ddiv
 .text          0x000034d8      0x110 c:/program files (x86)/cypress/psoc creator/4.4/psoc creator/import/gnu/arm/5.4.1/bin/../lib/gcc/arm-none-eabi/5.4.1/armv7-m\libgcc.a(_arm_cmpdf2.o)
                0x000034d8                __gtdf2
                0x000034d8                __gedf2
                0x000034e0                __ltdf2
                0x000034e0                __ledf2
                0x000034e8                __nedf2
                0x000034e8                __eqdf2
                0x000034e8                __cmpdf2
                0x00003564                __aeabi_cdrcmple
                0x00003574                __aeabi_cdcmpeq
                0x00003574                __aeabi_cdcmple
                0x00003584                __aeabi_dcmpeq
                0x00003598                __aeabi_dcmplt
                0x000035ac                __aeabi_dcmple
                0x000035c0                __aeabi_dcmpge
                0x000035d4                __aeabi_dcmpgt
 .text          0x000035e8       0x2c c:/program files (x86)/cypress/psoc creator/4.4/psoc creator/import/gnu/arm/5.4.1/bin/../lib/gcc/arm-none-eabi/5.4.1/armv7-m\libgcc.a(_arm_unorddf2.o)
                0x000035e8                __unorddf2
                0x000035e8                __aeabi_dcmpun
 .text          0x00003614       0x40 c:/program files (x86)/cypress/psoc creator/4.4/psoc creator/import/gnu/arm/5.4.1/bin/../lib/gcc/arm-none-eabi/5.4.1/armv7-m\libgcc.a(_arm_fixunsdfsi.o)
                0x00003614                __aeabi_d2uiz
                0x00003614                __fixunsdfsi
 .text.__errno  0x00003654        0xc c:/program files (x86)/cypress/psoc creator/4.4/psoc creator/import/gnu/arm/5.4.1/bin/../lib/gcc/arm-none-eabi/5.4.1/../../../../arm-none-eabi/lib/armv7-m\libg_nano.a(lib_a-errno.o)
                0x00003654                __errno
 .text.__libc_init_array
                0x00003660       0x4c c:/program files (x86)/cypress/psoc creator/4.4/psoc creator/import/gnu/arm/5.4.1/bin/../lib/gcc/arm-none-eabi/5.4.1/../../../../arm-none-eabi/lib/armv7-m\libg_nano.a(lib_a-init.o)
                0x00003660                __libc_init_array
 .text.memcpy   0x000036ac       0x16 c:/program files (x86)/cypress/psoc creator/4.4/psoc creator/import/gnu/arm/5.4.1/bin/../lib/gcc/arm-none-eabi/5.4.1/../../../../arm-none-eabi/lib/armv7-m\libg_nano.a(lib_a-memcpy-stub.o)
                0x000036ac                memcpy
 .text.memset   0x000036c2       0x10 c:/program files (x86)/cypress/psoc creator/4.4/psoc creator/import/gnu/arm/5.4.1/bin/../lib/gcc/arm-none-eabi/5.4.1/../../../../arm-none-eabi/lib/armv7-m\libg_nano.a(lib_a-memset.o)
                0x000036c2                memset
 *fill*         0x000036d2        0x2 
 .text.snprintf
                0x000036d4       0x64 c:/program files (x86)/cypress/psoc creator/4.4/psoc creator/import/gnu/arm/5.4.1/bin/../lib/gcc/arm-none-eabi/5.4.1/../../../../arm-none-eabi/lib/armv7-m\libg_nano.a(lib_a-snprintf.o)
                0x000036d4                sniprintf
                0x000036d4                snprintf
 .text.sprintf  0x00003738       0x48 c:/program files (x86)/cypress/psoc creator/4.4/psoc creator/import/gnu/arm/5.4.1/bin/../lib/gcc/arm-none-eabi/5.4.1/../../../../arm-none-eabi/lib/armv7-m\libg_nano.a(lib_a-sprintf.o)
                0x00003738                siprintf
                0x00003738                sprintf
 .text          0x00003780       0x10 c:/program files (x86)/cypress/psoc creator/4.4/psoc creator/import/gnu/arm/5.4.1/bin/../lib/gcc/arm-none-eabi/5.4.1/../../../../arm-none-eabi/lib/armv7-m\libg_nano.a(lib_a-strlen.o)
                0x00003780                strlen
 .text.__ssputs_r
                0x00003790       0xb2 c:/program files (x86)/cypress/psoc creator/4.4/psoc creator/import/gnu/arm/5.4.1/bin/../lib/gcc/arm-none-eabi/5.4.1/../../../../arm-none-eabi/lib/armv7-m\libg_nano.a(lib_a-nano-svfprintf.o)
                0x00003790                __ssputs_r
 *fill*         0x00003842        0x2 
 .text._svfprintf_r
                0x00003844      0x1e8 c:/program files (x86)/cypress/psoc creator/4.4/psoc creator/import/gnu/arm/5.4.1/bin/../lib/gcc/arm-none-eabi/5.4.1/../../../../arm-none-eabi/lib/armv7-m\libg_nano.a(lib_a-nano-svfprintf.o)
                0x00003844                _svfiprintf_r
                0x00003844                _svfprintf_r
 .text._printf_common
                0x00003a2c       0xec c:/program files (x86)/cypress/psoc creator/4.4/psoc creator/import/gnu/arm/5.4.1/bin/../lib/gcc/arm-none-eabi/5.4.1/../../../../arm-none-eabi/lib/armv7-m\libg_nano.a(lib_a-nano-vfprintf_i.o)
                0x00003a2c                _printf_common
 .text._printf_i
                0x00003b18      0x24c c:/program files (x86)/cypress/psoc creator/4.4/psoc creator/import/gnu/arm/5.4.1/bin/../lib/gcc/arm-none-eabi/5.4.1/../../../../arm-none-eabi/lib/armv7-m\libg_nano.a(lib_a-nano-vfprintf_i.o)
                0x00003b18                _printf_i
 .text.memchr   0x00003d64       0x1c c:/program files (x86)/cypress/psoc creator/4.4/psoc creator/import/gnu/arm/5.4.1/bin/../lib/gcc/arm-none-eabi/5.4.1/../../../../arm-none-eabi/lib/armv7-m\libg_nano.a(lib_a-memchr-stub.o)
                0x00003d64                memchr
 .text.memmove  0x00003d80       0x36 c:/program files (x86)/cypress/psoc creator/4.4/psoc creator/import/gnu/arm/5.4.1/bin/../lib/gcc/arm-none-eabi/5.4.1/../../../../arm-none-eabi/lib/armv7-m\libg_nano.a(lib_a-memmove.o)
                0x00003d80                memmove
 *fill*         0x00003db6        0x2 
 .text._free_r  0x00003db8       0x98 c:/program files (x86)/cypress/psoc creator/4.4/psoc creator/import/gnu/arm/5.4.1/bin/../lib/gcc/arm-none-eabi/5.4.1/../../../../arm-none-eabi/lib/armv7-m\libg_nano.a(lib_a-nano-freer.o)
                0x00003db8                _free_r
 .text._malloc_r
                0x00003e50       0xbc c:/program files (x86)/cypress/psoc creator/4.4/psoc creator/import/gnu/arm/5.4.1/bin/../lib/gcc/arm-none-eabi/5.4.1/../../../../arm-none-eabi/lib/armv7-m\libg_nano.a(lib_a-nano-mallocr.o)
                0x00003e50                _malloc_r
 .text._realloc_r
                0x00003f0c       0x4c c:/program files (x86)/cypress/psoc creator/4.4/psoc creator/import/gnu/arm/5.4.1/bin/../lib/gcc/arm-none-eabi/5.4.1/../../../../arm-none-eabi/lib/armv7-m\libg_nano.a(lib_a-nano-reallocr.o)
                0x00003f0c                _realloc_r
 .text._sbrk_r  0x00003f58       0x20 c:/program files (x86)/cypress/psoc creator/4.4/psoc creator/import/gnu/arm/5.4.1/bin/../lib/gcc/arm-none-eabi/5.4.1/../../../../arm-none-eabi/lib/armv7-m\libg_nano.a(lib_a-sbrkr.o)
                0x00003f58                _sbrk_r
 .text.__malloc_lock
                0x00003f78        0x2 c:/program files (x86)/cypress/psoc creator/4.4/psoc creator/import/gnu/arm/5.4.1/bin/../lib/gcc/arm-none-eabi/5.4.1/../../../../arm-none-eabi/lib/armv7-m\libg_nano.a(lib_a-mlock.o)
                0x00003f78                __malloc_lock
 .text.__malloc_unlock
                0x00003f7a        0x2 c:/program files (x86)/cypress/psoc creator/4.4/psoc creator/import/gnu/arm/5.4.1/bin/../lib/gcc/arm-none-eabi/5.4.1/../../../../arm-none-eabi/lib/armv7-m\libg_nano.a(lib_a-mlock.o)
                0x00003f7a                __malloc_unlock
 .text._malloc_usable_size_r
                0x00003f7c       0x14 c:/program files (x86)/cypress/psoc creator/4.4/psoc creator/import/gnu/arm/5.4.1/bin/../lib/gcc/arm-none-eabi/5.4.1/../../../../arm-none-eabi/lib/armv7-m\libg_nano.a(lib_a-nano-msizer.o)
                0x00003f7c                _malloc_usable_size_r
 *(.plt)
 *(.gnu.warning)
 *(.glue_7t)
 .glue_7t       0x00003f90        0x0 linker stubs
 *(.glue_7)
 .glue_7        0x00003f90        0x0 linker stubs
 *(.vfp11_veneer)
 .vfp11_veneer  0x00003f90        0x0 linker stubs
 *(.bootloader)
 *(.ARM.extab* .gnu.linkonce.armextab.*)
 *(.gcc_except_table)

.v4_bx          0x00003f90        0x0
 .v4_bx         0x00003f90        0x0 linker stubs

.iplt           0x00003f90        0x0
 .iplt          0x00003f90        0x0 c:/program files (x86)/cypress/psoc creator/4.4/psoc creator/import/gnu/arm/5.4.1/bin/../lib/gcc/arm-none-eabi/5.4.1/armv7-m/crtbegin.o

.eh_frame_hdr
 *(.eh_frame_hdr)

.eh_frame       0x00003f90        0x4
 *(.eh_frame)
 .eh_frame      0x00003f90        0x0 c:/program files (x86)/cypress/psoc creator/4.4/psoc creator/import/gnu/arm/5.4.1/bin/../lib/gcc/arm-none-eabi/5.4.1/armv7-m/crtbegin.o
 .eh_frame      0x00003f90        0x4 c:/program files (x86)/cypress/psoc creator/4.4/psoc creator/import/gnu/arm/5.4.1/bin/../lib/gcc/arm-none-eabi/5.4.1/armv7-m/crtend.o
                [!provide]                PROVIDE (__exidx_start, .)

.ARM.exidx
 *(.ARM.exidx* .gnu.linkonce.armexidx.*)
                0x00003f94                __exidx_end = .

.rodata         0x00003f98      0xe30
 *(.rodata .rodata.* .gnu.linkonce.r.*)
 .rodata.str1.4
                0x00003f98       0xc8 .\CortexM3\ARM_GCC_541\Debug\main.o
 .rodata        0x00004060      0x920 .\CortexM3\ARM_GCC_541\Debug\OLED_Driver.o
                0x00004580                POLIMI_logo
 .rodata.str1.4
                0x00004980       0x3c .\CortexM3\ARM_GCC_541\Debug\OLED_Driver.o
 .rodata.str1.4
                0x000049bc      0x1ba .\CortexM3\ARM_GCC_541\Debug\RTC_Driver.o
 *fill*         0x00004b76        0x2 
 .rodata.str1.4
                0x00004b78      0x17c .\CortexM3\ARM_GCC_541\Debug\EEPROM_Driver.o
 .rodata        0x00004cf4       0x50 .\CortexM3\ARM_GCC_541\Debug\cyfitter_cfg.o
 .rodata.str1.4
                0x00004d44        0x4 c:/program files (x86)/cypress/psoc creator/4.4/psoc creator/import/gnu/arm/5.4.1/bin/../lib/gcc/arm-none-eabi/5.4.1/../../../../arm-none-eabi/lib/armv7-m\libm.a(lib_a-w_pow.o)
 .rodata.str1.4
                0x00004d48        0x4 c:/program files (x86)/cypress/psoc creator/4.4/psoc creator/import/gnu/arm/5.4.1/bin/../lib/gcc/arm-none-eabi/5.4.1/../../../../arm-none-eabi/lib/armv7-m\libm.a(lib_a-e_pow.o)
                                  0x1 (size before relaxing)
 .rodata.TWO52  0x00004d48       0x10 c:/program files (x86)/cypress/psoc creator/4.4/psoc creator/import/gnu/arm/5.4.1/bin/../lib/gcc/arm-none-eabi/5.4.1/../../../../arm-none-eabi/lib/armv7-m\libm.a(lib_a-s_rint.o)
 .rodata.str1.1
                0x00004d58        0x2 c:/program files (x86)/cypress/psoc creator/4.4/psoc creator/import/gnu/arm/5.4.1/bin/../lib/gcc/arm-none-eabi/5.4.1/../../../../arm-none-eabi/lib/armv7-m\libg_nano.a(lib_a-impure.o)
 .rodata.str1.1
                0x00004d5a       0x11 c:/program files (x86)/cypress/psoc creator/4.4/psoc creator/import/gnu/arm/5.4.1/bin/../lib/gcc/arm-none-eabi/5.4.1/../../../../arm-none-eabi/lib/armv7-m\libg_nano.a(lib_a-nano-svfprintf.o)
 .rodata.str1.1
                0x00004d6b       0x22 c:/program files (x86)/cypress/psoc creator/4.4/psoc creator/import/gnu/arm/5.4.1/bin/../lib/gcc/arm-none-eabi/5.4.1/../../../../arm-none-eabi/lib/armv7-m\libg_nano.a(lib_a-nano-vfprintf_i.o)
                0x00004d90                . = ALIGN (0x4)
 *fill*         0x00004d8d        0x3 
 *(.init)
 .init          0x00004d90        0x4 c:/program files (x86)/cypress/psoc creator/4.4/psoc creator/import/gnu/arm/5.4.1/bin/../lib/gcc/arm-none-eabi/5.4.1/armv7-m/crti.o
                0x00004d90                _init
 .init          0x00004d94        0x8 c:/program files (x86)/cypress/psoc creator/4.4/psoc creator/import/gnu/arm/5.4.1/bin/../lib/gcc/arm-none-eabi/5.4.1/armv7-m/crtn.o
                0x00004d9c                . = ALIGN (0x4)
                0x00004d9c                __preinit_array_start = .
 *(.preinit_array)
                0x00004d9c                __preinit_array_end = .
                0x00004d9c                . = ALIGN (0x4)
                0x00004d9c                __init_array_start = .
 *(SORT(.init_array.*))
 *(.init_array)
 .init_array    0x00004d9c        0x4 c:/program files (x86)/cypress/psoc creator/4.4/psoc creator/import/gnu/arm/5.4.1/bin/../lib/gcc/arm-none-eabi/5.4.1/armv7-m/crtbegin.o
 .init_array    0x00004da0        0x4 .\CortexM3\ARM_GCC_541\Debug\Cm3Start.o
                0x00004da4                __init_array_end = .
                0x00004da4                . = ALIGN (0x4)
 *(.fini)
 .fini          0x00004da4        0x4 c:/program files (x86)/cypress/psoc creator/4.4/psoc creator/import/gnu/arm/5.4.1/bin/../lib/gcc/arm-none-eabi/5.4.1/armv7-m/crti.o
                0x00004da4                _fini
 .fini          0x00004da8        0x8 c:/program files (x86)/cypress/psoc creator/4.4/psoc creator/import/gnu/arm/5.4.1/bin/../lib/gcc/arm-none-eabi/5.4.1/armv7-m/crtn.o
                0x00004db0                . = ALIGN (0x4)
                0x00004db0                __fini_array_start = .
 *(.fini_array)
 .fini_array    0x00004db0        0x4 c:/program files (x86)/cypress/psoc creator/4.4/psoc creator/import/gnu/arm/5.4.1/bin/../lib/gcc/arm-none-eabi/5.4.1/armv7-m/crtbegin.o
 *(SORT(.fini_array.*))
                0x00004db4                __fini_array_end = .
                0x00004db4                . = ALIGN (0x4)
 *crtbegin.o(.ctors)
 *(EXCLUDE_FILE(*crtend.o) .ctors)
 *(SORT(.ctors.*))
 *crtend.o(.ctors)
                0x00004db4                . = ALIGN (0x4)
 *crtbegin.o(.dtors)
 *(EXCLUDE_FILE(*crtend.o) .dtors)
 *(SORT(.dtors.*))
 *crtend.o(.dtors)
                0x00004db4                . = ALIGN (0x4)
                0x00004db4                __cy_regions = .
                0x00004db4        0x4 LONG 0x4dc8 __cy_region_init_ram
                0x00004db8        0x4 LONG 0x1fff80c8 __cy_region_start_data
                0x00004dbc        0x4 LONG 0x488 __cy_region_init_size_ram
                0x00004dc0        0x4 LONG 0xa8 __cy_region_zero_size_ram
                0x00004dc4                __cy_regions_end = .
                0x00004dc8                . = ALIGN (0x8)
 *fill*         0x00004dc4        0x4 
                0x00004dc8                _etext = .

.cy_checksum_exclude
                0x00004dc8        0x0
 *(.cy_checksum_exclude)

.ramvectors     0x1fff8000       0xc0
                0x1fff8000                __cy_region_start_ram = .
 *(.ramvectors)
 .ramvectors    0x1fff8000       0xc0 .\CortexM3\ARM_GCC_541\Debug\Cm3Start.o
                0x1fff8000                CyRamVectors

.noinit         0x1fff80c0        0x1
 *(.noinit)
 .noinit        0x1fff80c0        0x1 .\CortexM3\ARM_GCC_541\Debug\Project_design.a(CyLib.o)
                0x1fff80c0                CyResetStatus

.data           0x1fff80c8      0x488 load address 0x00004dc8
                0x1fff80c8                __cy_region_start_data = .
 *(.jcr)
 .jcr           0x1fff80c8        0x0 c:/program files (x86)/cypress/psoc creator/4.4/psoc creator/import/gnu/arm/5.4.1/bin/../lib/gcc/arm-none-eabi/5.4.1/armv7-m/crtbegin.o
 .jcr           0x1fff80c8        0x4 c:/program files (x86)/cypress/psoc creator/4.4/psoc creator/import/gnu/arm/5.4.1/bin/../lib/gcc/arm-none-eabi/5.4.1/armv7-m/crtend.o
 *(.got.plt)
 *(.got)
 *(.shdata)
 *(.data .data.* .gnu.linkonce.d.*)
 .data          0x1fff80cc      0x401 .\CortexM3\ARM_GCC_541\Debug\OLED_Driver.o
 *fill*         0x1fff84cd        0x3 
 .data          0x1fff84d0        0x4 .\CortexM3\ARM_GCC_541\Debug\Cm3Start.o
 .data          0x1fff84d4       0x10 .\CortexM3\ARM_GCC_541\Debug\Project_design.a(CyLib.o)
                0x1fff84d4                cydelay_32k_ms
                0x1fff84d8                cydelay_freq_khz
                0x1fff84dc                cydelay_freq_mhz
                0x1fff84e0                cydelay_freq_hz
 .data.__fdlib_version
                0x1fff84e4        0x1 c:/program files (x86)/cypress/psoc creator/4.4/psoc creator/import/gnu/arm/5.4.1/bin/../lib/gcc/arm-none-eabi/5.4.1/../../../../arm-none-eabi/lib/armv7-m\libm.a(lib_a-s_lib_ver.o)
                0x1fff84e4                __fdlib_version
 *fill*         0x1fff84e5        0x3 
 .data.impure_data
                0x1fff84e8       0x60 c:/program files (x86)/cypress/psoc creator/4.4/psoc creator/import/gnu/arm/5.4.1/bin/../lib/gcc/arm-none-eabi/5.4.1/../../../../arm-none-eabi/lib/armv7-m\libg_nano.a(lib_a-impure.o)
 .data._impure_ptr
                0x1fff8548        0x4 c:/program files (x86)/cypress/psoc creator/4.4/psoc creator/import/gnu/arm/5.4.1/bin/../lib/gcc/arm-none-eabi/5.4.1/../../../../arm-none-eabi/lib/armv7-m\libg_nano.a(lib_a-impure.o)
                0x1fff8548                _impure_ptr
                0x1fff8550                . = ALIGN (0x8)
 *fill*         0x1fff854c        0x4 
 *(.ram)
                0x1fff8550                _edata = .

.igot.plt       0x1fff8550        0x0 load address 0x00005250
 .igot.plt      0x1fff8550        0x0 c:/program files (x86)/cypress/psoc creator/4.4/psoc creator/import/gnu/arm/5.4.1/bin/../lib/gcc/arm-none-eabi/5.4.1/armv7-m/crtbegin.o

.bss            0x1fff8550       0xa8 load address 0x00005250
                0x1fff8550                PROVIDE (__bss_start__, .)
 *(.shbss)
 *(.bss .bss.* .gnu.linkonce.b.*)
 .bss           0x1fff8550       0x1c c:/program files (x86)/cypress/psoc creator/4.4/psoc creator/import/gnu/arm/5.4.1/bin/../lib/gcc/arm-none-eabi/5.4.1/armv7-m/crtbegin.o
 .bss           0x1fff856c       0x41 .\CortexM3\ARM_GCC_541\Debug\main.o
                0x1fff856c                rtc_content
                0x1fff85ac                seconds
 .bss           0x1fff85ad        0x1 .\CortexM3\ARM_GCC_541\Debug\OLED_Driver.o
 .bss           0x1fff85ae        0x2 .\CortexM3\ARM_GCC_541\Debug\Project_design.a(UART_1.o)
                0x1fff85ae                UART_1_initVar
 .bss           0x1fff85b0        0x1 .\CortexM3\ARM_GCC_541\Debug\Project_design.a(I2CMASTER.o)
                0x1fff85b0                I2CMASTER_initVar
 *fill*         0x1fff85b1        0x3 
 .bss.__malloc_sbrk_start
                0x1fff85b4        0x4 c:/program files (x86)/cypress/psoc creator/4.4/psoc creator/import/gnu/arm/5.4.1/bin/../lib/gcc/arm-none-eabi/5.4.1/../../../../arm-none-eabi/lib/armv7-m\libg_nano.a(lib_a-nano-mallocr.o)
                0x1fff85b4                __malloc_sbrk_start
 .bss.__malloc_free_list
                0x1fff85b8        0x4 c:/program files (x86)/cypress/psoc creator/4.4/psoc creator/import/gnu/arm/5.4.1/bin/../lib/gcc/arm-none-eabi/5.4.1/../../../../arm-none-eabi/lib/armv7-m\libg_nano.a(lib_a-nano-mallocr.o)
                0x1fff85b8                __malloc_free_list
 *(COMMON)
 COMMON         0x1fff85bc       0x20 .\CortexM3\ARM_GCC_541\Debug\main.o
                0x1fff85bc                current_year
                0x1fff85be                current_date
                0x1fff85c0                cursor_y
                0x1fff85c2                rtc_data_register
                0x1fff85c3                current_hours
                0x1fff85c4                Current_time
                0x1fff85cc                current_minutes
                0x1fff85ce                eeprom_current_address
                0x1fff85d0                current_month
                0x1fff85d1                rotation
                0x1fff85d2                current_seconds
                0x1fff85d4                cursor_x
                0x1fff85d6                wrap
                0x1fff85d7                textsize
                0x1fff85d8                textbgcolor
                0x1fff85da                textcolor
 COMMON         0x1fff85dc        0x1 .\CortexM3\ARM_GCC_541\Debug\Project_design.a(I2CMASTER.o)
                0x1fff85dc                I2CMASTER_state
 *fill*         0x1fff85dd        0x3 
 COMMON         0x1fff85e0       0x12 .\CortexM3\ARM_GCC_541\Debug\Project_design.a(I2CMASTER_MASTER.o)
                0x1fff85e0                I2CMASTER_mstrWrBufSize
                0x1fff85e4                I2CMASTER_mstrWrBufPtr
                0x1fff85e8                I2CMASTER_mstrWrBufIndex
                0x1fff85e9                I2CMASTER_mstrRdBufSize
                0x1fff85ea                I2CMASTER_mstrRdBufIndex
                0x1fff85ec                I2CMASTER_mstrRdBufPtr
                0x1fff85f0                I2CMASTER_mstrControl
                0x1fff85f1                I2CMASTER_mstrStatus
 *fill*         0x1fff85f2        0x2 
 COMMON         0x1fff85f4        0x4 c:/program files (x86)/cypress/psoc creator/4.4/psoc creator/import/gnu/arm/5.4.1/bin/../lib/gcc/arm-none-eabi/5.4.1/../../../../arm-none-eabi/lib/armv7-m\libg_nano.a(lib_a-reent.o)
                0x1fff85f4                errno
                0x1fff85f8                . = ALIGN (0x8)
 *(.ram.b)
                0x1fff85f8                _end = .
                0x1fff85f8                __end = .
                0x1fff85f8                PROVIDE (end, .)
                0x1fff85f8                PROVIDE (__bss_end__, .)
                0x00004dc8                __cy_region_init_ram = LOADADDR (.data)
                0x00000488                __cy_region_init_size_ram = (_edata - ADDR (.data))
                0x000000a8                __cy_region_zero_size_ram = (_end - _edata)

.heap           0x1fff85f8       0x80 load address 0x00005250
                0x1fff85f8                . = _end
                0x1fff8678                . = (. + 0x80)
 *fill*         0x1fff85f8       0x80 
                0x1fff8678                __cy_heap_limit = .

.stack          0x20007800      0x800
                0x20007800                __cy_stack_limit = .
                0x20008000                . = (. + 0x800)
 *fill*         0x20007800      0x800 
                0x00000001                ASSERT ((__cy_stack_limit >= __cy_heap_limit), region RAM overflowed with stack)
                0x00000000                cy_checksum_exclude_size = (CY_APPL_LOADABLE == 0x1)?SIZEOF (.cy_checksum_exclude):0x0
                0x00000001                ASSERT ((cy_checksum_exclude_size <= CY_CHECKSUM_EXCLUDE_SIZE), CY_BOOT: Section .cy_checksum_exclude size exceedes specified limit.)

.cyloadermeta
 *(.cyloadermeta)

.cyloadablemeta
 *(.cyloadablemeta)

.cyconfigecc    0x80000000      0x374
 *(.cyconfigecc)
 .cyconfigecc   0x80000000      0x374 .\CortexM3\ARM_GCC_541\Debug\cymetadata.o
                0x80000000                cy_meta_configecc

.cycustnvl      0x90000000        0x4
 *(.cycustnvl)
 .cycustnvl     0x90000000        0x4 .\CortexM3\ARM_GCC_541\Debug\cymetadata.o
                0x90000000                cy_meta_custnvl

.cywolatch      0x90100000        0x4
 *(.cywolatch)
 .cywolatch     0x90100000        0x4 .\CortexM3\ARM_GCC_541\Debug\cymetadata.o
                0x90100000                cy_meta_wonvl

.cyeeprom       0x90200000        0x0
 *(.cyeeprom)
                0x00000001                ASSERT ((. <= ((0x90200000 + ee_offset) + ee_size)), .cyeeprom data will not fit in EEPROM)

.cyflashprotect
                0x90400000      0x100
 *(.cyflashprotect)
 .cyflashprotect
                0x90400000      0x100 .\CortexM3\ARM_GCC_541\Debug\cymetadata.o
                0x90400000                cy_meta_flashprotect

.cymeta         0x90500000        0xc
 *(.cymeta)
 .cymeta        0x90500000        0xc .\CortexM3\ARM_GCC_541\Debug\cymetadata.o
                0x90500000                cy_metadata

.rel.dyn        0x00005250        0x0 load address 0x9050000c
 .rel.iplt      0x00005250        0x0 c:/program files (x86)/cypress/psoc creator/4.4/psoc creator/import/gnu/arm/5.4.1/bin/../lib/gcc/arm-none-eabi/5.4.1/armv7-m/crtbegin.o

.stab
 *(.stab)

.stabstr
 *(.stabstr)

.debug
 *(.debug)

.line
 *(.line)

.debug_srcinfo
 *(.debug_srcinfo)

.debug_sfnames
 *(.debug_sfnames)

.debug_aranges  0x00000000      0x930
 *(.debug_aranges)
 .debug_aranges
                0x00000000       0x20 .\CortexM3\ARM_GCC_541\Debug\main.o
 .debug_aranges
                0x00000020       0xe0 .\CortexM3\ARM_GCC_541\Debug\OLED_Driver.o
 .debug_aranges
                0x00000100       0x70 .\CortexM3\ARM_GCC_541\Debug\RTC_Driver.o
 .debug_aranges
                0x00000170       0x38 .\CortexM3\ARM_GCC_541\Debug\EEPROM_Driver.o
 .debug_aranges
                0x000001a8       0x58 .\CortexM3\ARM_GCC_541\Debug\cyfitter_cfg.o
 .debug_aranges
                0x00000200       0x18 .\CortexM3\ARM_GCC_541\Debug\cymetadata.o
 .debug_aranges
                0x00000218       0x48 .\CortexM3\ARM_GCC_541\Debug\Cm3Start.o
 .debug_aranges
                0x00000260      0x2a0 .\CortexM3\ARM_GCC_541\Debug\Project_design.a(CyLib.o)
 .debug_aranges
                0x00000500       0x98 .\CortexM3\ARM_GCC_541\Debug\Project_design.a(cyPm.o)
 .debug_aranges
                0x00000598       0xf0 .\CortexM3\ARM_GCC_541\Debug\Project_design.a(UART_1.o)
 .debug_aranges
                0x00000688       0x70 .\CortexM3\ARM_GCC_541\Debug\Project_design.a(UART_1_IntClock.o)
 .debug_aranges
                0x000006f8       0x38 .\CortexM3\ARM_GCC_541\Debug\Project_design.a(I2CMASTER.o)
 .debug_aranges
                0x00000730       0x20 .\CortexM3\ARM_GCC_541\Debug\Project_design.a(I2CMASTER_INT.o)
 .debug_aranges
                0x00000750       0x38 .\CortexM3\ARM_GCC_541\Debug\Project_design.a(I2CMASTER_PM.o)
 .debug_aranges
                0x00000788       0x80 .\CortexM3\ARM_GCC_541\Debug\Project_design.a(I2CMASTER_MASTER.o)
 .debug_aranges
                0x00000808       0x20 .\CortexM3\ARM_GCC_541\Debug\Project_design.a(CyBootAsmGnu.o)
 .debug_aranges
                0x00000828       0x88 .\CortexM3\ARM_GCC_541\Debug\Project_design.a(CyFlash.o)
 .debug_aranges
                0x000008b0       0x80 .\CortexM3\ARM_GCC_541\Debug\Project_design.a(CySpc.o)

.debug_pubnames
 *(.debug_pubnames)

.debug_info     0x00000000     0x7004
 *(.debug_info .gnu.linkonce.wi.*)
 .debug_info    0x00000000      0x87b .\CortexM3\ARM_GCC_541\Debug\main.o
 .debug_info    0x0000087b     0x10c9 .\CortexM3\ARM_GCC_541\Debug\OLED_Driver.o
 .debug_info    0x00001944      0x9dd .\CortexM3\ARM_GCC_541\Debug\RTC_Driver.o
 .debug_info    0x00002321      0x588 .\CortexM3\ARM_GCC_541\Debug\EEPROM_Driver.o
 .debug_info    0x000028a9      0x583 .\CortexM3\ARM_GCC_541\Debug\cyfitter_cfg.o
 .debug_info    0x00002e2c      0x135 .\CortexM3\ARM_GCC_541\Debug\cymetadata.o
 .debug_info    0x00002f61      0x3bb .\CortexM3\ARM_GCC_541\Debug\Cm3Start.o
 .debug_info    0x0000331c     0x1374 .\CortexM3\ARM_GCC_541\Debug\Project_design.a(CyLib.o)
 .debug_info    0x00004690      0xa2a .\CortexM3\ARM_GCC_541\Debug\Project_design.a(cyPm.o)
 .debug_info    0x000050ba      0x60c .\CortexM3\ARM_GCC_541\Debug\Project_design.a(UART_1.o)
 .debug_info    0x000056c6      0x283 .\CortexM3\ARM_GCC_541\Debug\Project_design.a(UART_1_IntClock.o)
 .debug_info    0x00005949      0x2ab .\CortexM3\ARM_GCC_541\Debug\Project_design.a(I2CMASTER.o)
 .debug_info    0x00005bf4      0x184 .\CortexM3\ARM_GCC_541\Debug\Project_design.a(I2CMASTER_INT.o)
 .debug_info    0x00005d78      0x207 .\CortexM3\ARM_GCC_541\Debug\Project_design.a(I2CMASTER_PM.o)
 .debug_info    0x00005f7f      0x407 .\CortexM3\ARM_GCC_541\Debug\Project_design.a(I2CMASTER_MASTER.o)
 .debug_info    0x00006386       0xe1 .\CortexM3\ARM_GCC_541\Debug\Project_design.a(CyBootAsmGnu.o)
 .debug_info    0x00006467      0x64d .\CortexM3\ARM_GCC_541\Debug\Project_design.a(CyFlash.o)
 .debug_info    0x00006ab4      0x550 .\CortexM3\ARM_GCC_541\Debug\Project_design.a(CySpc.o)

.debug_abbrev   0x00000000     0x1956
 *(.debug_abbrev)
 .debug_abbrev  0x00000000      0x14e .\CortexM3\ARM_GCC_541\Debug\main.o
 .debug_abbrev  0x0000014e      0x275 .\CortexM3\ARM_GCC_541\Debug\OLED_Driver.o
 .debug_abbrev  0x000003c3      0x1ee .\CortexM3\ARM_GCC_541\Debug\RTC_Driver.o
 .debug_abbrev  0x000005b1      0x154 .\CortexM3\ARM_GCC_541\Debug\EEPROM_Driver.o
 .debug_abbrev  0x00000705      0x20d .\CortexM3\ARM_GCC_541\Debug\cyfitter_cfg.o
 .debug_abbrev  0x00000912       0x66 .\CortexM3\ARM_GCC_541\Debug\cymetadata.o
 .debug_abbrev  0x00000978      0x1e8 .\CortexM3\ARM_GCC_541\Debug\Cm3Start.o
 .debug_abbrev  0x00000b60      0x254 .\CortexM3\ARM_GCC_541\Debug\Project_design.a(CyLib.o)
 .debug_abbrev  0x00000db4      0x1ab .\CortexM3\ARM_GCC_541\Debug\Project_design.a(cyPm.o)
 .debug_abbrev  0x00000f5f      0x175 .\CortexM3\ARM_GCC_541\Debug\Project_design.a(UART_1.o)
 .debug_abbrev  0x000010d4      0x139 .\CortexM3\ARM_GCC_541\Debug\Project_design.a(UART_1_IntClock.o)
 .debug_abbrev  0x0000120d      0x10a .\CortexM3\ARM_GCC_541\Debug\Project_design.a(I2CMASTER.o)
 .debug_abbrev  0x00001317       0xb6 .\CortexM3\ARM_GCC_541\Debug\Project_design.a(I2CMASTER_INT.o)
 .debug_abbrev  0x000013cd       0xfe .\CortexM3\ARM_GCC_541\Debug\Project_design.a(I2CMASTER_PM.o)
 .debug_abbrev  0x000014cb      0x13c .\CortexM3\ARM_GCC_541\Debug\Project_design.a(I2CMASTER_MASTER.o)
 .debug_abbrev  0x00001607       0x14 .\CortexM3\ARM_GCC_541\Debug\Project_design.a(CyBootAsmGnu.o)
 .debug_abbrev  0x0000161b      0x1a7 .\CortexM3\ARM_GCC_541\Debug\Project_design.a(CyFlash.o)
 .debug_abbrev  0x000017c2      0x194 .\CortexM3\ARM_GCC_541\Debug\Project_design.a(CySpc.o)

.debug_line     0x00000000     0x2d84
 *(.debug_line)
 .debug_line    0x00000000      0x2a8 .\CortexM3\ARM_GCC_541\Debug\main.o
 .debug_line    0x000002a8      0x5d1 .\CortexM3\ARM_GCC_541\Debug\OLED_Driver.o
 .debug_line    0x00000879      0x3c4 .\CortexM3\ARM_GCC_541\Debug\RTC_Driver.o
 .debug_line    0x00000c3d      0x26a .\CortexM3\ARM_GCC_541\Debug\EEPROM_Driver.o
 .debug_line    0x00000ea7      0x1f2 .\CortexM3\ARM_GCC_541\Debug\cyfitter_cfg.o
 .debug_line    0x00001099      0x141 .\CortexM3\ARM_GCC_541\Debug\cymetadata.o
 .debug_line    0x000011da      0x234 .\CortexM3\ARM_GCC_541\Debug\Cm3Start.o
 .debug_line    0x0000140e      0x816 .\CortexM3\ARM_GCC_541\Debug\Project_design.a(CyLib.o)
 .debug_line    0x00001c24      0x367 .\CortexM3\ARM_GCC_541\Debug\Project_design.a(cyPm.o)
 .debug_line    0x00001f8b      0x2c0 .\CortexM3\ARM_GCC_541\Debug\Project_design.a(UART_1.o)
 .debug_line    0x0000224b      0x17e .\CortexM3\ARM_GCC_541\Debug\Project_design.a(UART_1_IntClock.o)
 .debug_line    0x000023c9       0xeb .\CortexM3\ARM_GCC_541\Debug\Project_design.a(I2CMASTER.o)
 .debug_line    0x000024b4      0x120 .\CortexM3\ARM_GCC_541\Debug\Project_design.a(I2CMASTER_INT.o)
 .debug_line    0x000025d4       0xc7 .\CortexM3\ARM_GCC_541\Debug\Project_design.a(I2CMASTER_PM.o)
 .debug_line    0x0000269b      0x209 .\CortexM3\ARM_GCC_541\Debug\Project_design.a(I2CMASTER_MASTER.o)
 .debug_line    0x000028a4       0x66 .\CortexM3\ARM_GCC_541\Debug\Project_design.a(CyBootAsmGnu.o)
 .debug_line    0x0000290a      0x21a .\CortexM3\ARM_GCC_541\Debug\Project_design.a(CyFlash.o)
 .debug_line    0x00002b24      0x260 .\CortexM3\ARM_GCC_541\Debug\Project_design.a(CySpc.o)

.debug_frame    0x00000000     0x1f58
 *(.debug_frame)
 .debug_frame   0x00000000       0x44 .\CortexM3\ARM_GCC_541\Debug\main.o
 .debug_frame   0x00000044      0x328 .\CortexM3\ARM_GCC_541\Debug\OLED_Driver.o
 .debug_frame   0x0000036c      0x198 .\CortexM3\ARM_GCC_541\Debug\RTC_Driver.o
 .debug_frame   0x00000504       0x90 .\CortexM3\ARM_GCC_541\Debug\EEPROM_Driver.o
 .debug_frame   0x00000594       0xe4 .\CortexM3\ARM_GCC_541\Debug\cyfitter_cfg.o
 .debug_frame   0x00000678       0xb8 .\CortexM3\ARM_GCC_541\Debug\Cm3Start.o
 .debug_frame   0x00000730      0x738 .\CortexM3\ARM_GCC_541\Debug\Project_design.a(CyLib.o)
 .debug_frame   0x00000e68      0x1f8 .\CortexM3\ARM_GCC_541\Debug\Project_design.a(cyPm.o)
 .debug_frame   0x00001060      0x250 .\CortexM3\ARM_GCC_541\Debug\Project_design.a(UART_1.o)
 .debug_frame   0x000012b0       0xe0 .\CortexM3\ARM_GCC_541\Debug\Project_design.a(UART_1_IntClock.o)
 .debug_frame   0x00001390       0x90 .\CortexM3\ARM_GCC_541\Debug\Project_design.a(I2CMASTER.o)
 .debug_frame   0x00001420       0x30 .\CortexM3\ARM_GCC_541\Debug\Project_design.a(I2CMASTER_INT.o)
 .debug_frame   0x00001450       0x74 .\CortexM3\ARM_GCC_541\Debug\Project_design.a(I2CMASTER_PM.o)
 .debug_frame   0x000014c4      0x138 .\CortexM3\ARM_GCC_541\Debug\Project_design.a(I2CMASTER_MASTER.o)
 .debug_frame   0x000015fc      0x194 .\CortexM3\ARM_GCC_541\Debug\Project_design.a(CyFlash.o)
 .debug_frame   0x00001790      0x180 .\CortexM3\ARM_GCC_541\Debug\Project_design.a(CySpc.o)
 .debug_frame   0x00001910       0x4c c:/program files (x86)/cypress/psoc creator/4.4/psoc creator/import/gnu/arm/5.4.1/bin/../lib/gcc/arm-none-eabi/5.4.1/../../../../arm-none-eabi/lib/armv7-m\libm.a(lib_a-w_pow.o)
 .debug_frame   0x0000195c       0x68 c:/program files (x86)/cypress/psoc creator/4.4/psoc creator/import/gnu/arm/5.4.1/bin/../lib/gcc/arm-none-eabi/5.4.1/../../../../arm-none-eabi/lib/armv7-m\libm.a(lib_a-e_pow.o)
 .debug_frame   0x000019c4       0x30 c:/program files (x86)/cypress/psoc creator/4.4/psoc creator/import/gnu/arm/5.4.1/bin/../lib/gcc/arm-none-eabi/5.4.1/../../../../arm-none-eabi/lib/armv7-m\libm.a(lib_a-e_sqrt.o)
 .debug_frame   0x000019f4       0x20 c:/program files (x86)/cypress/psoc creator/4.4/psoc creator/import/gnu/arm/5.4.1/bin/../lib/gcc/arm-none-eabi/5.4.1/../../../../arm-none-eabi/lib/armv7-m\libm.a(lib_a-s_fabs.o)
 .debug_frame   0x00001a14       0x20 c:/program files (x86)/cypress/psoc creator/4.4/psoc creator/import/gnu/arm/5.4.1/bin/../lib/gcc/arm-none-eabi/5.4.1/../../../../arm-none-eabi/lib/armv7-m\libm.a(lib_a-s_finite.o)
 .debug_frame   0x00001a34       0x20 c:/program files (x86)/cypress/psoc creator/4.4/psoc creator/import/gnu/arm/5.4.1/bin/../lib/gcc/arm-none-eabi/5.4.1/../../../../arm-none-eabi/lib/armv7-m\libm.a(lib_a-s_matherr.o)
 .debug_frame   0x00001a54       0x20 c:/program files (x86)/cypress/psoc creator/4.4/psoc creator/import/gnu/arm/5.4.1/bin/../lib/gcc/arm-none-eabi/5.4.1/../../../../arm-none-eabi/lib/armv7-m\libm.a(lib_a-s_nan.o)
 .debug_frame   0x00001a74       0x3c c:/program files (x86)/cypress/psoc creator/4.4/psoc creator/import/gnu/arm/5.4.1/bin/../lib/gcc/arm-none-eabi/5.4.1/../../../../arm-none-eabi/lib/armv7-m\libm.a(lib_a-s_rint.o)
 .debug_frame   0x00001ab0       0x30 c:/program files (x86)/cypress/psoc creator/4.4/psoc creator/import/gnu/arm/5.4.1/bin/../lib/gcc/arm-none-eabi/5.4.1/../../../../arm-none-eabi/lib/armv7-m\libm.a(lib_a-s_scalbn.o)
 .debug_frame   0x00001ae0       0x20 c:/program files (x86)/cypress/psoc creator/4.4/psoc creator/import/gnu/arm/5.4.1/bin/../lib/gcc/arm-none-eabi/5.4.1/../../../../arm-none-eabi/lib/armv7-m\libm.a(lib_a-s_copysign.o)
 .debug_frame   0x00001b00       0x20 c:/program files (x86)/cypress/psoc creator/4.4/psoc creator/import/gnu/arm/5.4.1/bin/../lib/gcc/arm-none-eabi/5.4.1/../../../../arm-none-eabi/lib/armv7-m\libg_nano.a(lib_a-errno.o)
 .debug_frame   0x00001b20       0x28 c:/program files (x86)/cypress/psoc creator/4.4/psoc creator/import/gnu/arm/5.4.1/bin/../lib/gcc/arm-none-eabi/5.4.1/../../../../arm-none-eabi/lib/armv7-m\libg_nano.a(lib_a-exit.o)
 .debug_frame   0x00001b48       0x2c c:/program files (x86)/cypress/psoc creator/4.4/psoc creator/import/gnu/arm/5.4.1/bin/../lib/gcc/arm-none-eabi/5.4.1/../../../../arm-none-eabi/lib/armv7-m\libg_nano.a(lib_a-init.o)
 .debug_frame   0x00001b74       0x28 c:/program files (x86)/cypress/psoc creator/4.4/psoc creator/import/gnu/arm/5.4.1/bin/../lib/gcc/arm-none-eabi/5.4.1/../../../../arm-none-eabi/lib/armv7-m\libg_nano.a(lib_a-memcpy-stub.o)
 .debug_frame   0x00001b9c       0x20 c:/program files (x86)/cypress/psoc creator/4.4/psoc creator/import/gnu/arm/5.4.1/bin/../lib/gcc/arm-none-eabi/5.4.1/../../../../arm-none-eabi/lib/armv7-m\libg_nano.a(lib_a-memset.o)
 .debug_frame   0x00001bbc       0x74 c:/program files (x86)/cypress/psoc creator/4.4/psoc creator/import/gnu/arm/5.4.1/bin/../lib/gcc/arm-none-eabi/5.4.1/../../../../arm-none-eabi/lib/armv7-m\libg_nano.a(lib_a-snprintf.o)
 .debug_frame   0x00001c30       0x70 c:/program files (x86)/cypress/psoc creator/4.4/psoc creator/import/gnu/arm/5.4.1/bin/../lib/gcc/arm-none-eabi/5.4.1/../../../../arm-none-eabi/lib/armv7-m\libg_nano.a(lib_a-sprintf.o)
 .debug_frame   0x00001ca0       0x90 c:/program files (x86)/cypress/psoc creator/4.4/psoc creator/import/gnu/arm/5.4.1/bin/../lib/gcc/arm-none-eabi/5.4.1/../../../../arm-none-eabi/lib/armv7-m\libg_nano.a(lib_a-nano-svfprintf.o)
 .debug_frame   0x00001d30       0x60 c:/program files (x86)/cypress/psoc creator/4.4/psoc creator/import/gnu/arm/5.4.1/bin/../lib/gcc/arm-none-eabi/5.4.1/../../../../arm-none-eabi/lib/armv7-m\libg_nano.a(lib_a-nano-vfprintf_i.o)
 .debug_frame   0x00001d90       0x28 c:/program files (x86)/cypress/psoc creator/4.4/psoc creator/import/gnu/arm/5.4.1/bin/../lib/gcc/arm-none-eabi/5.4.1/../../../../arm-none-eabi/lib/armv7-m\libg_nano.a(lib_a-memchr-stub.o)
 .debug_frame   0x00001db8       0x28 c:/program files (x86)/cypress/psoc creator/4.4/psoc creator/import/gnu/arm/5.4.1/bin/../lib/gcc/arm-none-eabi/5.4.1/../../../../arm-none-eabi/lib/armv7-m\libg_nano.a(lib_a-memmove.o)
 .debug_frame   0x00001de0       0x38 c:/program files (x86)/cypress/psoc creator/4.4/psoc creator/import/gnu/arm/5.4.1/bin/../lib/gcc/arm-none-eabi/5.4.1/../../../../arm-none-eabi/lib/armv7-m\libg_nano.a(lib_a-nano-freer.o)
 .debug_frame   0x00001e18       0x2c c:/program files (x86)/cypress/psoc creator/4.4/psoc creator/import/gnu/arm/5.4.1/bin/../lib/gcc/arm-none-eabi/5.4.1/../../../../arm-none-eabi/lib/armv7-m\libg_nano.a(lib_a-nano-mallocr.o)
 .debug_frame   0x00001e44       0x3c c:/program files (x86)/cypress/psoc creator/4.4/psoc creator/import/gnu/arm/5.4.1/bin/../lib/gcc/arm-none-eabi/5.4.1/../../../../arm-none-eabi/lib/armv7-m\libg_nano.a(lib_a-nano-reallocr.o)
 .debug_frame   0x00001e80       0x2c c:/program files (x86)/cypress/psoc creator/4.4/psoc creator/import/gnu/arm/5.4.1/bin/../lib/gcc/arm-none-eabi/5.4.1/../../../../arm-none-eabi/lib/armv7-m\libg_nano.a(lib_a-sbrkr.o)
 .debug_frame   0x00001eac       0x30 c:/program files (x86)/cypress/psoc creator/4.4/psoc creator/import/gnu/arm/5.4.1/bin/../lib/gcc/arm-none-eabi/5.4.1/../../../../arm-none-eabi/lib/armv7-m\libg_nano.a(lib_a-mlock.o)
 .debug_frame   0x00001edc       0x20 c:/program files (x86)/cypress/psoc creator/4.4/psoc creator/import/gnu/arm/5.4.1/bin/../lib/gcc/arm-none-eabi/5.4.1/../../../../arm-none-eabi/lib/armv7-m\libg_nano.a(lib_a-nano-msizer.o)
 .debug_frame   0x00001efc       0x5c c:/program files (x86)/cypress/psoc creator/4.4/psoc creator/import/gnu/arm/5.4.1/bin/../lib/gcc/arm-none-eabi/5.4.1/../../../../arm-none-eabi/lib/armv7-m\libg_nano.a(lib_a-reent.o)

.debug_str      0x00000000     0x20eb
 *(.debug_str)
 .debug_str     0x00000000      0x45c .\CortexM3\ARM_GCC_541\Debug\main.o
                                0x4d3 (size before relaxing)
 .debug_str     0x0000045c      0x1d6 .\CortexM3\ARM_GCC_541\Debug\OLED_Driver.o
                                0x599 (size before relaxing)
 .debug_str     0x00000632      0x130 .\CortexM3\ARM_GCC_541\Debug\RTC_Driver.o
                                0x480 (size before relaxing)
 .debug_str     0x00000762       0x48 .\CortexM3\ARM_GCC_541\Debug\EEPROM_Driver.o
                                0x3f1 (size before relaxing)
 .debug_str     0x000007aa      0x1a8 .\CortexM3\ARM_GCC_541\Debug\cyfitter_cfg.o
                                0x395 (size before relaxing)
 .debug_str     0x00000952       0x75 .\CortexM3\ARM_GCC_541\Debug\cymetadata.o
                                0x235 (size before relaxing)
 .debug_str     0x000009c7      0x13f .\CortexM3\ARM_GCC_541\Debug\Cm3Start.o
                                0x35b (size before relaxing)
 .debug_str     0x00000b06      0x841 .\CortexM3\ARM_GCC_541\Debug\Project_design.a(CyLib.o)
                                0xa98 (size before relaxing)
 .debug_str     0x00001347      0x365 .\CortexM3\ARM_GCC_541\Debug\Project_design.a(cyPm.o)
                                0x784 (size before relaxing)
 .debug_str     0x000016ac      0x2c7 .\CortexM3\ARM_GCC_541\Debug\Project_design.a(UART_1.o)
                                0x504 (size before relaxing)
 .debug_str     0x00001973      0x197 .\CortexM3\ARM_GCC_541\Debug\Project_design.a(UART_1_IntClock.o)
                                0x39f (size before relaxing)
 .debug_str     0x00001b0a      0x11b .\CortexM3\ARM_GCC_541\Debug\Project_design.a(I2CMASTER.o)
                                0x37a (size before relaxing)
 .debug_str     0x00001c25       0xb0 .\CortexM3\ARM_GCC_541\Debug\Project_design.a(I2CMASTER_INT.o)
                                0x2f2 (size before relaxing)
 .debug_str     0x00001cd5       0x74 .\CortexM3\ARM_GCC_541\Debug\Project_design.a(I2CMASTER_PM.o)
                                0x304 (size before relaxing)
 .debug_str     0x00001d49      0x142 .\CortexM3\ARM_GCC_541\Debug\Project_design.a(I2CMASTER_MASTER.o)
                                0x47f (size before relaxing)
 .debug_str     0x00001e8b      0x1b4 .\CortexM3\ARM_GCC_541\Debug\Project_design.a(CyFlash.o)
                                0x411 (size before relaxing)
 .debug_str     0x0000203f       0xac .\CortexM3\ARM_GCC_541\Debug\Project_design.a(CySpc.o)
                                0x389 (size before relaxing)

.debug_loc      0x00000000     0x3893
 *(.debug_loc)
 .debug_loc     0x00000000       0xba .\CortexM3\ARM_GCC_541\Debug\main.o
 .debug_loc     0x000000ba      0xc84 .\CortexM3\ARM_GCC_541\Debug\OLED_Driver.o
 .debug_loc     0x00000d3e      0x5d6 .\CortexM3\ARM_GCC_541\Debug\RTC_Driver.o
 .debug_loc     0x00001314      0x1de .\CortexM3\ARM_GCC_541\Debug\EEPROM_Driver.o
 .debug_loc     0x000014f2      0x289 .\CortexM3\ARM_GCC_541\Debug\cyfitter_cfg.o
 .debug_loc     0x0000177b      0x144 .\CortexM3\ARM_GCC_541\Debug\Cm3Start.o
 .debug_loc     0x000018bf      0xa11 .\CortexM3\ARM_GCC_541\Debug\Project_design.a(CyLib.o)
 .debug_loc     0x000022d0      0x1e4 .\CortexM3\ARM_GCC_541\Debug\Project_design.a(cyPm.o)
 .debug_loc     0x000024b4      0x258 .\CortexM3\ARM_GCC_541\Debug\Project_design.a(UART_1.o)
 .debug_loc     0x0000270c      0x12c .\CortexM3\ARM_GCC_541\Debug\Project_design.a(UART_1_IntClock.o)
 .debug_loc     0x00002838       0x39 .\CortexM3\ARM_GCC_541\Debug\Project_design.a(I2CMASTER.o)
 .debug_loc     0x00002871       0x29 .\CortexM3\ARM_GCC_541\Debug\Project_design.a(I2CMASTER_INT.o)
 .debug_loc     0x0000289a       0x13 .\CortexM3\ARM_GCC_541\Debug\Project_design.a(I2CMASTER_PM.o)
 .debug_loc     0x000028ad      0x52f .\CortexM3\ARM_GCC_541\Debug\Project_design.a(I2CMASTER_MASTER.o)
 .debug_loc     0x00002ddc      0x3b2 .\CortexM3\ARM_GCC_541\Debug\Project_design.a(CyFlash.o)
 .debug_loc     0x0000318e      0x705 .\CortexM3\ARM_GCC_541\Debug\Project_design.a(CySpc.o)

.debug_macinfo
 *(.debug_macinfo)

.debug_ranges   0x00000000      0x8a0
 *(.debug_ranges)
 .debug_ranges  0x00000000       0x10 .\CortexM3\ARM_GCC_541\Debug\main.o
 .debug_ranges  0x00000010       0xe8 .\CortexM3\ARM_GCC_541\Debug\OLED_Driver.o
 .debug_ranges  0x000000f8       0xf0 .\CortexM3\ARM_GCC_541\Debug\RTC_Driver.o
 .debug_ranges  0x000001e8       0x28 .\CortexM3\ARM_GCC_541\Debug\EEPROM_Driver.o
 .debug_ranges  0x00000210       0x48 .\CortexM3\ARM_GCC_541\Debug\cyfitter_cfg.o
 .debug_ranges  0x00000258       0x38 .\CortexM3\ARM_GCC_541\Debug\Cm3Start.o
 .debug_ranges  0x00000290      0x290 .\CortexM3\ARM_GCC_541\Debug\Project_design.a(CyLib.o)
 .debug_ranges  0x00000520       0x88 .\CortexM3\ARM_GCC_541\Debug\Project_design.a(cyPm.o)
 .debug_ranges  0x000005a8       0xe0 .\CortexM3\ARM_GCC_541\Debug\Project_design.a(UART_1.o)
 .debug_ranges  0x00000688       0x60 .\CortexM3\ARM_GCC_541\Debug\Project_design.a(UART_1_IntClock.o)
 .debug_ranges  0x000006e8       0x28 .\CortexM3\ARM_GCC_541\Debug\Project_design.a(I2CMASTER.o)
 .debug_ranges  0x00000710       0x10 .\CortexM3\ARM_GCC_541\Debug\Project_design.a(I2CMASTER_INT.o)
 .debug_ranges  0x00000720       0x28 .\CortexM3\ARM_GCC_541\Debug\Project_design.a(I2CMASTER_PM.o)
 .debug_ranges  0x00000748       0x70 .\CortexM3\ARM_GCC_541\Debug\Project_design.a(I2CMASTER_MASTER.o)
 .debug_ranges  0x000007b8       0x78 .\CortexM3\ARM_GCC_541\Debug\Project_design.a(CyFlash.o)
 .debug_ranges  0x00000830       0x70 .\CortexM3\ARM_GCC_541\Debug\Project_design.a(CySpc.o)

.comment        0x00000000       0x6e
 .comment       0x00000000       0x6e .\CortexM3\ARM_GCC_541\Debug\main.o
                                 0x6f (size before relaxing)
 .comment       0x0000006e       0x6f .\CortexM3\ARM_GCC_541\Debug\OLED_Driver.o
 .comment       0x0000006e       0x6f .\CortexM3\ARM_GCC_541\Debug\RTC_Driver.o
 .comment       0x0000006e       0x6f .\CortexM3\ARM_GCC_541\Debug\EEPROM_Driver.o
 .comment       0x0000006e       0x6f .\CortexM3\ARM_GCC_541\Debug\cyfitter_cfg.o
 .comment       0x0000006e       0x6f .\CortexM3\ARM_GCC_541\Debug\cymetadata.o
 .comment       0x0000006e       0x6f .\CortexM3\ARM_GCC_541\Debug\Cm3Start.o
 .comment       0x0000006e       0x6f .\CortexM3\ARM_GCC_541\Debug\Project_design.a(CyLib.o)
 .comment       0x0000006e       0x6f .\CortexM3\ARM_GCC_541\Debug\Project_design.a(cyPm.o)
 .comment       0x0000006e       0x6f .\CortexM3\ARM_GCC_541\Debug\Project_design.a(UART_1.o)
 .comment       0x0000006e       0x6f .\CortexM3\ARM_GCC_541\Debug\Project_design.a(UART_1_IntClock.o)
 .comment       0x0000006e       0x6f .\CortexM3\ARM_GCC_541\Debug\Project_design.a(I2CMASTER.o)
 .comment       0x0000006e       0x6f .\CortexM3\ARM_GCC_541\Debug\Project_design.a(I2CMASTER_INT.o)
 .comment       0x0000006e       0x6f .\CortexM3\ARM_GCC_541\Debug\Project_design.a(I2CMASTER_PM.o)
 .comment       0x0000006e       0x6f .\CortexM3\ARM_GCC_541\Debug\Project_design.a(I2CMASTER_MASTER.o)
 .comment       0x0000006e       0x6f .\CortexM3\ARM_GCC_541\Debug\Project_design.a(CyFlash.o)
 .comment       0x0000006e       0x6f .\CortexM3\ARM_GCC_541\Debug\Project_design.a(CySpc.o)

.debug_weaknames
 *(.debug_weaknames)

.debug_funcnames
 *(.debug_funcnames)

.debug_typenames
 *(.debug_typenames)

.debug_varnames
 *(.debug_varnames)

.note.gnu.arm.ident
 *(.note.gnu.arm.ident)

.ARM.attributes
                0x00000000       0x29
 *(.ARM.attributes)
 .ARM.attributes
                0x00000000       0x1d c:/program files (x86)/cypress/psoc creator/4.4/psoc creator/import/gnu/arm/5.4.1/bin/../lib/gcc/arm-none-eabi/5.4.1/armv7-m/crti.o
 .ARM.attributes
                0x0000001d       0x2d c:/program files (x86)/cypress/psoc creator/4.4/psoc creator/import/gnu/arm/5.4.1/bin/../lib/gcc/arm-none-eabi/5.4.1/armv7-m/crtbegin.o
 .ARM.attributes
                0x0000004a       0x1b c:/program files (x86)/cypress/psoc creator/4.4/psoc creator/import/gnu/arm/5.4.1/bin/../lib/gcc/arm-none-eabi/5.4.1/../../../../arm-none-eabi/lib/armv7-m/crt0.o
 .ARM.attributes
                0x00000065       0x33 .\CortexM3\ARM_GCC_541\Debug\main.o
 .ARM.attributes
                0x00000098       0x33 .\CortexM3\ARM_GCC_541\Debug\OLED_Driver.o
 .ARM.attributes
                0x000000cb       0x33 .\CortexM3\ARM_GCC_541\Debug\RTC_Driver.o
 .ARM.attributes
                0x000000fe       0x33 .\CortexM3\ARM_GCC_541\Debug\EEPROM_Driver.o
 .ARM.attributes
                0x00000131       0x33 .\CortexM3\ARM_GCC_541\Debug\cyfitter_cfg.o
 .ARM.attributes
                0x00000164       0x33 .\CortexM3\ARM_GCC_541\Debug\cymetadata.o
 .ARM.attributes
                0x00000197       0x33 .\CortexM3\ARM_GCC_541\Debug\Cm3Start.o
 .ARM.attributes
                0x000001ca       0x33 .\CortexM3\ARM_GCC_541\Debug\Project_design.a(CyLib.o)
 .ARM.attributes
                0x000001fd       0x33 .\CortexM3\ARM_GCC_541\Debug\Project_design.a(cyPm.o)
 .ARM.attributes
                0x00000230       0x33 .\CortexM3\ARM_GCC_541\Debug\Project_design.a(UART_1.o)
 .ARM.attributes
                0x00000263       0x33 .\CortexM3\ARM_GCC_541\Debug\Project_design.a(UART_1_IntClock.o)
 .ARM.attributes
                0x00000296       0x33 .\CortexM3\ARM_GCC_541\Debug\Project_design.a(I2CMASTER.o)
 .ARM.attributes
                0x000002c9       0x33 .\CortexM3\ARM_GCC_541\Debug\Project_design.a(I2CMASTER_INT.o)
 .ARM.attributes
                0x000002fc       0x33 .\CortexM3\ARM_GCC_541\Debug\Project_design.a(I2CMASTER_PM.o)
 .ARM.attributes
                0x0000032f       0x33 .\CortexM3\ARM_GCC_541\Debug\Project_design.a(I2CMASTER_MASTER.o)
 .ARM.attributes
                0x00000362       0x21 .\CortexM3\ARM_GCC_541\Debug\Project_design.a(CyBootAsmGnu.o)
 .ARM.attributes
                0x00000383       0x33 .\CortexM3\ARM_GCC_541\Debug\Project_design.a(CyFlash.o)
 .ARM.attributes
                0x000003b6       0x33 .\CortexM3\ARM_GCC_541\Debug\Project_design.a(CySpc.o)
 .ARM.attributes
                0x000003e9       0x2d c:/program files (x86)/cypress/psoc creator/4.4/psoc creator/import/gnu/arm/5.4.1/bin/../lib/gcc/arm-none-eabi/5.4.1/../../../../arm-none-eabi/lib/armv7-m\libm.a(lib_a-w_pow.o)
 .ARM.attributes
                0x00000416       0x2d c:/program files (x86)/cypress/psoc creator/4.4/psoc creator/import/gnu/arm/5.4.1/bin/../lib/gcc/arm-none-eabi/5.4.1/../../../../arm-none-eabi/lib/armv7-m\libm.a(lib_a-e_pow.o)
 .ARM.attributes
                0x00000443       0x2d c:/program files (x86)/cypress/psoc creator/4.4/psoc creator/import/gnu/arm/5.4.1/bin/../lib/gcc/arm-none-eabi/5.4.1/../../../../arm-none-eabi/lib/armv7-m\libm.a(lib_a-e_sqrt.o)
 .ARM.attributes
                0x00000470       0x2d c:/program files (x86)/cypress/psoc creator/4.4/psoc creator/import/gnu/arm/5.4.1/bin/../lib/gcc/arm-none-eabi/5.4.1/../../../../arm-none-eabi/lib/armv7-m\libm.a(lib_a-s_fabs.o)
 .ARM.attributes
                0x0000049d       0x2d c:/program files (x86)/cypress/psoc creator/4.4/psoc creator/import/gnu/arm/5.4.1/bin/../lib/gcc/arm-none-eabi/5.4.1/../../../../arm-none-eabi/lib/armv7-m\libm.a(lib_a-s_finite.o)
 .ARM.attributes
                0x000004ca       0x2d c:/program files (x86)/cypress/psoc creator/4.4/psoc creator/import/gnu/arm/5.4.1/bin/../lib/gcc/arm-none-eabi/5.4.1/../../../../arm-none-eabi/lib/armv7-m\libm.a(lib_a-s_lib_ver.o)
 .ARM.attributes
                0x000004f7       0x2d c:/program files (x86)/cypress/psoc creator/4.4/psoc creator/import/gnu/arm/5.4.1/bin/../lib/gcc/arm-none-eabi/5.4.1/../../../../arm-none-eabi/lib/armv7-m\libm.a(lib_a-s_matherr.o)
 .ARM.attributes
                0x00000524       0x2d c:/program files (x86)/cypress/psoc creator/4.4/psoc creator/import/gnu/arm/5.4.1/bin/../lib/gcc/arm-none-eabi/5.4.1/../../../../arm-none-eabi/lib/armv7-m\libm.a(lib_a-s_nan.o)
 .ARM.attributes
                0x00000551       0x2d c:/program files (x86)/cypress/psoc creator/4.4/psoc creator/import/gnu/arm/5.4.1/bin/../lib/gcc/arm-none-eabi/5.4.1/../../../../arm-none-eabi/lib/armv7-m\libm.a(lib_a-s_rint.o)
 .ARM.attributes
                0x0000057e       0x2d c:/program files (x86)/cypress/psoc creator/4.4/psoc creator/import/gnu/arm/5.4.1/bin/../lib/gcc/arm-none-eabi/5.4.1/../../../../arm-none-eabi/lib/armv7-m\libm.a(lib_a-s_scalbn.o)
 .ARM.attributes
                0x000005ab       0x2d c:/program files (x86)/cypress/psoc creator/4.4/psoc creator/import/gnu/arm/5.4.1/bin/../lib/gcc/arm-none-eabi/5.4.1/../../../../arm-none-eabi/lib/armv7-m\libm.a(lib_a-s_copysign.o)
 .ARM.attributes
                0x000005d8       0x1d c:/program files (x86)/cypress/psoc creator/4.4/psoc creator/import/gnu/arm/5.4.1/bin/../lib/gcc/arm-none-eabi/5.4.1/armv7-m\libgcc.a(_arm_addsubdf3.o)
 .ARM.attributes
                0x000005f5       0x1d c:/program files (x86)/cypress/psoc creator/4.4/psoc creator/import/gnu/arm/5.4.1/bin/../lib/gcc/arm-none-eabi/5.4.1/armv7-m\libgcc.a(_arm_muldivdf3.o)
 .ARM.attributes
                0x00000612       0x1d c:/program files (x86)/cypress/psoc creator/4.4/psoc creator/import/gnu/arm/5.4.1/bin/../lib/gcc/arm-none-eabi/5.4.1/armv7-m\libgcc.a(_arm_cmpdf2.o)
 .ARM.attributes
                0x0000062f       0x1d c:/program files (x86)/cypress/psoc creator/4.4/psoc creator/import/gnu/arm/5.4.1/bin/../lib/gcc/arm-none-eabi/5.4.1/armv7-m\libgcc.a(_arm_unorddf2.o)
 .ARM.attributes
                0x0000064c       0x1d c:/program files (x86)/cypress/psoc creator/4.4/psoc creator/import/gnu/arm/5.4.1/bin/../lib/gcc/arm-none-eabi/5.4.1/armv7-m\libgcc.a(_arm_fixunsdfsi.o)
 .ARM.attributes
                0x00000669       0x2d c:/program files (x86)/cypress/psoc creator/4.4/psoc creator/import/gnu/arm/5.4.1/bin/../lib/gcc/arm-none-eabi/5.4.1/../../../../arm-none-eabi/lib/armv7-m\libg_nano.a(lib_a-errno.o)
 .ARM.attributes
                0x00000696       0x2d c:/program files (x86)/cypress/psoc creator/4.4/psoc creator/import/gnu/arm/5.4.1/bin/../lib/gcc/arm-none-eabi/5.4.1/../../../../arm-none-eabi/lib/armv7-m\libg_nano.a(lib_a-exit.o)
 .ARM.attributes
                0x000006c3       0x2d c:/program files (x86)/cypress/psoc creator/4.4/psoc creator/import/gnu/arm/5.4.1/bin/../lib/gcc/arm-none-eabi/5.4.1/../../../../arm-none-eabi/lib/armv7-m\libg_nano.a(lib_a-impure.o)
 .ARM.attributes
                0x000006f0       0x2d c:/program files (x86)/cypress/psoc creator/4.4/psoc creator/import/gnu/arm/5.4.1/bin/../lib/gcc/arm-none-eabi/5.4.1/../../../../arm-none-eabi/lib/armv7-m\libg_nano.a(lib_a-init.o)
 .ARM.attributes
                0x0000071d       0x2d c:/program files (x86)/cypress/psoc creator/4.4/psoc creator/import/gnu/arm/5.4.1/bin/../lib/gcc/arm-none-eabi/5.4.1/../../../../arm-none-eabi/lib/armv7-m\libg_nano.a(lib_a-memcpy-stub.o)
 .ARM.attributes
                0x0000074a       0x2d c:/program files (x86)/cypress/psoc creator/4.4/psoc creator/import/gnu/arm/5.4.1/bin/../lib/gcc/arm-none-eabi/5.4.1/../../../../arm-none-eabi/lib/armv7-m\libg_nano.a(lib_a-memset.o)
 .ARM.attributes
                0x00000777       0x2d c:/program files (x86)/cypress/psoc creator/4.4/psoc creator/import/gnu/arm/5.4.1/bin/../lib/gcc/arm-none-eabi/5.4.1/../../../../arm-none-eabi/lib/armv7-m\libg_nano.a(lib_a-snprintf.o)
 .ARM.attributes
                0x000007a4       0x2d c:/program files (x86)/cypress/psoc creator/4.4/psoc creator/import/gnu/arm/5.4.1/bin/../lib/gcc/arm-none-eabi/5.4.1/../../../../arm-none-eabi/lib/armv7-m\libg_nano.a(lib_a-sprintf.o)
 .ARM.attributes
                0x000007d1       0x17 c:/program files (x86)/cypress/psoc creator/4.4/psoc creator/import/gnu/arm/5.4.1/bin/../lib/gcc/arm-none-eabi/5.4.1/../../../../arm-none-eabi/lib/armv7-m\libg_nano.a(lib_a-strlen.o)
 .ARM.attributes
                0x000007e8       0x2d c:/program files (x86)/cypress/psoc creator/4.4/psoc creator/import/gnu/arm/5.4.1/bin/../lib/gcc/arm-none-eabi/5.4.1/../../../../arm-none-eabi/lib/armv7-m\libg_nano.a(lib_a-nano-svfprintf.o)
 .ARM.attributes
                0x00000815       0x2d c:/program files (x86)/cypress/psoc creator/4.4/psoc creator/import/gnu/arm/5.4.1/bin/../lib/gcc/arm-none-eabi/5.4.1/../../../../arm-none-eabi/lib/armv7-m\libg_nano.a(lib_a-nano-vfprintf_i.o)
 .ARM.attributes
                0x00000842       0x2d c:/program files (x86)/cypress/psoc creator/4.4/psoc creator/import/gnu/arm/5.4.1/bin/../lib/gcc/arm-none-eabi/5.4.1/../../../../arm-none-eabi/lib/armv7-m\libg_nano.a(lib_a-memchr-stub.o)
 .ARM.attributes
                0x0000086f       0x2d c:/program files (x86)/cypress/psoc creator/4.4/psoc creator/import/gnu/arm/5.4.1/bin/../lib/gcc/arm-none-eabi/5.4.1/../../../../arm-none-eabi/lib/armv7-m\libg_nano.a(lib_a-memmove.o)
 .ARM.attributes
                0x0000089c       0x2d c:/program files (x86)/cypress/psoc creator/4.4/psoc creator/import/gnu/arm/5.4.1/bin/../lib/gcc/arm-none-eabi/5.4.1/../../../../arm-none-eabi/lib/armv7-m\libg_nano.a(lib_a-nano-freer.o)
 .ARM.attributes
                0x000008c9       0x2d c:/program files (x86)/cypress/psoc creator/4.4/psoc creator/import/gnu/arm/5.4.1/bin/../lib/gcc/arm-none-eabi/5.4.1/../../../../arm-none-eabi/lib/armv7-m\libg_nano.a(lib_a-nano-mallocr.o)
 .ARM.attributes
                0x000008f6       0x2d c:/program files (x86)/cypress/psoc creator/4.4/psoc creator/import/gnu/arm/5.4.1/bin/../lib/gcc/arm-none-eabi/5.4.1/../../../../arm-none-eabi/lib/armv7-m\libg_nano.a(lib_a-nano-reallocr.o)
 .ARM.attributes
                0x00000923       0x2d c:/program files (x86)/cypress/psoc creator/4.4/psoc creator/import/gnu/arm/5.4.1/bin/../lib/gcc/arm-none-eabi/5.4.1/../../../../arm-none-eabi/lib/armv7-m\libg_nano.a(lib_a-sbrkr.o)
 .ARM.attributes
                0x00000950       0x2d c:/program files (x86)/cypress/psoc creator/4.4/psoc creator/import/gnu/arm/5.4.1/bin/../lib/gcc/arm-none-eabi/5.4.1/../../../../arm-none-eabi/lib/armv7-m\libg_nano.a(lib_a-mlock.o)
 .ARM.attributes
                0x0000097d       0x2d c:/program files (x86)/cypress/psoc creator/4.4/psoc creator/import/gnu/arm/5.4.1/bin/../lib/gcc/arm-none-eabi/5.4.1/../../../../arm-none-eabi/lib/armv7-m\libg_nano.a(lib_a-nano-msizer.o)
 .ARM.attributes
                0x000009aa       0x2d c:/program files (x86)/cypress/psoc creator/4.4/psoc creator/import/gnu/arm/5.4.1/bin/../lib/gcc/arm-none-eabi/5.4.1/../../../../arm-none-eabi/lib/armv7-m\libg_nano.a(lib_a-reent.o)
 .ARM.attributes
                0x000009d7       0x2d c:/program files (x86)/cypress/psoc creator/4.4/psoc creator/import/gnu/arm/5.4.1/bin/../lib/gcc/arm-none-eabi/5.4.1/armv7-m/crtend.o
 .ARM.attributes
                0x00000a04       0x1d c:/program files (x86)/cypress/psoc creator/4.4/psoc creator/import/gnu/arm/5.4.1/bin/../lib/gcc/arm-none-eabi/5.4.1/armv7-m/crtn.o

/DISCARD/
 *(.note.GNU-stack)
OUTPUT(C:\Users\lucac\Desktop\Luca\PoliMi\Magistrale\II anno\Electronic technologies and biosensors laboratory\Projects\Project_ETBL\Project_design.cydsn\CortexM3\ARM_GCC_541\Debug\Project_design.elf elf32-littlearm)
